../Core/Src/main.c:238:7:raw_to_float	16	static
../Core/Src/main.c:242:6:HAL_UARTEx_RxEventCallback	16	static
../Core/Src/main.c:250:6:USB_RXCallback	16	static
../Core/Src/main.c:268:5:main	8	static
../Core/Src/main.c:391:6:SystemClock_Config	120	static
../Core/Src/main.c:452:13:MX_ADC1_Init	48	static
../Core/Src/main.c:525:13:MX_FDCAN1_Init	8	static
../Core/Src/main.c:578:13:MX_TIM1_Init	40	static
../Core/Src/main.c:625:13:MX_TIM2_Init	40	static
../Core/Src/main.c:671:6:MX_UART4_Init	16	static
../Core/Src/main.c:720:13:MX_USB_OTG_HS_PCD_Init	8	static
../Core/Src/main.c:754:13:MX_DMA_Init	16	static
../Core/Src/main.c:775:13:MX_GPIO_Init	48	static
../Core/Src/main.c:845:6:Default	16	static
../Core/Src/main.c:865:6:Bq_comm	440	static
../Core/Src/main.c:1170:6:Safety	32	static
../Core/Src/main.c:1214:6:Led	272	static
../Core/Src/main.c:1268:6:StartTask05	16	static
../Core/Src/main.c:1294:6:Usb	416	static
../Core/Src/main.c:1544:6:MPU_Config	24	static
../Core/Src/main.c:1579:6:HAL_TIM_PeriodElapsedCallback	16	static
../Core/Src/main.c:1596:6:Error_Handler	4	static,ignoring_inline_asm
