../Core/Src/main.c:245:7:raw_to_float	16	static
../Core/Src/main.c:249:6:HAL_UARTEx_RxEventCallback	16	static
../Core/Src/main.c:257:6:USB_RXCallback	16	static
../Core/Src/main.c:263:5:voltage_to_temperature	16	static
../Core/Src/main.c:271:5:voltage_to_temperature2	16	static
../Core/Src/main.c:291:5:main	8	static
../Core/Src/main.c:414:6:SystemClock_Config	120	static
../Core/Src/main.c:475:13:MX_ADC1_Init	48	static
../Core/Src/main.c:548:13:MX_FDCAN1_Init	8	static
../Core/Src/main.c:601:13:MX_TIM1_Init	40	static
../Core/Src/main.c:648:13:MX_TIM2_Init	40	static
../Core/Src/main.c:694:6:MX_UART4_Init	16	static
../Core/Src/main.c:743:13:MX_USB_OTG_HS_PCD_Init	8	static
../Core/Src/main.c:777:13:MX_DMA_Init	16	static
../Core/Src/main.c:798:13:MX_GPIO_Init	48	static
../Core/Src/main.c:868:6:Default	16	static
../Core/Src/main.c:888:6:Bq_comm	448	static
../Core/Src/main.c:1152:6:Safety	32	static
../Core/Src/main.c:1196:6:Led	336	static
../Core/Src/main.c:1250:6:StartTask05	320	static
../Core/Src/main.c:1277:6:Usb	480	static
../Core/Src/main.c:1548:6:MPU_Config	24	static
../Core/Src/main.c:1583:6:HAL_TIM_PeriodElapsedCallback	16	static
../Core/Src/main.c:1600:6:Error_Handler	4	static,ignoring_inline_asm
