../Core/Src/main.c:135:5:main	24	static,ignoring_inline_asm
../Core/Src/main.c:215:6:SystemClock_Config	120	static
../Core/Src/main.c:253:13:MX_ADC1_Init	48	static
../Core/Src/main.c:297:13:MX_HRTIM_Init	112	static
../Core/Src/main.c:349:13:MX_LPTIM1_Init	8	static
../Core/Src/main.c:369:13:MX_LPTIM2_Init	8	static
../Core/Src/main.c:389:13:MX_LPTIM3_Init	8	static
../Core/Src/main.c:408:13:MX_LPTIM4_Init	8	static
../Core/Src/main.c:426:13:MX_LPTIM5_Init	8	static
../Core/Src/main.c:444:13:MX_TIM2_Init	40	static
../Core/Src/main.c:473:13:MX_UART4_Init	8	static
../Core/Src/main.c:493:13:MX_GPIO_Init	48	static
../Core/Src/main.c:560:6:StartDefaultTask	16	static
../Core/Src/main.c:579:6:StartTask02	24	static
../Core/Src/main.c:602:6:StartTask03	16	static
../Core/Src/main.c:625:6:bq_test_task	32	static
../Core/Src/main.c:676:6:HAL_TIM_PeriodElapsedCallback	16	static
../Core/Src/main.c:687:6:Error_Handler	4	static
