../Core/Src/main.c:132:6:USB_RXCallback	16	static
../Core/Src/main.c:168:5:main	16	static
../Core/Src/main.c:235:6:SystemClock_Config	120	static
../Core/Src/main.c:296:13:MX_ADC1_Init	48	static
../Core/Src/main.c:365:13:MX_FDCAN1_Init	8	static
../Core/Src/main.c:418:13:MX_TIM1_Init	40	static
../Core/Src/main.c:465:13:MX_TIM2_Init	40	static
../Core/Src/main.c:511:6:MX_UART4_Init	16	static
../Core/Src/main.c:560:13:MX_USB_OTG_HS_PCD_Init	8	static
../Core/Src/main.c:594:13:MX_DMA_Init	16	static
../Core/Src/main.c:615:13:MX_GPIO_Init	48	static
../Core/Src/main.c:675:6:BQ_INNIT	32	static
../Core/Src/main.c:717:6:BQ_COMM	136	static
../Core/Src/main.c:940:6:Usb_COMM	104	static
../Core/Src/main.c:1209:8:Safety	24	static
../Core/Src/main.c:1287:8:Led	8	static
../Core/Src/main.c:1315:8:Send_USB_Message	24	static
../Core/Src/main.c:1343:6:MPU_Config	24	static
../Core/Src/main.c:1378:6:HAL_TIM_PeriodElapsedCallback	16	static
../Core/Src/main.c:1396:6:Error_Handler	4	static,ignoring_inline_asm
