../Core/Src/main.c:145:6:USB_RXCallback	16	static
../Core/Src/main.c:181:5:main	16	static
../Core/Src/main.c:261:6:SystemClock_Config	120	static
../Core/Src/main.c:322:13:MX_ADC1_Init	48	static
../Core/Src/main.c:391:13:MX_FDCAN1_Init	8	static
../Core/Src/main.c:444:13:MX_TIM1_Init	40	static
../Core/Src/main.c:491:13:MX_TIM2_Init	40	static
../Core/Src/main.c:537:6:MX_UART4_Init	16	static
../Core/Src/main.c:586:13:MX_USB_OTG_HS_PCD_Init	8	static
../Core/Src/main.c:620:13:MX_DMA_Init	16	static
../Core/Src/main.c:641:13:MX_GPIO_Init	48	static
../Core/Src/main.c:701:6:BQ_INNIT	32	static
../Core/Src/main.c:743:6:BQ_COMM	136	static
../Core/Src/main.c:960:6:Usb_COMM	104	static
../Core/Src/main.c:1233:7:convert_adc_to_current	16	static
../Core/Src/main.c:1237:8:Safety	16	static
../Core/Src/main.c:1321:8:Led	8	static
../Core/Src/main.c:1356:8:Send_USB_Message	24	static
../Core/Src/main.c:1384:6:MPU_Config	24	static
../Core/Src/main.c:1419:6:HAL_TIM_PeriodElapsedCallback	16	static
../Core/Src/main.c:1437:6:Error_Handler	4	static,ignoring_inline_asm
