../Core/Src/main.c:139:6:USB_RXCallback	16	static
../Core/Src/main.c:175:5:main	16	static
../Core/Src/main.c:257:6:SystemClock_Config	120	static
../Core/Src/main.c:318:13:MX_ADC1_Init	48	static
../Core/Src/main.c:387:13:MX_FDCAN1_Init	8	static
../Core/Src/main.c:440:13:MX_TIM1_Init	40	static
../Core/Src/main.c:487:13:MX_TIM2_Init	40	static
../Core/Src/main.c:533:6:MX_UART4_Init	16	static
../Core/Src/main.c:582:13:MX_USB_OTG_HS_PCD_Init	8	static
../Core/Src/main.c:616:13:MX_DMA_Init	16	static
../Core/Src/main.c:637:13:MX_GPIO_Init	48	static
../Core/Src/main.c:697:6:BQ_INNIT	32	static
../Core/Src/main.c:739:6:BQ_COMM	136	static
../Core/Src/main.c:962:6:Usb_COMM	104	static
../Core/Src/main.c:1231:7:convert_adc_to_current	16	static
../Core/Src/main.c:1235:8:Safety	24	static
../Core/Src/main.c:1313:8:Led	8	static
../Core/Src/main.c:1341:8:Send_USB_Message	24	static
../Core/Src/main.c:1369:6:MPU_Config	24	static
../Core/Src/main.c:1404:6:HAL_TIM_PeriodElapsedCallback	16	static
../Core/Src/main.c:1422:6:Error_Handler	4	static,ignoring_inline_asm
