../Core/Src/main.c:167:7:USB_RXCallback	1
../Core/Src/main.c:255:5:main	1
../Core/Src/main.c:378:6:SystemClock_Config	4
../Core/Src/main.c:439:13:MX_ADC1_Init	5
../Core/Src/main.c:512:13:MX_FDCAN1_Init	2
../Core/Src/main.c:565:13:MX_TIM1_Init	4
../Core/Src/main.c:612:13:MX_TIM2_Init	4
../Core/Src/main.c:658:6:MX_UART4_Init	5
../Core/Src/main.c:707:13:MX_USB_OTG_HS_PCD_Init	2
../Core/Src/main.c:741:13:MX_DMA_Init	1
../Core/Src/main.c:762:13:MX_GPIO_Init	1
../Core/Src/main.c:832:6:Default	1
../Core/Src/main.c:852:6:Bq_comm	31
../Core/Src/main.c:1180:6:Safety	5
../Core/Src/main.c:1224:6:Led	4
../Core/Src/main.c:1278:6:StartTask05	2
../Core/Src/main.c:1306:6:Usb	70
../Core/Src/main.c:1638:6:MPU_Config	1
../Core/Src/main.c:1673:6:HAL_TIM_PeriodElapsedCallback	2
../Core/Src/main.c:1690:6:Error_Handler	1
