../Core/Src/main.c:133:6:USB_RXCallback	16	static
../Core/Src/main.c:169:5:main	16	static
../Core/Src/main.c:233:6:SystemClock_Config	120	static
../Core/Src/main.c:294:13:MX_ADC1_Init	48	static
../Core/Src/main.c:363:13:MX_FDCAN1_Init	8	static
../Core/Src/main.c:416:13:MX_TIM1_Init	40	static
../Core/Src/main.c:463:13:MX_TIM2_Init	40	static
../Core/Src/main.c:509:6:MX_UART4_Init	16	static
../Core/Src/main.c:558:13:MX_USB_OTG_HS_PCD_Init	8	static
../Core/Src/main.c:592:13:MX_DMA_Init	16	static
../Core/Src/main.c:613:13:MX_GPIO_Init	48	static
../Core/Src/main.c:673:6:BQ_INNIT	24	static
../Core/Src/main.c:714:6:BQ_COMM	136	static
../Core/Src/main.c:941:6:Usb_COMM	104	static
../Core/Src/main.c:1267:6:MPU_Config	24	static
../Core/Src/main.c:1302:6:HAL_TIM_PeriodElapsedCallback	16	static
../Core/Src/main.c:1320:6:Error_Handler	4	static,ignoring_inline_asm
