../Core/Src/main.c:83:5:main	24	static,ignoring_inline_asm
../Core/Src/main.c:147:6:SystemClock_Config	120	static
../Core/Src/main.c:202:13:MX_ADC1_Init	48	static
../Core/Src/main.c:275:13:MX_HRTIM_Init	112	static
../Core/Src/main.c:347:13:MX_LPTIM1_Init	8	static
../Core/Src/main.c:381:13:MX_LPTIM2_Init	8	static
../Core/Src/main.c:415:13:MX_LPTIM3_Init	8	static
../Core/Src/main.c:448:13:MX_LPTIM4_Init	8	static
../Core/Src/main.c:480:13:MX_LPTIM5_Init	8	static
../Core/Src/main.c:512:13:MX_TIM2_Init	40	static
../Core/Src/main.c:557:13:MX_GPIO_Init	48	static
../Core/Src/main.c:629:6:Error_Handler	4	static,ignoring_inline_asm
