../Core/Src/main.c:190:7:gpio_ratio_to_celsius	72	static
../Core/Src/main.c:247:7:raw_to_float	16	static
../Core/Src/main.c:251:6:HAL_UARTEx_RxEventCallback	16	static
../Core/Src/main.c:259:6:USB_RXCallback	16	static
../Core/Src/main.c:277:5:main	8	static
../Core/Src/main.c:400:6:SystemClock_Config	120	static
../Core/Src/main.c:461:13:MX_ADC1_Init	48	static
../Core/Src/main.c:534:13:MX_FDCAN1_Init	8	static
../Core/Src/main.c:587:13:MX_TIM1_Init	40	static
../Core/Src/main.c:634:13:MX_TIM2_Init	40	static
../Core/Src/main.c:680:6:MX_UART4_Init	16	static
../Core/Src/main.c:729:13:MX_USB_OTG_HS_PCD_Init	8	static
../Core/Src/main.c:763:13:MX_DMA_Init	16	static
../Core/Src/main.c:784:13:MX_GPIO_Init	48	static
../Core/Src/main.c:854:6:Default	16	static
../Core/Src/main.c:874:6:Bq_comm	296	static
../Core/Src/main.c:1117:6:Safety	32	static
../Core/Src/main.c:1160:6:Led	144	static
../Core/Src/main.c:1213:6:StartTask05	16	static
../Core/Src/main.c:1239:6:Usb	312	static
../Core/Src/main.c:1350:6:MPU_Config	24	static
../Core/Src/main.c:1385:6:HAL_TIM_PeriodElapsedCallback	16	static
../Core/Src/main.c:1402:6:Error_Handler	4	static,ignoring_inline_asm
