../Core/Src/SEGGER_RTT.c:342:13:_DoInit	16	static,ignoring_inline_asm
../Core/Src/SEGGER_RTT.c:422:17:_WriteBlocking	48	static,ignoring_inline_asm
../Core/Src/SEGGER_RTT.c:493:13:_WriteNoCheck	40	static,ignoring_inline_asm
../Core/Src/SEGGER_RTT.c:570:13:_PostTerminalSwitch	24	static
../Core/Src/SEGGER_RTT.c:594:17:_GetAvailWriteSpace	32	static
../Core/Src/SEGGER_RTT.c:642:10:SEGGER_RTT_ReadUpBufferNoLock	56	static
../Core/Src/SEGGER_RTT.c:743:10:SEGGER_RTT_ReadNoLock	56	static
../Core/Src/SEGGER_RTT.c:850:10:SEGGER_RTT_ReadUpBuffer	32	static,ignoring_inline_asm
../Core/Src/SEGGER_RTT.c:885:10:SEGGER_RTT_Read	32	static,ignoring_inline_asm
../Core/Src/SEGGER_RTT.c:926:6:SEGGER_RTT_WriteWithOverwriteNoLock	40	static,ignoring_inline_asm
../Core/Src/SEGGER_RTT.c:1160:10:SEGGER_RTT_WriteDownBufferNoLock	40	static
../Core/Src/SEGGER_RTT.c:1247:10:SEGGER_RTT_WriteNoLock	40	static
../Core/Src/SEGGER_RTT.c:1333:10:SEGGER_RTT_WriteDownBuffer	40	static,ignoring_inline_asm
../Core/Src/SEGGER_RTT.c:1365:10:SEGGER_RTT_Write	40	static,ignoring_inline_asm
../Core/Src/SEGGER_RTT.c:1397:10:SEGGER_RTT_WriteString	24	static
../Core/Src/SEGGER_RTT.c:1427:10:SEGGER_RTT_PutCharSkipNoLock	32	static,ignoring_inline_asm
../Core/Src/SEGGER_RTT.c:1487:10:SEGGER_RTT_PutCharSkip	40	static,ignoring_inline_asm
../Core/Src/SEGGER_RTT.c:1555:10:SEGGER_RTT_PutChar	40	static,ignoring_inline_asm
../Core/Src/SEGGER_RTT.c:1627:5:SEGGER_RTT_GetKey	16	static
../Core/Src/SEGGER_RTT.c:1655:5:SEGGER_RTT_WaitKey	16	static
../Core/Src/SEGGER_RTT.c:1679:5:SEGGER_RTT_HasKey	24	static
../Core/Src/SEGGER_RTT.c:1715:10:SEGGER_RTT_HasData	24	static
../Core/Src/SEGGER_RTT.c:1744:10:SEGGER_RTT_HasDataUp	24	static
../Core/Src/SEGGER_RTT.c:1782:5:SEGGER_RTT_AllocDownBuffer	40	static,ignoring_inline_asm
../Core/Src/SEGGER_RTT.c:1845:5:SEGGER_RTT_AllocUpBuffer	40	static,ignoring_inline_asm
../Core/Src/SEGGER_RTT.c:1914:5:SEGGER_RTT_ConfigUpBuffer	48	static,ignoring_inline_asm
../Core/Src/SEGGER_RTT.c:1979:5:SEGGER_RTT_ConfigDownBuffer	48	static,ignoring_inline_asm
../Core/Src/SEGGER_RTT.c:2035:5:SEGGER_RTT_SetNameUpBuffer	40	static,ignoring_inline_asm
../Core/Src/SEGGER_RTT.c:2079:5:SEGGER_RTT_SetNameDownBuffer	40	static,ignoring_inline_asm
../Core/Src/SEGGER_RTT.c:2125:5:SEGGER_RTT_SetFlagsUpBuffer	40	static,ignoring_inline_asm
../Core/Src/SEGGER_RTT.c:2171:5:SEGGER_RTT_SetFlagsDownBuffer	40	static,ignoring_inline_asm
../Core/Src/SEGGER_RTT.c:2208:6:SEGGER_RTT_Init	8	static
../Core/Src/SEGGER_RTT.c:2229:5:SEGGER_RTT_SetTerminal	40	static,ignoring_inline_asm
../Core/Src/SEGGER_RTT.c:2293:5:SEGGER_RTT_TerminalOut	40	static,ignoring_inline_asm
../Core/Src/SEGGER_RTT.c:2392:10:SEGGER_RTT_GetAvailWriteSpace	24	static
../Core/Src/SEGGER_RTT.c:2419:10:SEGGER_RTT_GetBytesInBuffer	32	static
