Archive member included to satisfy reference by file (symbol)

C:/ST/STM32CubeIDE_1.16.1/STM32CubeIDE/plugins/com.st.stm32cube.ide.mcu.externaltools.gnu-tools-for-stm32.12.3.rel1.win32_1.0.200.202406191623/tools/bin/../lib/gcc/arm-none-eabi/12.3.1/../../../../arm-none-eabi/lib/thumb/v7e-m+dp/hard\libc_nano.a(libc_a-exit.o)
                              C:/ST/STM32CubeIDE_1.16.1/STM32CubeIDE/plugins/com.st.stm32cube.ide.mcu.externaltools.gnu-tools-for-stm32.12.3.rel1.win32_1.0.200.202406191623/tools/bin/../lib/gcc/arm-none-eabi/12.3.1/../../../../arm-none-eabi/lib/thumb/v7e-m+dp/hard/crt0.o (exit)
C:/ST/STM32CubeIDE_1.16.1/STM32CubeIDE/plugins/com.st.stm32cube.ide.mcu.externaltools.gnu-tools-for-stm32.12.3.rel1.win32_1.0.200.202406191623/tools/bin/../lib/gcc/arm-none-eabi/12.3.1/../../../../arm-none-eabi/lib/thumb/v7e-m+dp/hard\libc_nano.a(libc_a-findfp.o)
                              ./Middlewares/Third_Party/FreeRTOS/Source/tasks.o (__sf)
C:/ST/STM32CubeIDE_1.16.1/STM32CubeIDE/plugins/com.st.stm32cube.ide.mcu.externaltools.gnu-tools-for-stm32.12.3.rel1.win32_1.0.200.202406191623/tools/bin/../lib/gcc/arm-none-eabi/12.3.1/../../../../arm-none-eabi/lib/thumb/v7e-m+dp/hard\libc_nano.a(libc_a-fwalk.o)
                              C:/ST/STM32CubeIDE_1.16.1/STM32CubeIDE/plugins/com.st.stm32cube.ide.mcu.externaltools.gnu-tools-for-stm32.12.3.rel1.win32_1.0.200.202406191623/tools/bin/../lib/gcc/arm-none-eabi/12.3.1/../../../../arm-none-eabi/lib/thumb/v7e-m+dp/hard\libc_nano.a(libc_a-findfp.o) (_fwalk_sglue)
C:/ST/STM32CubeIDE_1.16.1/STM32CubeIDE/plugins/com.st.stm32cube.ide.mcu.externaltools.gnu-tools-for-stm32.12.3.rel1.win32_1.0.200.202406191623/tools/bin/../lib/gcc/arm-none-eabi/12.3.1/../../../../arm-none-eabi/lib/thumb/v7e-m+dp/hard\libc_nano.a(libc_a-stdio.o)
                              C:/ST/STM32CubeIDE_1.16.1/STM32CubeIDE/plugins/com.st.stm32cube.ide.mcu.externaltools.gnu-tools-for-stm32.12.3.rel1.win32_1.0.200.202406191623/tools/bin/../lib/gcc/arm-none-eabi/12.3.1/../../../../arm-none-eabi/lib/thumb/v7e-m+dp/hard\libc_nano.a(libc_a-findfp.o) (__sread)
C:/ST/STM32CubeIDE_1.16.1/STM32CubeIDE/plugins/com.st.stm32cube.ide.mcu.externaltools.gnu-tools-for-stm32.12.3.rel1.win32_1.0.200.202406191623/tools/bin/../lib/gcc/arm-none-eabi/12.3.1/../../../../arm-none-eabi/lib/thumb/v7e-m+dp/hard\libc_nano.a(libc_a-memset.o)
                              C:/ST/STM32CubeIDE_1.16.1/STM32CubeIDE/plugins/com.st.stm32cube.ide.mcu.externaltools.gnu-tools-for-stm32.12.3.rel1.win32_1.0.200.202406191623/tools/bin/../lib/gcc/arm-none-eabi/12.3.1/../../../../arm-none-eabi/lib/thumb/v7e-m+dp/hard/crt0.o (memset)
C:/ST/STM32CubeIDE_1.16.1/STM32CubeIDE/plugins/com.st.stm32cube.ide.mcu.externaltools.gnu-tools-for-stm32.12.3.rel1.win32_1.0.200.202406191623/tools/bin/../lib/gcc/arm-none-eabi/12.3.1/../../../../arm-none-eabi/lib/thumb/v7e-m+dp/hard\libc_nano.a(libc_a-closer.o)
                              C:/ST/STM32CubeIDE_1.16.1/STM32CubeIDE/plugins/com.st.stm32cube.ide.mcu.externaltools.gnu-tools-for-stm32.12.3.rel1.win32_1.0.200.202406191623/tools/bin/../lib/gcc/arm-none-eabi/12.3.1/../../../../arm-none-eabi/lib/thumb/v7e-m+dp/hard\libc_nano.a(libc_a-stdio.o) (_close_r)
C:/ST/STM32CubeIDE_1.16.1/STM32CubeIDE/plugins/com.st.stm32cube.ide.mcu.externaltools.gnu-tools-for-stm32.12.3.rel1.win32_1.0.200.202406191623/tools/bin/../lib/gcc/arm-none-eabi/12.3.1/../../../../arm-none-eabi/lib/thumb/v7e-m+dp/hard\libc_nano.a(libc_a-reent.o)
                              ./Middlewares/Third_Party/FreeRTOS/Source/tasks.o (_reclaim_reent)
C:/ST/STM32CubeIDE_1.16.1/STM32CubeIDE/plugins/com.st.stm32cube.ide.mcu.externaltools.gnu-tools-for-stm32.12.3.rel1.win32_1.0.200.202406191623/tools/bin/../lib/gcc/arm-none-eabi/12.3.1/../../../../arm-none-eabi/lib/thumb/v7e-m+dp/hard\libc_nano.a(libc_a-impure.o)
                              ./Middlewares/Third_Party/FreeRTOS/Source/tasks.o (_impure_ptr)
C:/ST/STM32CubeIDE_1.16.1/STM32CubeIDE/plugins/com.st.stm32cube.ide.mcu.externaltools.gnu-tools-for-stm32.12.3.rel1.win32_1.0.200.202406191623/tools/bin/../lib/gcc/arm-none-eabi/12.3.1/../../../../arm-none-eabi/lib/thumb/v7e-m+dp/hard\libc_nano.a(libc_a-lseekr.o)
                              C:/ST/STM32CubeIDE_1.16.1/STM32CubeIDE/plugins/com.st.stm32cube.ide.mcu.externaltools.gnu-tools-for-stm32.12.3.rel1.win32_1.0.200.202406191623/tools/bin/../lib/gcc/arm-none-eabi/12.3.1/../../../../arm-none-eabi/lib/thumb/v7e-m+dp/hard\libc_nano.a(libc_a-stdio.o) (_lseek_r)
C:/ST/STM32CubeIDE_1.16.1/STM32CubeIDE/plugins/com.st.stm32cube.ide.mcu.externaltools.gnu-tools-for-stm32.12.3.rel1.win32_1.0.200.202406191623/tools/bin/../lib/gcc/arm-none-eabi/12.3.1/../../../../arm-none-eabi/lib/thumb/v7e-m+dp/hard\libc_nano.a(libc_a-readr.o)
[...]
Memory Configuration

Name             Origin             Length             Attributes
FLASH            0x08000000         0x00200000         xr
DTCMRAM          0x20000000         0x00020000         xrw
RAM_D1           0x24000000         0x00060000         xrw
RAM_D2           0x30000000         0x00008000         xrw
RAM2_D2          0x30020000         0x00004000         xrw
RAM_D3           0x38000000         0x00010000         xrw
ITCMRAM          0x00000000         0x00010000         xrw
*default*        0x00000000         0xffffffff

Linker script and memory map

LOAD C:/ST/STM32CubeIDE_1.16.1/STM32CubeIDE/plugins/com.st.stm32cube.ide.mcu.externaltools.gnu-tools-for-stm32.12.3.rel1.win32_1.0.200.202406191623/tools/bin/../lib/gcc/arm-none-eabi/12.3.1/thumb/v7e-m+dp/hard/crti.o
LOAD C:/ST/STM32CubeIDE_1.16.1/STM32CubeIDE/plugins/com.st.stm32cube.ide.mcu.externaltools.gnu-tools-for-stm32.12.3.rel1.win32_1.0.200.202406191623/tools/bin/../lib/gcc/arm-none-eabi/12.3.1/thumb/v7e-m+dp/hard/crtbegin.o
LOAD C:/ST/STM32CubeIDE_1.16.1/STM32CubeIDE/plugins/com.st.stm32cube.ide.mcu.externaltools.gnu-tools-for-stm32.12.3.rel1.win32_1.0.200.202406191623/tools/bin/../lib/gcc/arm-none-eabi/12.3.1/../../../../arm-none-eabi/lib/thumb/v7e-m+dp/hard/crt0.o
LOAD ./Core/Src/SEGGER_RTT.o
LOAD ./Core/Src/SEGGER_RTT_printf.o
LOAD ./Core/Src/bq79600.o
LOAD ./Core/Src/bq79600_bsp.o
LOAD ./Core/Src/freertos.o
LOAD ./Core/Src/main.o
LOAD ./Core/Src/stm32h7xx_hal_msp.o
LOAD ./Core/Src/stm32h7xx_hal_timebase_tim.o
LOAD ./Core/Src/stm32h7xx_it.o
LOAD ./Core/Src/syscalls.o
LOAD ./Core/Src/sysmem.o
LOAD ./Core/Src/system_stm32h7xx.o
LOAD ./Core/Startup/startup_stm32h742vitx.o
LOAD ./Drivers/STM32H7xx_HAL_Driver/Src/stm32h7xx_hal.o
LOAD ./Drivers/STM32H7xx_HAL_Driver/Src/stm32h7xx_hal_adc.o
LOAD ./Drivers/STM32H7xx_HAL_Driver/Src/stm32h7xx_hal_adc_ex.o
LOAD ./Drivers/STM32H7xx_HAL_Driver/Src/stm32h7xx_hal_cortex.o
LOAD ./Drivers/STM32H7xx_HAL_Driver/Src/stm32h7xx_hal_dma.o
LOAD ./Drivers/STM32H7xx_HAL_Driver/Src/stm32h7xx_hal_dma_ex.o
LOAD ./Drivers/STM32H7xx_HAL_Driver/Src/stm32h7xx_hal_exti.o
LOAD ./Drivers/STM32H7xx_HAL_Driver/Src/stm32h7xx_hal_fdcan.o
LOAD ./Drivers/STM32H7xx_HAL_Driver/Src/stm32h7xx_hal_flash.o
LOAD ./Drivers/STM32H7xx_HAL_Driver/Src/stm32h7xx_hal_flash_ex.o
LOAD ./Drivers/STM32H7xx_HAL_Driver/Src/stm32h7xx_hal_gpio.o
LOAD ./Drivers/STM32H7xx_HAL_Driver/Src/stm32h7xx_hal_hcd.o
LOAD ./Drivers/STM32H7xx_HAL_Driver/Src/stm32h7xx_hal_hsem.o
LOAD ./Drivers/STM32H7xx_HAL_Driver/Src/stm32h7xx_hal_i2c.o
LOAD ./Drivers/STM32H7xx_HAL_Driver/Src/stm32h7xx_hal_i2c_ex.o
LOAD ./Drivers/STM32H7xx_HAL_Driver/Src/stm32h7xx_hal_mdma.o
LOAD ./Drivers/STM32H7xx_HAL_Driver/Src/stm32h7xx_hal_pcd.o
LOAD ./Drivers/STM32H7xx_HAL_Driver/Src/stm32h7xx_hal_pcd_ex.o
LOAD ./Drivers/STM32H7xx_HAL_Driver/Src/stm32h7xx_hal_pwr.o
LOAD ./Drivers/STM32H7xx_HAL_Driver/Src/stm32h7xx_hal_pwr_ex.o
LOAD ./Drivers/STM32H7xx_HAL_Driver/Src/stm32h7xx_hal_rcc.o
LOAD ./Drivers/STM32H7xx_HAL_Driver/Src/stm32h7xx_hal_rcc_ex.o
LOAD ./Drivers/STM32H7xx_HAL_Driver/Src/stm32h7xx_hal_tim.o
LOAD ./Drivers/STM32H7xx_HAL_Driver/Src/stm32h7xx_hal_tim_ex.o
LOAD ./Drivers/STM32H7xx_HAL_Driver/Src/stm32h7xx_hal_uart.o
LOAD ./Drivers/STM32H7xx_HAL_Driver/Src/stm32h7xx_hal_uart_ex.o
LOAD ./Drivers/STM32H7xx_HAL_Driver/Src/stm32h7xx_ll_usb.o
LOAD ./Middlewares/Third_Party/FreeRTOS/Source/CMSIS_RTOS_V2/cmsis_os2.o
LOAD ./Middlewares/Third_Party/FreeRTOS/Source/croutine.o
LOAD ./Middlewares/Third_Party/FreeRTOS/Source/event_groups.o
LOAD ./Middlewares/Third_Party/FreeRTOS/Source/list.o
LOAD ./Middlewares/Third_Party/FreeRTOS/Source/queue.o
LOAD ./Middlewares/Third_Party/FreeRTOS/Source/stream_buffer.o
LOAD ./Middlewares/Third_Party/FreeRTOS/Source/tasks.o
LOAD ./Middlewares/Third_Party/FreeRTOS/Source/timers.o
LOAD ./Middlewares/Third_Party/FreeRTOS/Source/portable/GCC/ARM_CM4F/port.o
LOAD ./Middlewares/Third_Party/FreeRTOS/Source/portable/MemMang/heap_4.o
START GROUP
LOAD C:/ST/STM32CubeIDE_1.16.1/STM32CubeIDE/plugins/com.st.stm32cube.ide.mcu.externaltools.gnu-tools-for-stm32.12.3.rel1.win32_1.0.200.202406191623/tools/bin/../lib/gcc/arm-none-eabi/12.3.1/../../../../arm-none-eabi/lib/thumb/v7e-m+dp/hard\libc_nano.a
LOAD C:/ST/STM32CubeIDE_1.16.1/STM32CubeIDE/plugins/com.st.stm32cube.ide.mcu.externaltools.gnu-tools-for-stm32.12.3.rel1.win32_1.0.200.202406191623/tools/bin/../lib/gcc/arm-none-eabi/12.3.1/../../../../arm-none-eabi/lib/thumb/v7e-m+dp/hard\libm.a
END GROUP
START GROUP
LOAD C:/ST/STM32CubeIDE_1.16.1/STM32CubeIDE/plugins/com.st.stm32cube.ide.mcu.externaltools.gnu-tools-for-stm32.12.3.rel1.win32_1.0.200.202406191623/tools/bin/../lib/gcc/arm-none-eabi/12.3.1/thumb/v7e-m+dp/hard\libgcc.a
LOAD C:/ST/STM32CubeIDE_1.16.1/STM32CubeIDE/plugins/com.st.stm32cube.ide.mcu.externaltools.gnu-tools-for-stm32.12.3.rel1.win32_1.0.200.202406191623/tools/bin/../lib/gcc/arm-none-eabi/12.3.1/../../../../arm-none-eabi/lib/thumb/v7e-m+dp/hard\libc_nano.a
END GROUP
START GROUP
LOAD C:/ST/STM32CubeIDE_1.16.1/STM32CubeIDE/plugins/com.st.stm32cube.ide.mcu.externaltools.gnu-tools-for-stm32.12.3.rel1.win32_1.0.200.202406191623/tools/bin/../lib/gcc/arm-none-eabi/12.3.1/thumb/v7e-m+dp/hard\libgcc.a
LOAD C:/ST/STM32CubeIDE_1.16.1/STM32CubeIDE/plugins/com.st.stm32cube.ide.mcu.externaltools.gnu-tools-for-stm32.12.3.rel1.win32_1.0.200.202406191623/tools/bin/../lib/gcc/arm-none-eabi/12.3.1/../../../../arm-none-eabi/lib/thumb/v7e-m+dp/hard\libc_nano.a
LOAD C:/ST/STM32CubeIDE_1.16.1/STM32CubeIDE/plugins/com.st.stm32cube.ide.mcu.externaltools.gnu-tools-for-stm32.12.3.rel1.win32_1.0.200.202406191623/tools/bin/../lib/gcc/arm-none-eabi/12.3.1/../../../../arm-none-eabi/lib/thumb/v7e-m+dp/hard\libnosys.a
END GROUP
START GROUP
LOAD C:/ST/STM32CubeIDE_1.16.1/STM32CubeIDE/plugins/com.st.stm32cube.ide.mcu.externaltools.gnu-tools-for-stm32.12.3.rel1.win32_1.0.200.202406191623/tools/bin/../lib/gcc/arm-none-eabi/12.3.1/thumb/v7e-m+dp/hard\libgcc.a
LOAD C:/ST/STM32CubeIDE_1.16.1/STM32CubeIDE/plugins/com.st.stm32cube.ide.mcu.externaltools.gnu-tools-for-stm32.12.3.rel1.win32_1.0.200.202406191623/tools/bin/../lib/gcc/arm-none-eabi/12.3.1/../../../../arm-none-eabi/lib/thumb/v7e-m+dp/hard\libc_nano.a
LOAD C:/ST/STM32CubeIDE_1.16.1/STM32CubeIDE/plugins/com.st.stm32cube.ide.mcu.externaltools.gnu-tools-for-stm32.12.3.rel1.win32_1.0.200.202406191623/tools/bin/../lib/gcc/arm-none-eabi/12.3.1/../../../../arm-none-eabi/lib/thumb/v7e-m+dp/hard\libnosys.a
END GROUP
LOAD C:/ST/STM32CubeIDE_1.16.1/STM32CubeIDE/plugins/com.st.stm32cube.ide.mcu.externaltools.gnu-tools-for-stm32.12.3.rel1.win32_1.0.200.202406191623/tools/bin/../lib/gcc/arm-none-eabi/12.3.1/thumb/v7e-m+dp/hard/crtend.o
LOAD C:/ST/STM32CubeIDE_1.16.1/STM32CubeIDE/plugins/com.st.stm32cube.ide.mcu.externaltools.gnu-tools-for-stm32.12.3.rel1.win32_1.0.200.202406191623/tools/bin/../lib/gcc/arm-none-eabi/12.3.1/thumb/v7e-m+dp/hard/crtn.o
                0x24060000                        _estack = (ORIGIN (RAM_D1) + LENGTH (RAM_D1))
                0x00000200                        _Min_Heap_Size = 0x200
                0x00000400                        _Min_Stack_Size = 0x400

.isr_vector     0x08000000      0x298
                0x08000000                        . = ALIGN (0x4)
 *(.isr_vector)
 .isr_vector    0x08000000      0x298 ./Core/Startup/startup_stm32h742vitx.o
                0x08000000                g_pfnVectors
                0x08000298                        . = ALIGN (0x4)

.text           0x080002a0    0x123a0
                0x080002a0                        . = ALIGN (0x4)
 *(.text)
 .text          0x080002a0       0x40 C:/ST/STM32CubeIDE_1.16.1/STM32CubeIDE/plugins/com.st.stm32cube.ide.mcu.externaltools.gnu-tools-for-stm32.12.3.rel1.win32_1.0.200.202406191623/tools/bin/../lib/gcc/arm-none-eabi/12.3.1/thumb/v7e-m+dp/hard/crtbegin.o
 .text          0x080002e0       0x30 C:/ST/STM32CubeIDE_1.16.1/STM32CubeIDE/plugins/com.st.stm32cube.ide.mcu.externaltools.gnu-tools-for-stm32.12.3.rel1.win32_1.0.200.202406191623/tools/bin/../lib/gcc/arm-none-eabi/12.3.1/thumb/v7e-m+dp/hard\libgcc.a(_aeabi_uldivmod.o)
                0x080002e0                __aeabi_uldivmod
 .text          0x08000310      0x2bc C:/ST/STM32CubeIDE_1.16.1/STM32CubeIDE/plugins/com.st.stm32cube.ide.mcu.externaltools.gnu-tools-for-stm32.12.3.rel1.win32_1.0.200.202406191623/tools/bin/../lib/gcc/arm-none-eabi/12.3.1/thumb/v7e-m+dp/hard\libgcc.a(_udivmoddi4.o)
                0x08000310                __udivmoddi4
 .text          0x080005cc        0x4 C:/ST/STM32CubeIDE_1.16.1/STM32CubeIDE/plugins/com.st.stm32cube.ide.mcu.externaltools.gnu-tools-for-stm32.12.3.rel1.win32_1.0.200.202406191623/tools/bin/../lib/gcc/arm-none-eabi/12.3.1/thumb/v7e-m+dp/hard\libgcc.a(_dvmd_tls.o)
                0x080005cc                __aeabi_idiv0
                0x080005cc                __aeabi_ldiv0
 *(.text*)
 .text._DoInit  0x080005d0       0xb4 ./Core/Src/SEGGER_RTT.o
 .text._WriteBlocking
                0x08000684       0xba ./Core/Src/SEGGER_RTT.o
 .text._WriteNoCheck
                0x0800073e       0x90 ./Core/Src/SEGGER_RTT.o
 .text._GetAvailWriteSpace
                0x080007ce       0x46 ./Core/Src/SEGGER_RTT.o
 .text.SEGGER_RTT_WriteNoLock
                0x08000814       0xa0 ./Core/Src/SEGGER_RTT.o
                0x08000814                SEGGER_RTT_WriteNoLock
 .text.SEGGER_RTT_Write
                0x080008b4       0x4c ./Core/Src/SEGGER_RTT.o
                0x080008b4                SEGGER_RTT_Write
 .text._StoreChar
                0x08000900       0x7c ./Core/Src/SEGGER_RTT_printf.o
 .text._PrintUnsigned
                0x0800097c      0x158 ./Core/Src/SEGGER_RTT_printf.o
 .text._PrintInt
                0x08000ad4      0x14e ./Core/Src/SEGGER_RTT_printf.o
 *fill*         0x08000c22        0x2 
 .text.SEGGER_RTT_vprintf
                0x08000c24      0x3b4 ./Core/Src/SEGGER_RTT_printf.o
                0x08000c24                SEGGER_RTT_vprintf
 .text.SEGGER_RTT_printf
                0x08000fd8       0x30 ./Core/Src/SEGGER_RTT_printf.o
                0x08000fd8                SEGGER_RTT_printf
 .text.bq79600_construct_command
                0x08001008      0x120 ./Core/Src/bq79600.o
                0x08001008                bq79600_construct_command
 .text.bq79600_tx
                0x08001128       0x74 ./Core/Src/bq79600.o
                0x08001128                bq79600_tx
 .text.bq79600_rx_callback
                0x0800119c      0x1dc ./Core/Src/bq79600.o
                0x0800119c                bq79600_rx_callback
 .text.bq79600_write_reg
                0x08001378       0x4c ./Core/Src/bq79600.o
                0x08001378                bq79600_write_reg
 .text.open_bq79600_instance
                0x080013c4       0x30 ./Core/Src/bq79600.o
                0x080013c4                open_bq79600_instance
 .text.bq79600_auto_addressing
                0x080013f4      0x18a ./Core/Src/bq79600.o
                0x080013f4                bq79600_auto_addressing
 .text.bq79600_bsp_ready
                0x0800157e       0x40 ./Core/Src/bq79600_bsp.o
                0x0800157e                bq79600_bsp_ready
 *fill*         0x080015be        0x2 
 .text.bq79600_bsp_uart_tx
                0x080015c0       0x30 ./Core/Src/bq79600_bsp.o
                0x080015c0                bq79600_bsp_uart_tx
 .text.bq79600_bsp_crc
                0x080015f0       0x5c ./Core/Src/bq79600_bsp.o
                0x080015f0                bq79600_bsp_crc
 .text.raw_to_float
                0x0800164c       0x34 ./Core/Src/main.o
                0x0800164c                raw_to_float
 .text.HAL_UARTEx_RxEventCallback
                0x08001680       0x64 ./Core/Src/main.o
                0x08001680                HAL_UARTEx_RxEventCallback
 .text.main     0x080016e4      0x104 ./Core/Src/main.o
                0x080016e4                main
 .text.SystemClock_Config
                0x080017e8       0xfc ./Core/Src/main.o
                0x080017e8                SystemClock_Config
 .text.MX_ADC1_Init
                0x080018e4      0x108 ./Core/Src/main.o
 .text.MX_FDCAN1_Init
                0x080019ec       0xc8 ./Core/Src/main.o
 .text.MX_TIM1_Init
                0x08001ab4       0xa8 ./Core/Src/main.o
 .text.MX_TIM2_Init
                0x08001b5c       0xa0 ./Core/Src/main.o
 .text.MX_UART4_Init
                0x08001bfc       0xa8 ./Core/Src/main.o
                0x08001bfc                MX_UART4_Init
 .text.MX_USB_OTG_FS_PCD_Init
                0x08001ca4       0x64 ./Core/Src/main.o
 .text.MX_USB_OTG_HS_HCD_Init
                0x08001d08       0x50 ./Core/Src/main.o
 .text.MX_DMA_Init
                0x08001d58       0x50 ./Core/Src/main.o
 .text.MX_GPIO_Init
                0x08001da8      0x174 ./Core/Src/main.o
 .text.Default  0x08001f1c       0x10 ./Core/Src/main.o
                0x08001f1c                Default
 *fill*         0x08001f2c        0x4 
 .text.Bq_comm  0x08001f30      0x540 ./Core/Src/main.o
                0x08001f30                Bq_comm
 .text.Safety   0x08002470       0x58 ./Core/Src/main.o
                0x08002470                Safety
 .text.Led      0x080024c8       0x64 ./Core/Src/main.o
                0x080024c8                Led
 .text.StartTask05
                0x0800252c       0x48 ./Core/Src/main.o
                0x0800252c                StartTask05
 .text.Usb      0x08002574       0x10 ./Core/Src/main.o
                0x08002574                Usb
 .text.MPU_Config
                0x08002584       0x58 ./Core/Src/main.o
 .text.HAL_TIM_PeriodElapsedCallback
                0x080025dc       0x24 ./Core/Src/main.o
                0x080025dc                HAL_TIM_PeriodElapsedCallback
 .text.Error_Handler
                0x08002600        0xc ./Core/Src/main.o
                0x08002600                Error_Handler
 .text.HAL_MspInit
                0x0800260c       0x3c ./Core/Src/stm32h7xx_hal_msp.o
                0x0800260c                HAL_MspInit
 .text.HAL_ADC_MspInit
                0x08002648       0xe4 ./Core/Src/stm32h7xx_hal_msp.o
                0x08002648                HAL_ADC_MspInit
 .text.HAL_FDCAN_MspInit
                0x0800272c       0xd4 ./Core/Src/stm32h7xx_hal_msp.o
                0x0800272c                HAL_FDCAN_MspInit
 .text.HAL_TIM_Base_MspInit
                0x08002800       0x70 ./Core/Src/stm32h7xx_hal_msp.o
                0x08002800                HAL_TIM_Base_MspInit
 .text.HAL_UART_MspInit
                0x08002870      0x1cc ./Core/Src/stm32h7xx_hal_msp.o
                0x08002870                HAL_UART_MspInit
 .text.HAL_UART_MspDeInit
                0x08002a3c       0x5c ./Core/Src/stm32h7xx_hal_msp.o
                0x08002a3c                HAL_UART_MspDeInit
 .text.HAL_PCD_MspInit
                0x08002a98       0xd8 ./Core/Src/stm32h7xx_hal_msp.o
                0x08002a98                HAL_PCD_MspInit
 .text.HAL_HCD_MspInit
                0x08002b70       0xd8 ./Core/Src/stm32h7xx_hal_msp.o
                0x08002b70                HAL_HCD_MspInit
 .text.HAL_InitTick
                0x08002c48       0xd8 ./Core/Src/stm32h7xx_hal_timebase_tim.o
                0x08002c48                HAL_InitTick
 .text.NMI_Handler
                0x08002d20        0x8 ./Core/Src/stm32h7xx_it.o
                0x08002d20                NMI_Handler
 .text.HardFault_Handler
                0x08002d28        0x8 ./Core/Src/stm32h7xx_it.o
                0x08002d28                HardFault_Handler
 .text.MemManage_Handler
                0x08002d30        0x8 ./Core/Src/stm32h7xx_it.o
                0x08002d30                MemManage_Handler
 .text.BusFault_Handler
                0x08002d38        0x8 ./Core/Src/stm32h7xx_it.o
                0x08002d38                BusFault_Handler
 .text.UsageFault_Handler
                0x08002d40        0x8 ./Core/Src/stm32h7xx_it.o
                0x08002d40                UsageFault_Handler
 .text.DebugMon_Handler
                0x08002d48        0xe ./Core/Src/stm32h7xx_it.o
                0x08002d48                DebugMon_Handler
 *fill*         0x08002d56        0x2 
 .text.DMA1_Stream4_IRQHandler
                0x08002d58       0x14 ./Core/Src/stm32h7xx_it.o
                0x08002d58                DMA1_Stream4_IRQHandler
 .text.DMA1_Stream5_IRQHandler
                0x08002d6c       0x14 ./Core/Src/stm32h7xx_it.o
                0x08002d6c                DMA1_Stream5_IRQHandler
 .text.TIM5_IRQHandler
                0x08002d80       0x14 ./Core/Src/stm32h7xx_it.o
                0x08002d80                TIM5_IRQHandler
 .text.UART4_IRQHandler
                0x08002d94       0x14 ./Core/Src/stm32h7xx_it.o
                0x08002d94                UART4_IRQHandler
 .text.SystemInit
                0x08002da8      0x110 ./Core/Src/system_stm32h7xx.o
                0x08002da8                SystemInit
 .text.Reset_Handler
                0x08002eb8       0x50 ./Core/Startup/startup_stm32h742vitx.o
                0x08002eb8                Reset_Handler
 .text.Default_Handler
                0x08002f08        0x2 ./Core/Startup/startup_stm32h742vitx.o
                0x08002f08                RTC_Alarm_IRQHandler
                0x08002f08                EXTI2_IRQHandler
                0x08002f08                TIM8_CC_IRQHandler
                0x08002f08                HRTIM1_Master_IRQHandler
                0x08002f08                UART8_IRQHandler
                0x08002f08                SPI4_IRQHandler
                0x08002f08                TIM1_CC_IRQHandler
                0x08002f08                BDMA_Channel6_IRQHandler
                0x08002f08                DMA2_Stream5_IRQHandler
                0x08002f08                HRTIM1_FLT_IRQHandler
                0x08002f08                BDMA_Channel1_IRQHandler
                0x08002f08                HRTIM1_TIMD_IRQHandler
                0x08002f08                TAMP_STAMP_IRQHandler
                0x08002f08                EXTI3_IRQHandler
                0x08002f08                LPTIM4_IRQHandler
                0x08002f08                TIM8_TRG_COM_TIM14_IRQHandler
                0x08002f08                LPTIM2_IRQHandler
                0x08002f08                DFSDM1_FLT1_IRQHandler
                0x08002f08                DMAMUX2_OVR_IRQHandler
                0x08002f08                TIM8_UP_TIM13_IRQHandler
                0x08002f08                I2C3_ER_IRQHandler
                0x08002f08                DFSDM1_FLT2_IRQHandler
                0x08002f08                MDMA_IRQHandler
                0x08002f08                LPTIM3_IRQHandler
                0x08002f08                HSEM1_IRQHandler
                0x08002f08                EXTI0_IRQHandler
                0x08002f08                I2C2_EV_IRQHandler
                0x08002f08                DMA1_Stream2_IRQHandler
                0x08002f08                FPU_IRQHandler
                0x08002f08                OTG_HS_WKUP_IRQHandler
                0x08002f08                FDCAN1_IT1_IRQHandler
                0x08002f08                DMA2_Stream2_IRQHandler
                0x08002f08                HRTIM1_TIME_IRQHandler
                0x08002f08                SPI1_IRQHandler
                0x08002f08                TIM6_DAC_IRQHandler
                0x08002f08                DCMI_IRQHandler
                0x08002f08                HRTIM1_TIMC_IRQHandler
                0x08002f08                DMA2_Stream3_IRQHandler
                0x08002f08                SAI2_IRQHandler
                0x08002f08                DFSDM1_FLT3_IRQHandler
                0x08002f08                USART6_IRQHandler
                0x08002f08                TIM17_IRQHandler
                0x08002f08                USART3_IRQHandler
                0x08002f08                BDMA_Channel7_IRQHandler
                0x08002f08                LPTIM5_IRQHandler
                0x08002f08                UART5_IRQHandler
                0x08002f08                ADC3_IRQHandler
                0x08002f08                DMA2_Stream0_IRQHandler
                0x08002f08                TIM4_IRQHandler
                0x08002f08                BDMA_Channel2_IRQHandler
                0x08002f08                QUADSPI_IRQHandler
                0x08002f08                I2C1_EV_IRQHandler
                0x08002f08                DMA1_Stream6_IRQHandler
                0x08002f08                DMAMUX1_OVR_IRQHandler
                0x08002f08                DMA1_Stream1_IRQHandler
                0x08002f08                TIM16_IRQHandler
                0x08002f08                BDMA_Channel5_IRQHandler
                0x08002f08                TIM3_IRQHandler
                0x08002f08                RCC_IRQHandler
                0x08002f08                TIM8_BRK_TIM12_IRQHandler
                0x08002f08                TIM1_TRG_COM_IRQHandler
                0x08002f08                Default_Handler
                0x08002f08                ECC_IRQHandler
                0x08002f08                CEC_IRQHandler
                0x08002f08                EXTI15_10_IRQHandler
                0x08002f08                BDMA_Channel0_IRQHandler
                0x08002f08                ADC_IRQHandler
                0x08002f08                DMA1_Stream7_IRQHandler
                0x08002f08                HRTIM1_TIMA_IRQHandler
                0x08002f08                SPI5_IRQHandler
                0x08002f08                TIM7_IRQHandler
                0x08002f08                SDMMC1_IRQHandler
                0x08002f08                DMA2_Stream7_IRQHandler
                0x08002f08                TIM15_IRQHandler
                0x08002f08                PVD_AVD_IRQHandler
                0x08002f08                I2C3_EV_IRQHandler
                0x08002f08                EXTI9_5_IRQHandler
                0x08002f08                RTC_WKUP_IRQHandler
                0x08002f08                SAI3_IRQHandler
                0x08002f08                ETH_WKUP_IRQHandler
                0x08002f08                SPDIF_RX_IRQHandler
                0x08002f08                SPI2_IRQHandler
                0x08002f08                OTG_HS_EP1_IN_IRQHandler
                0x08002f08                DMA1_Stream0_IRQHandler
                0x08002f08                CRS_IRQHandler
                0x08002f08                EXTI4_IRQHandler
                0x08002f08                RNG_IRQHandler
                0x08002f08                HRTIM1_TIMB_IRQHandler
                0x08002f08                FDCAN2_IT1_IRQHandler
                0x08002f08                ETH_IRQHandler
                0x08002f08                TIM1_UP_IRQHandler
                0x08002f08                BDMA_Channel4_IRQHandler
                0x08002f08                OTG_HS_EP1_OUT_IRQHandler
                0x08002f08                WWDG_IRQHandler
                0x08002f08                SPI6_IRQHandler
                0x08002f08                MDIOS_IRQHandler
                0x08002f08                I2C4_EV_IRQHandler
                0x08002f08                FDCAN2_IT0_IRQHandler
                0x08002f08                LPUART1_IRQHandler
                0x08002f08                FDCAN1_IT0_IRQHandler
                0x08002f08                TIM2_IRQHandler
                0x08002f08                OTG_FS_WKUP_IRQHandler
                0x08002f08                OTG_HS_IRQHandler
                0x08002f08                DMA2D_IRQHandler
                0x08002f08                TIM1_BRK_IRQHandler
                0x08002f08                EXTI1_IRQHandler
                0x08002f08                SDMMC2_IRQHandler
                0x08002f08                OTG_FS_EP1_OUT_IRQHandler
                0x08002f08                BDMA_Channel3_IRQHandler
                0x08002f08                UART7_IRQHandler
                0x08002f08                MDIOS_WKUP_IRQHandler
                0x08002f08                USART2_IRQHandler
                0x08002f08                DFSDM1_FLT0_IRQHandler
                0x08002f08                SAI4_IRQHandler
                0x08002f08                I2C2_ER_IRQHandler
                0x08002f08                DMA2_Stream1_IRQHandler
                0x08002f08                FLASH_IRQHandler
                0x08002f08                DMA2_Stream4_IRQHandler
                0x08002f08                USART1_IRQHandler
                0x08002f08                OTG_FS_IRQHandler
                0x08002f08                SPI3_IRQHandler
                0x08002f08                WAKEUP_PIN_IRQHandler
                0x08002f08                OTG_FS_EP1_IN_IRQHandler
                0x08002f08                I2C1_ER_IRQHandler
                0x08002f08                FMC_IRQHandler
                0x08002f08                FDCAN_CAL_IRQHandler
                0x08002f08                SWPMI1_IRQHandler
                0x08002f08                COMP1_IRQHandler
                0x08002f08                LPTIM1_IRQHandler
                0x08002f08                I2C4_ER_IRQHandler
                0x08002f08                DMA2_Stream6_IRQHandler
                0x08002f08                SAI1_IRQHandler
                0x08002f08                DMA1_Stream3_IRQHandler
 *fill*         0x08002f0a        0x2 
 .text.HAL_Init
                0x08002f0c       0x78 ./Drivers/STM32H7xx_HAL_Driver/Src/stm32h7xx_hal.o
                0x08002f0c                HAL_Init
 .text.HAL_IncTick
                0x08002f84       0x28 ./Drivers/STM32H7xx_HAL_Driver/Src/stm32h7xx_hal.o
                0x08002f84                HAL_IncTick
 .text.HAL_GetTick
                0x08002fac       0x18 ./Drivers/STM32H7xx_HAL_Driver/Src/stm32h7xx_hal.o
                0x08002fac                HAL_GetTick
 .text.HAL_Delay
                0x08002fc4       0x48 ./Drivers/STM32H7xx_HAL_Driver/Src/stm32h7xx_hal.o
                0x08002fc4                HAL_Delay
 .text.HAL_GetREVID
                0x0800300c       0x18 ./Drivers/STM32H7xx_HAL_Driver/Src/stm32h7xx_hal.o
                0x0800300c                HAL_GetREVID
 .text.LL_ADC_SetCommonClock
                0x08003024       0x26 ./Drivers/STM32H7xx_HAL_Driver/Src/stm32h7xx_hal_adc.o
 .text.LL_ADC_SetCommonPathInternalCh
                0x0800304a       0x26 ./Drivers/STM32H7xx_HAL_Driver/Src/stm32h7xx_hal_adc.o
 .text.LL_ADC_GetCommonPathInternalCh
                0x08003070       0x1c ./Drivers/STM32H7xx_HAL_Driver/Src/stm32h7xx_hal_adc.o
 .text.LL_ADC_SetOffset
                0x0800308c       0x40 ./Drivers/STM32H7xx_HAL_Driver/Src/stm32h7xx_hal_adc.o
 .text.LL_ADC_SetDataRightShift
                0x080030cc       0x32 ./Drivers/STM32H7xx_HAL_Driver/Src/stm32h7xx_hal_adc.o
 .text.LL_ADC_SetOffsetSignedSaturation
                0x080030fe       0x36 ./Drivers/STM32H7xx_HAL_Driver/Src/stm32h7xx_hal_adc.o
 .text.LL_ADC_REG_SetSequencerRanks
                0x08003134       0x58 ./Drivers/STM32H7xx_HAL_Driver/Src/stm32h7xx_hal_adc.o
 .text.LL_ADC_SetChannelSamplingTime
                0x0800318c       0x56 ./Drivers/STM32H7xx_HAL_Driver/Src/stm32h7xx_hal_adc.o
 *fill*         0x080031e2        0x2 
 .text.LL_ADC_SetChannelSingleDiff
                0x080031e4       0x48 ./Drivers/STM32H7xx_HAL_Driver/Src/stm32h7xx_hal_adc.o
 .text.LL_ADC_DisableDeepPowerDown
                0x0800322c       0x24 ./Drivers/STM32H7xx_HAL_Driver/Src/stm32h7xx_hal_adc.o
 .text.LL_ADC_IsDeepPowerDownEnabled
                0x08003250       0x28 ./Drivers/STM32H7xx_HAL_Driver/Src/stm32h7xx_hal_adc.o
 .text.LL_ADC_EnableInternalRegulator
                0x08003278       0x28 ./Drivers/STM32H7xx_HAL_Driver/Src/stm32h7xx_hal_adc.o
 .text.LL_ADC_IsInternalRegulatorEnabled
                0x080032a0       0x28 ./Drivers/STM32H7xx_HAL_Driver/Src/stm32h7xx_hal_adc.o
 .text.LL_ADC_IsEnabled
                0x080032c8       0x26 ./Drivers/STM32H7xx_HAL_Driver/Src/stm32h7xx_hal_adc.o
 .text.LL_ADC_REG_IsConversionOngoing
                0x080032ee       0x26 ./Drivers/STM32H7xx_HAL_Driver/Src/stm32h7xx_hal_adc.o
 .text.LL_ADC_INJ_IsConversionOngoing
                0x08003314       0x26 ./Drivers/STM32H7xx_HAL_Driver/Src/stm32h7xx_hal_adc.o
 *fill*         0x0800333a        0x2 
 .text.HAL_ADC_Init
                0x0800333c      0x344 ./Drivers/STM32H7xx_HAL_Driver/Src/stm32h7xx_hal_adc.o
                0x0800333c                HAL_ADC_Init
 .text.HAL_ADC_ConfigChannel
                0x08003680      0x6b8 ./Drivers/STM32H7xx_HAL_Driver/Src/stm32h7xx_hal_adc.o
                0x08003680                HAL_ADC_ConfigChannel
 .text.ADC_ConfigureBoostMode
                0x08003d38      0x218 ./Drivers/STM32H7xx_HAL_Driver/Src/stm32h7xx_hal_adc.o
                0x08003d38                ADC_ConfigureBoostMode
 .text.LL_ADC_IsEnabled
                0x08003f50       0x26 ./Drivers/STM32H7xx_HAL_Driver/Src/stm32h7xx_hal_adc_ex.o
 .text.LL_ADC_REG_IsConversionOngoing
                0x08003f76       0x26 ./Drivers/STM32H7xx_HAL_Driver/Src/stm32h7xx_hal_adc_ex.o
 .text.HAL_ADCEx_MultiModeConfigChannel
                0x08003f9c      0x1bc ./Drivers/STM32H7xx_HAL_Driver/Src/stm32h7xx_hal_adc_ex.o
                0x08003f9c                HAL_ADCEx_MultiModeConfigChannel
 .text.__NVIC_SetPriorityGrouping
                0x08004158       0x48 ./Drivers/STM32H7xx_HAL_Driver/Src/stm32h7xx_hal_cortex.o
 .text.__NVIC_GetPriorityGrouping
                0x080041a0       0x1c ./Drivers/STM32H7xx_HAL_Driver/Src/stm32h7xx_hal_cortex.o
 .text.__NVIC_EnableIRQ
                0x080041bc       0x3c ./Drivers/STM32H7xx_HAL_Driver/Src/stm32h7xx_hal_cortex.o
 .text.__NVIC_DisableIRQ
                0x080041f8       0x48 ./Drivers/STM32H7xx_HAL_Driver/Src/stm32h7xx_hal_cortex.o
 .text.__NVIC_SetPriority
                0x08004240       0x54 ./Drivers/STM32H7xx_HAL_Driver/Src/stm32h7xx_hal_cortex.o
 .text.NVIC_EncodePriority
                0x08004294       0x66 ./Drivers/STM32H7xx_HAL_Driver/Src/stm32h7xx_hal_cortex.o
 .text.HAL_NVIC_SetPriorityGrouping
                0x080042fa       0x16 ./Drivers/STM32H7xx_HAL_Driver/Src/stm32h7xx_hal_cortex.o
                0x080042fa                HAL_NVIC_SetPriorityGrouping
 .text.HAL_NVIC_SetPriority
                0x08004310       0x34 ./Drivers/STM32H7xx_HAL_Driver/Src/stm32h7xx_hal_cortex.o
                0x08004310                HAL_NVIC_SetPriority
 .text.HAL_NVIC_EnableIRQ
                0x08004344       0x1c ./Drivers/STM32H7xx_HAL_Driver/Src/stm32h7xx_hal_cortex.o
                0x08004344                HAL_NVIC_EnableIRQ
 .text.HAL_NVIC_DisableIRQ
                0x08004360       0x1c ./Drivers/STM32H7xx_HAL_Driver/Src/stm32h7xx_hal_cortex.o
                0x08004360                HAL_NVIC_DisableIRQ
 .text.HAL_MPU_Disable
                0x0800437c       0x30 ./Drivers/STM32H7xx_HAL_Driver/Src/stm32h7xx_hal_cortex.o
                0x0800437c                HAL_MPU_Disable
 .text.HAL_MPU_Enable
                0x080043ac       0x40 ./Drivers/STM32H7xx_HAL_Driver/Src/stm32h7xx_hal_cortex.o
                0x080043ac                HAL_MPU_Enable
 .text.HAL_MPU_ConfigRegion
                0x080043ec       0x80 ./Drivers/STM32H7xx_HAL_Driver/Src/stm32h7xx_hal_cortex.o
                0x080043ec                HAL_MPU_ConfigRegion
 .text.HAL_DMA_Init
                0x0800446c      0x6b8 ./Drivers/STM32H7xx_HAL_Driver/Src/stm32h7xx_hal_dma.o
                0x0800446c                HAL_DMA_Init
 .text.HAL_DMA_DeInit
                0x08004b24      0x36c ./Drivers/STM32H7xx_HAL_Driver/Src/stm32h7xx_hal_dma.o
                0x08004b24                HAL_DMA_DeInit
 .text.HAL_DMA_Abort
                0x08004e90      0x63c ./Drivers/STM32H7xx_HAL_Driver/Src/stm32h7xx_hal_dma.o
                0x08004e90                HAL_DMA_Abort
 .text.HAL_DMA_Abort_IT
                0x080054cc      0x48c ./Drivers/STM32H7xx_HAL_Driver/Src/stm32h7xx_hal_dma.o
                0x080054cc                HAL_DMA_Abort_IT
 .text.HAL_DMA_IRQHandler
                0x08005958      0xe54 ./Drivers/STM32H7xx_HAL_Driver/Src/stm32h7xx_hal_dma.o
                0x08005958                HAL_DMA_IRQHandler
 .text.DMA_CalcBaseAndBitshift
                0x080067ac      0x164 ./Drivers/STM32H7xx_HAL_Driver/Src/stm32h7xx_hal_dma.o
 .text.DMA_CheckFifoParam
                0x08006910       0xf8 ./Drivers/STM32H7xx_HAL_Driver/Src/stm32h7xx_hal_dma.o
 .text.DMA_CalcDMAMUXChannelBaseAndMask
                0x08006a08      0x134 ./Drivers/STM32H7xx_HAL_Driver/Src/stm32h7xx_hal_dma.o
 .text.DMA_CalcDMAMUXRequestGenBaseAndMask
                0x08006b3c       0xe8 ./Drivers/STM32H7xx_HAL_Driver/Src/stm32h7xx_hal_dma.o
 .text.HAL_FDCAN_Init
                0x08006c24      0x3bc ./Drivers/STM32H7xx_HAL_Driver/Src/stm32h7xx_hal_fdcan.o
                0x08006c24                HAL_FDCAN_Init
 .text.FDCAN_CalcultateRamBlockAddresses
                0x08006fe0      0x30c ./Drivers/STM32H7xx_HAL_Driver/Src/stm32h7xx_hal_fdcan.o
 .text.HAL_GPIO_Init
                0x080072ec      0x360 ./Drivers/STM32H7xx_HAL_Driver/Src/stm32h7xx_hal_gpio.o
                0x080072ec                HAL_GPIO_Init
 .text.HAL_GPIO_DeInit
                0x0800764c      0x214 ./Drivers/STM32H7xx_HAL_Driver/Src/stm32h7xx_hal_gpio.o
                0x0800764c                HAL_GPIO_DeInit
 .text.HAL_GPIO_ReadPin
                0x08007860       0x30 ./Drivers/STM32H7xx_HAL_Driver/Src/stm32h7xx_hal_gpio.o
                0x08007860                HAL_GPIO_ReadPin
 .text.HAL_GPIO_WritePin
                0x08007890       0x32 ./Drivers/STM32H7xx_HAL_Driver/Src/stm32h7xx_hal_gpio.o
                0x08007890                HAL_GPIO_WritePin
 .text.HAL_GPIO_TogglePin
                0x080078c2       0x34 ./Drivers/STM32H7xx_HAL_Driver/Src/stm32h7xx_hal_gpio.o
                0x080078c2                HAL_GPIO_TogglePin
 .text.HAL_HCD_Init
                0x080078f6       0xba ./Drivers/STM32H7xx_HAL_Driver/Src/stm32h7xx_hal_hcd.o
                0x080078f6                HAL_HCD_Init
 .text.HAL_PCD_Init
                0x080079b0      0x218 ./Drivers/STM32H7xx_HAL_Driver/Src/stm32h7xx_hal_pcd.o
                0x080079b0                HAL_PCD_Init
 .text.HAL_PCDEx_ActivateLPM
                0x08007bc8       0x48 ./Drivers/STM32H7xx_HAL_Driver/Src/stm32h7xx_hal_pcd_ex.o
                0x08007bc8                HAL_PCDEx_ActivateLPM
 .text.HAL_PWREx_ConfigSupply
                0x08007c10       0x74 ./Drivers/STM32H7xx_HAL_Driver/Src/stm32h7xx_hal_pwr_ex.o
                0x08007c10                HAL_PWREx_ConfigSupply
 .text.HAL_PWREx_EnableUSBVoltageDetector
                0x08007c84       0x20 ./Drivers/STM32H7xx_HAL_Driver/Src/stm32h7xx_hal_pwr_ex.o
                0x08007c84                HAL_PWREx_EnableUSBVoltageDetector
 .text.HAL_RCC_OscConfig
                0x08007ca4      0x8b4 ./Drivers/STM32H7xx_HAL_Driver/Src/stm32h7xx_hal_rcc.o
                0x08007ca4                HAL_RCC_OscConfig
 .text.HAL_RCC_ClockConfig
                0x08008558      0x36c ./Drivers/STM32H7xx_HAL_Driver/Src/stm32h7xx_hal_rcc.o
                0x08008558                HAL_RCC_ClockConfig
 .text.HAL_RCC_GetSysClockFreq
                0x080088c4      0x2f4 ./Drivers/STM32H7xx_HAL_Driver/Src/stm32h7xx_hal_rcc.o
                0x080088c4                HAL_RCC_GetSysClockFreq
 .text.HAL_RCC_GetHCLKFreq
                0x08008bb8       0x60 ./Drivers/STM32H7xx_HAL_Driver/Src/stm32h7xx_hal_rcc.o
                0x08008bb8                HAL_RCC_GetHCLKFreq
 .text.HAL_RCC_GetPCLK1Freq
                0x08008c18       0x2c ./Drivers/STM32H7xx_HAL_Driver/Src/stm32h7xx_hal_rcc.o
                0x08008c18                HAL_RCC_GetPCLK1Freq
 .text.HAL_RCC_GetPCLK2Freq
                0x08008c44       0x2c ./Drivers/STM32H7xx_HAL_Driver/Src/stm32h7xx_hal_rcc.o
                0x08008c44                HAL_RCC_GetPCLK2Freq
 .text.HAL_RCC_GetClockConfig
                0x08008c70       0x84 ./Drivers/STM32H7xx_HAL_Driver/Src/stm32h7xx_hal_rcc.o
                0x08008c70                HAL_RCC_GetClockConfig
 .text.HAL_RCCEx_PeriphCLKConfig
                0x08008cf4     0x13dc ./Drivers/STM32H7xx_HAL_Driver/Src/stm32h7xx_hal_rcc_ex.o
                0x08008cf4                HAL_RCCEx_PeriphCLKConfig
 .text.HAL_RCCEx_GetPeriphCLKFreq
                0x0800a0d0      0xb00 ./Drivers/STM32H7xx_HAL_Driver/Src/stm32h7xx_hal_rcc_ex.o
                0x0800a0d0                HAL_RCCEx_GetPeriphCLKFreq
 .text.HAL_RCCEx_GetD3PCLK1Freq
                0x0800abd0       0x2c ./Drivers/STM32H7xx_HAL_Driver/Src/stm32h7xx_hal_rcc_ex.o
                0x0800abd0                HAL_RCCEx_GetD3PCLK1Freq
 .text.HAL_RCCEx_GetPLL2ClockFreq
                0x0800abfc      0x2a8 ./Drivers/STM32H7xx_HAL_Driver/Src/stm32h7xx_hal_rcc_ex.o
                0x0800abfc                HAL_RCCEx_GetPLL2ClockFreq
 .text.HAL_RCCEx_GetPLL3ClockFreq
                0x0800aea4      0x2a8 ./Drivers/STM32H7xx_HAL_Driver/Src/stm32h7xx_hal_rcc_ex.o
                0x0800aea4                HAL_RCCEx_GetPLL3ClockFreq
 .text.HAL_RCCEx_GetPLL1ClockFreq
                0x0800b14c      0x2a4 ./Drivers/STM32H7xx_HAL_Driver/Src/stm32h7xx_hal_rcc_ex.o
                0x0800b14c                HAL_RCCEx_GetPLL1ClockFreq
 .text.RCCEx_PLL2_Config
                0x0800b3f0      0x164 ./Drivers/STM32H7xx_HAL_Driver/Src/stm32h7xx_hal_rcc_ex.o
 .text.RCCEx_PLL3_Config
                0x0800b554      0x164 ./Drivers/STM32H7xx_HAL_Driver/Src/stm32h7xx_hal_rcc_ex.o
 .text.HAL_TIM_Base_Init
                0x0800b6b8       0xae ./Drivers/STM32H7xx_HAL_Driver/Src/stm32h7xx_hal_tim.o
                0x0800b6b8                HAL_TIM_Base_Init
 *fill*         0x0800b766        0x2 
 .text.HAL_TIM_Base_Start
                0x0800b768       0xe0 ./Drivers/STM32H7xx_HAL_Driver/Src/stm32h7xx_hal_tim.o
                0x0800b768                HAL_TIM_Base_Start
 .text.HAL_TIM_Base_Start_IT
                0x0800b848       0xf0 ./Drivers/STM32H7xx_HAL_Driver/Src/stm32h7xx_hal_tim.o
                0x0800b848                HAL_TIM_Base_Start_IT
 .text.HAL_TIM_IRQHandler
                0x0800b938      0x20e ./Drivers/STM32H7xx_HAL_Driver/Src/stm32h7xx_hal_tim.o
                0x0800b938                HAL_TIM_IRQHandler
 *fill*         0x0800bb46        0x2 
 .text.HAL_TIM_ConfigClockSource
                0x0800bb48      0x1f0 ./Drivers/STM32H7xx_HAL_Driver/Src/stm32h7xx_hal_tim.o
                0x0800bb48                HAL_TIM_ConfigClockSource
 .text.HAL_TIM_SlaveConfigSynchro
                0x0800bd38       0x84 ./Drivers/STM32H7xx_HAL_Driver/Src/stm32h7xx_hal_tim.o
                0x0800bd38                HAL_TIM_SlaveConfigSynchro
 .text.HAL_TIM_OC_DelayElapsedCallback
                0x0800bdbc       0x14 ./Drivers/STM32H7xx_HAL_Driver/Src/stm32h7xx_hal_tim.o
                0x0800bdbc                HAL_TIM_OC_DelayElapsedCallback
 .text.HAL_TIM_IC_CaptureCallback
                0x0800bdd0       0x14 ./Drivers/STM32H7xx_HAL_Driver/Src/stm32h7xx_hal_tim.o
                0x0800bdd0                HAL_TIM_IC_CaptureCallback
 .text.HAL_TIM_PWM_PulseFinishedCallback
                0x0800bde4       0x14 ./Drivers/STM32H7xx_HAL_Driver/Src/stm32h7xx_hal_tim.o
                0x0800bde4                HAL_TIM_PWM_PulseFinishedCallback
 .text.HAL_TIM_TriggerCallback
                0x0800bdf8       0x14 ./Drivers/STM32H7xx_HAL_Driver/Src/stm32h7xx_hal_tim.o
                0x0800bdf8                HAL_TIM_TriggerCallback
 .text.TIM_Base_SetConfig
                0x0800be0c      0x14c ./Drivers/STM32H7xx_HAL_Driver/Src/stm32h7xx_hal_tim.o
                0x0800be0c                TIM_Base_SetConfig
 .text.TIM_SlaveTimer_SetConfig
                0x0800bf58      0x1d4 ./Drivers/STM32H7xx_HAL_Driver/Src/stm32h7xx_hal_tim.o
 .text.TIM_TI1_ConfigInputStage
                0x0800c12c       0x5e ./Drivers/STM32H7xx_HAL_Driver/Src/stm32h7xx_hal_tim.o
 .text.TIM_TI2_ConfigInputStage
                0x0800c18a       0x60 ./Drivers/STM32H7xx_HAL_Driver/Src/stm32h7xx_hal_tim.o
 *fill*         0x0800c1ea        0x2 
 .text.TIM_ITRx_SetConfig
                0x0800c1ec       0x3c ./Drivers/STM32H7xx_HAL_Driver/Src/stm32h7xx_hal_tim.o
 .text.TIM_ETR_SetConfig
                0x0800c228       0x40 ./Drivers/STM32H7xx_HAL_Driver/Src/stm32h7xx_hal_tim.o
                0x0800c228                TIM_ETR_SetConfig
 .text.HAL_TIMEx_MasterConfigSynchronization
                0x0800c268      0x11c ./Drivers/STM32H7xx_HAL_Driver/Src/stm32h7xx_hal_tim_ex.o
                0x0800c268                HAL_TIMEx_MasterConfigSynchronization
 .text.HAL_TIMEx_CommutCallback
                0x0800c384       0x14 ./Drivers/STM32H7xx_HAL_Driver/Src/stm32h7xx_hal_tim_ex.o
                0x0800c384                HAL_TIMEx_CommutCallback
 .text.HAL_TIMEx_BreakCallback
                0x0800c398       0x14 ./Drivers/STM32H7xx_HAL_Driver/Src/stm32h7xx_hal_tim_ex.o
                0x0800c398                HAL_TIMEx_BreakCallback
 .text.HAL_TIMEx_Break2Callback
                0x0800c3ac       0x14 ./Drivers/STM32H7xx_HAL_Driver/Src/stm32h7xx_hal_tim_ex.o
                0x0800c3ac                HAL_TIMEx_Break2Callback
 .text.HAL_UART_Init
                0x0800c3c0       0xa0 ./Drivers/STM32H7xx_HAL_Driver/Src/stm32h7xx_hal_uart.o
                0x0800c3c0                HAL_UART_Init
 .text.HAL_UART_DeInit
                0x0800c460       0x7e ./Drivers/STM32H7xx_HAL_Driver/Src/stm32h7xx_hal_uart.o
                0x0800c460                HAL_UART_DeInit
 .text.HAL_UART_Transmit
                0x0800c4de      0x11c ./Drivers/STM32H7xx_HAL_Driver/Src/stm32h7xx_hal_uart.o
                0x0800c4de                HAL_UART_Transmit
 *fill*         0x0800c5fa        0x2 
 .text.HAL_UART_Transmit_IT
                0x0800c5fc      0x128 ./Drivers/STM32H7xx_HAL_Driver/Src/stm32h7xx_hal_uart.o
                0x0800c5fc                HAL_UART_Transmit_IT
 .text.HAL_UART_IRQHandler
                0x0800c724      0x774 ./Drivers/STM32H7xx_HAL_Driver/Src/stm32h7xx_hal_uart.o
                0x0800c724                HAL_UART_IRQHandler
 .text.HAL_UART_TxCpltCallback
                0x0800ce98       0x14 ./Drivers/STM32H7xx_HAL_Driver/Src/stm32h7xx_hal_uart.o
                0x0800ce98                HAL_UART_TxCpltCallback
 .text.HAL_UART_RxCpltCallback
                0x0800ceac       0x14 ./Drivers/STM32H7xx_HAL_Driver/Src/stm32h7xx_hal_uart.o
                0x0800ceac                HAL_UART_RxCpltCallback
 .text.HAL_UART_ErrorCallback
                0x0800cec0       0x14 ./Drivers/STM32H7xx_HAL_Driver/Src/stm32h7xx_hal_uart.o
                0x0800cec0                HAL_UART_ErrorCallback
 .text.UART_SetConfig
                0x0800ced4      0xad0 ./Drivers/STM32H7xx_HAL_Driver/Src/stm32h7xx_hal_uart.o
                0x0800ced4                UART_SetConfig
 .text.UART_AdvFeatureConfig
                0x0800d9a4      0x144 ./Drivers/STM32H7xx_HAL_Driver/Src/stm32h7xx_hal_uart.o
                0x0800d9a4                UART_AdvFeatureConfig
 .text.UART_CheckIdleState
                0x0800dae8      0x154 ./Drivers/STM32H7xx_HAL_Driver/Src/stm32h7xx_hal_uart.o
                0x0800dae8                UART_CheckIdleState
 .text.UART_WaitOnFlagUntilTimeout
                0x0800dc3c       0xda ./Drivers/STM32H7xx_HAL_Driver/Src/stm32h7xx_hal_uart.o
                0x0800dc3c                UART_WaitOnFlagUntilTimeout
 *fill*         0x0800dd16        0x2 
 .text.UART_Start_Receive_IT
                0x0800dd18      0x244 ./Drivers/STM32H7xx_HAL_Driver/Src/stm32h7xx_hal_uart.o
                0x0800dd18                UART_Start_Receive_IT
 .text.UART_EndRxTransfer
                0x0800df5c       0xcc ./Drivers/STM32H7xx_HAL_Driver/Src/stm32h7xx_hal_uart.o
 .text.UART_DMAAbortOnError
                0x0800e028       0x2c ./Drivers/STM32H7xx_HAL_Driver/Src/stm32h7xx_hal_uart.o
 .text.UART_TxISR_8BIT
                0x0800e054       0xb8 ./Drivers/STM32H7xx_HAL_Driver/Src/stm32h7xx_hal_uart.o
 .text.UART_TxISR_16BIT
                0x0800e10c       0xc2 ./Drivers/STM32H7xx_HAL_Driver/Src/stm32h7xx_hal_uart.o
 .text.UART_TxISR_8BIT_FIFOEN
                0x0800e1ce       0xe0 ./Drivers/STM32H7xx_HAL_Driver/Src/stm32h7xx_hal_uart.o
 .text.UART_TxISR_16BIT_FIFOEN
                0x0800e2ae       0xea ./Drivers/STM32H7xx_HAL_Driver/Src/stm32h7xx_hal_uart.o
 .text.UART_EndTransmit_IT
                0x0800e398       0x56 ./Drivers/STM32H7xx_HAL_Driver/Src/stm32h7xx_hal_uart.o
 *fill*         0x0800e3ee        0x2 
 .text.UART_RxISR_8BIT
                0x0800e3f0      0x1b8 ./Drivers/STM32H7xx_HAL_Driver/Src/stm32h7xx_hal_uart.o
 .text.UART_RxISR_16BIT
                0x0800e5a8      0x1b8 ./Drivers/STM32H7xx_HAL_Driver/Src/stm32h7xx_hal_uart.o
 .text.UART_RxISR_8BIT_FIFOEN
                0x0800e760      0x360 ./Drivers/STM32H7xx_HAL_Driver/Src/stm32h7xx_hal_uart.o
 .text.UART_RxISR_16BIT_FIFOEN
                0x0800eac0      0x368 ./Drivers/STM32H7xx_HAL_Driver/Src/stm32h7xx_hal_uart.o
 .text.HAL_UARTEx_WakeupCallback
                0x0800ee28       0x14 ./Drivers/STM32H7xx_HAL_Driver/Src/stm32h7xx_hal_uart_ex.o
                0x0800ee28                HAL_UARTEx_WakeupCallback
 .text.HAL_UARTEx_RxFifoFullCallback
                0x0800ee3c       0x14 ./Drivers/STM32H7xx_HAL_Driver/Src/stm32h7xx_hal_uart_ex.o
                0x0800ee3c                HAL_UARTEx_RxFifoFullCallback
 .text.HAL_UARTEx_TxFifoEmptyCallback
                0x0800ee50       0x14 ./Drivers/STM32H7xx_HAL_Driver/Src/stm32h7xx_hal_uart_ex.o
                0x0800ee50                HAL_UARTEx_TxFifoEmptyCallback
 .text.HAL_UARTEx_DisableFifoMode
                0x0800ee64       0x72 ./Drivers/STM32H7xx_HAL_Driver/Src/stm32h7xx_hal_uart_ex.o
                0x0800ee64                HAL_UARTEx_DisableFifoMode
 .text.HAL_UARTEx_SetTxFifoThreshold
                0x0800eed6       0x7c ./Drivers/STM32H7xx_HAL_Driver/Src/stm32h7xx_hal_uart_ex.o
                0x0800eed6                HAL_UARTEx_SetTxFifoThreshold
 .text.HAL_UARTEx_SetRxFifoThreshold
                0x0800ef52       0x7c ./Drivers/STM32H7xx_HAL_Driver/Src/stm32h7xx_hal_uart_ex.o
                0x0800ef52                HAL_UARTEx_SetRxFifoThreshold
 .text.HAL_UARTEx_ReceiveToIdle_IT
                0x0800efce       0xa0 ./Drivers/STM32H7xx_HAL_Driver/Src/stm32h7xx_hal_uart_ex.o
                0x0800efce                HAL_UARTEx_ReceiveToIdle_IT
 *fill*         0x0800f06e        0x2 
 .text.UARTEx_SetNbDataToProcess
                0x0800f070       0x9c ./Drivers/STM32H7xx_HAL_Driver/Src/stm32h7xx_hal_uart_ex.o
 .text.USB_CoreInit
                0x0800f10c       0xe4 ./Drivers/STM32H7xx_HAL_Driver/Src/stm32h7xx_ll_usb.o
                0x0800f10c                USB_CoreInit
 .text.USB_DisableGlobalInt
                0x0800f1f0       0x22 ./Drivers/STM32H7xx_HAL_Driver/Src/stm32h7xx_ll_usb.o
                0x0800f1f0                USB_DisableGlobalInt
 .text.USB_SetCurrentMode
                0x0800f212       0x98 ./Drivers/STM32H7xx_HAL_Driver/Src/stm32h7xx_ll_usb.o
                0x0800f212                USB_SetCurrentMode
 *fill*         0x0800f2aa        0x2 
 .text.USB_DevInit
                0x0800f2ac      0x2bc ./Drivers/STM32H7xx_HAL_Driver/Src/stm32h7xx_ll_usb.o
                0x0800f2ac                USB_DevInit
 .text.USB_FlushTxFifo
                0x0800f568       0x64 ./Drivers/STM32H7xx_HAL_Driver/Src/stm32h7xx_ll_usb.o
                0x0800f568                USB_FlushTxFifo
 .text.USB_FlushRxFifo
                0x0800f5cc       0x5c ./Drivers/STM32H7xx_HAL_Driver/Src/stm32h7xx_ll_usb.o
                0x0800f5cc                USB_FlushRxFifo
 .text.USB_SetDevSpeed
                0x0800f628       0x32 ./Drivers/STM32H7xx_HAL_Driver/Src/stm32h7xx_ll_usb.o
                0x0800f628                USB_SetDevSpeed
 .text.USB_DevDisconnect
                0x0800f65a       0x42 ./Drivers/STM32H7xx_HAL_Driver/Src/stm32h7xx_ll_usb.o
                0x0800f65a                USB_DevDisconnect
 .text.USB_GetMode
                0x0800f69c       0x1c ./Drivers/STM32H7xx_HAL_Driver/Src/stm32h7xx_ll_usb.o
                0x0800f69c                USB_GetMode
 .text.USB_CoreReset
                0x0800f6b8       0x62 ./Drivers/STM32H7xx_HAL_Driver/Src/stm32h7xx_ll_usb.o
 *fill*         0x0800f71a        0x2 
 .text.USB_HostInit
                0x0800f71c      0x154 ./Drivers/STM32H7xx_HAL_Driver/Src/stm32h7xx_ll_usb.o
                0x0800f71c                USB_HostInit
 .text.__NVIC_SetPriority
                0x0800f870       0x54 ./Middlewares/Third_Party/FreeRTOS/Source/CMSIS_RTOS_V2/cmsis_os2.o
 .text.SysTick_Handler
                0x0800f8c4       0x20 ./Middlewares/Third_Party/FreeRTOS/Source/CMSIS_RTOS_V2/cmsis_os2.o
                0x0800f8c4                SysTick_Handler
 .text.SVC_Setup
                0x0800f8e4       0x12 ./Middlewares/Third_Party/FreeRTOS/Source/CMSIS_RTOS_V2/cmsis_os2.o
 *fill*         0x0800f8f6        0x2 
 .text.osKernelInitialize
                0x0800f8f8       0x48 ./Middlewares/Third_Party/FreeRTOS/Source/CMSIS_RTOS_V2/cmsis_os2.o
                0x0800f8f8                osKernelInitialize
 .text.osKernelStart
                0x0800f940       0x4c ./Middlewares/Third_Party/FreeRTOS/Source/CMSIS_RTOS_V2/cmsis_os2.o
                0x0800f940                osKernelStart
 .text.osThreadNew
                0x0800f98c      0x124 ./Middlewares/Third_Party/FreeRTOS/Source/CMSIS_RTOS_V2/cmsis_os2.o
                0x0800f98c                osThreadNew
 .text.osDelay  0x0800fab0       0x36 ./Middlewares/Third_Party/FreeRTOS/Source/CMSIS_RTOS_V2/cmsis_os2.o
                0x0800fab0                osDelay
 *fill*         0x0800fae6        0x2 
 .text.vApplicationGetIdleTaskMemory
                0x0800fae8       0x34 ./Middlewares/Third_Party/FreeRTOS/Source/CMSIS_RTOS_V2/cmsis_os2.o
                0x0800fae8                vApplicationGetIdleTaskMemory
 .text.vApplicationGetTimerTaskMemory
                0x0800fb1c       0x34 ./Middlewares/Third_Party/FreeRTOS/Source/CMSIS_RTOS_V2/cmsis_os2.o
                0x0800fb1c                vApplicationGetTimerTaskMemory
 .text.vListInitialise
                0x0800fb50       0x40 ./Middlewares/Third_Party/FreeRTOS/Source/list.o
                0x0800fb50                vListInitialise
 .text.vListInitialiseItem
                0x0800fb90       0x1a ./Middlewares/Third_Party/FreeRTOS/Source/list.o
                0x0800fb90                vListInitialiseItem
 .text.vListInsertEnd
                0x0800fbaa       0x48 ./Middlewares/Third_Party/FreeRTOS/Source/list.o
                0x0800fbaa                vListInsertEnd
 .text.vListInsert
                0x0800fbf2       0x72 ./Middlewares/Third_Party/FreeRTOS/Source/list.o
                0x0800fbf2                vListInsert
 .text.uxListRemove
                0x0800fc64       0x54 ./Middlewares/Third_Party/FreeRTOS/Source/list.o
                0x0800fc64                uxListRemove
 .text.xQueueGenericReset
                0x0800fcb8       0xd4 ./Middlewares/Third_Party/FreeRTOS/Source/queue.o
                0x0800fcb8                xQueueGenericReset
 .text.xQueueGenericCreateStatic
                0x0800fd8c       0xfa ./Middlewares/Third_Party/FreeRTOS/Source/queue.o
                0x0800fd8c                xQueueGenericCreateStatic
 .text.prvInitialiseNewQueue
                0x0800fe86       0x46 ./Middlewares/Third_Party/FreeRTOS/Source/queue.o
 .text.xQueueGenericSend
                0x0800fecc      0x204 ./Middlewares/Third_Party/FreeRTOS/Source/queue.o
                0x0800fecc                xQueueGenericSend
 .text.xQueueGenericSendFromISR
                0x080100d0      0x13c ./Middlewares/Third_Party/FreeRTOS/Source/queue.o
                0x080100d0                xQueueGenericSendFromISR
 .text.xQueueReceive
                0x0801020c      0x1c4 ./Middlewares/Third_Party/FreeRTOS/Source/queue.o
                0x0801020c                xQueueReceive
 .text.prvCopyDataToQueue
                0x080103d0       0xd4 ./Middlewares/Third_Party/FreeRTOS/Source/queue.o
 .text.prvCopyDataFromQueue
                0x080104a4       0x4c ./Middlewares/Third_Party/FreeRTOS/Source/queue.o
 .text.prvUnlockQueue
                0x080104f0       0xa4 ./Middlewares/Third_Party/FreeRTOS/Source/queue.o
 .text.prvIsQueueEmpty
                0x08010594       0x2c ./Middlewares/Third_Party/FreeRTOS/Source/queue.o
 .text.prvIsQueueFull
                0x080105c0       0x30 ./Middlewares/Third_Party/FreeRTOS/Source/queue.o
 .text.vQueueAddToRegistry
                0x080105f0       0x54 ./Middlewares/Third_Party/FreeRTOS/Source/queue.o
                0x080105f0                vQueueAddToRegistry
 .text.vQueueWaitForMessageRestricted
                0x08010644       0x68 ./Middlewares/Third_Party/FreeRTOS/Source/queue.o
                0x08010644                vQueueWaitForMessageRestricted
 .text.xTaskCreateStatic
                0x080106ac       0xc0 ./Middlewares/Third_Party/FreeRTOS/Source/tasks.o
                0x080106ac                xTaskCreateStatic
 .text.xTaskCreate
                0x0801076c       0x8a ./Middlewares/Third_Party/FreeRTOS/Source/tasks.o
                0x0801076c                xTaskCreate
 *fill*         0x080107f6        0x2 
 .text.prvInitialiseNewTask
                0x080107f8      0x150 ./Middlewares/Third_Party/FreeRTOS/Source/tasks.o
 .text.prvAddNewTaskToReadyList
                0x08010948       0xe0 ./Middlewares/Third_Party/FreeRTOS/Source/tasks.o
 .text.vTaskDelay
                0x08010a28       0x6c ./Middlewares/Third_Party/FreeRTOS/Source/tasks.o
                0x08010a28                vTaskDelay
 .text.vTaskStartScheduler
                0x08010a94       0xe0 ./Middlewares/Third_Party/FreeRTOS/Source/tasks.o
                0x08010a94                vTaskStartScheduler
 .text.vTaskSuspendAll
                0x08010b74       0x1c ./Middlewares/Third_Party/FreeRTOS/Source/tasks.o
                0x08010b74                vTaskSuspendAll
 .text.xTaskResumeAll
                0x08010b90      0x13c ./Middlewares/Third_Party/FreeRTOS/Source/tasks.o
                0x08010b90                xTaskResumeAll
 .text.xTaskGetTickCount
                0x08010ccc       0x20 ./Middlewares/Third_Party/FreeRTOS/Source/tasks.o
                0x08010ccc                xTaskGetTickCount
 .text.xTaskIncrementTick
                0x08010cec      0x174 ./Middlewares/Third_Party/FreeRTOS/Source/tasks.o
                0x08010cec                xTaskIncrementTick
 .text.vTaskSwitchContext
                0x08010e60       0xcc ./Middlewares/Third_Party/FreeRTOS/Source/tasks.o
                0x08010e60                vTaskSwitchContext
 .text.vTaskPlaceOnEventList
                0x08010f2c       0x4c ./Middlewares/Third_Party/FreeRTOS/Source/tasks.o
                0x08010f2c                vTaskPlaceOnEventList
 .text.vTaskPlaceOnEventListRestricted
                0x08010f78       0x58 ./Middlewares/Third_Party/FreeRTOS/Source/tasks.o
                0x08010f78                vTaskPlaceOnEventListRestricted
 .text.xTaskRemoveFromEventList
                0x08010fd0       0xc8 ./Middlewares/Third_Party/FreeRTOS/Source/tasks.o
                0x08010fd0                xTaskRemoveFromEventList
 .text.vTaskInternalSetTimeOutState
                0x08011098       0x2c ./Middlewares/Third_Party/FreeRTOS/Source/tasks.o
                0x08011098                vTaskInternalSetTimeOutState
 .text.xTaskCheckForTimeOut
                0x080110c4       0xc8 ./Middlewares/Third_Party/FreeRTOS/Source/tasks.o
                0x080110c4                xTaskCheckForTimeOut
 .text.vTaskMissedYield
                0x0801118c       0x18 ./Middlewares/Third_Party/FreeRTOS/Source/tasks.o
                0x0801118c                vTaskMissedYield
 .text.prvIdleTask
                0x080111a4       0x30 ./Middlewares/Third_Party/FreeRTOS/Source/tasks.o
 .text.prvInitialiseTaskLists
                0x080111d4       0x80 ./Middlewares/Third_Party/FreeRTOS/Source/tasks.o
 .text.prvCheckTasksWaitingTermination
                0x08011254       0x5c ./Middlewares/Third_Party/FreeRTOS/Source/tasks.o
 .text.prvDeleteTCB
                0x080112b0       0x6a ./Middlewares/Third_Party/FreeRTOS/Source/tasks.o
 *fill*         0x0801131a        0x2 
 .text.prvResetNextTaskUnblockTime
                0x0801131c       0x40 ./Middlewares/Third_Party/FreeRTOS/Source/tasks.o
 .text.xTaskGetSchedulerState
                0x0801135c       0x3c ./Middlewares/Third_Party/FreeRTOS/Source/tasks.o
                0x0801135c                xTaskGetSchedulerState
 .text.xTaskPriorityDisinherit
                0x08011398       0xe0 ./Middlewares/Third_Party/FreeRTOS/Source/tasks.o
                0x08011398                xTaskPriorityDisinherit
 .text.prvAddCurrentTaskToDelayedList
                0x08011478       0xa8 ./Middlewares/Third_Party/FreeRTOS/Source/tasks.o
 .text.xTimerCreateTimerTask
                0x08011520       0x94 ./Middlewares/Third_Party/FreeRTOS/Source/timers.o
                0x08011520                xTimerCreateTimerTask
 .text.xTimerGenericCommand
                0x080115b4       0x9c ./Middlewares/Third_Party/FreeRTOS/Source/timers.o
                0x080115b4                xTimerGenericCommand
 .text.prvProcessExpiredTimer
                0x08011650       0x9c ./Middlewares/Third_Party/FreeRTOS/Source/timers.o
 .text.prvTimerTask
                0x080116ec       0x26 ./Middlewares/Third_Party/FreeRTOS/Source/timers.o
 *fill*         0x08011712        0x2 
 .text.prvProcessTimerOrBlockTask
                0x08011714       0x9c ./Middlewares/Third_Party/FreeRTOS/Source/timers.o
 .text.prvGetNextExpireTime
                0x080117b0       0x48 ./Middlewares/Third_Party/FreeRTOS/Source/timers.o
 .text.prvSampleTimeNow
                0x080117f8       0x40 ./Middlewares/Third_Party/FreeRTOS/Source/timers.o
 .text.prvInsertTimerInActiveList
                0x08011838       0x84 ./Middlewares/Third_Party/FreeRTOS/Source/timers.o
 .text.prvProcessReceivedCommands
                0x080118bc      0x1cc ./Middlewares/Third_Party/FreeRTOS/Source/timers.o
 .text.prvSwitchTimerLists
                0x08011a88       0xcc ./Middlewares/Third_Party/FreeRTOS/Source/timers.o
 .text.prvCheckForValidListAndQueue
                0x08011b54       0x80 ./Middlewares/Third_Party/FreeRTOS/Source/timers.o
 .text.pxPortInitialiseStack
                0x08011bd4       0x68 ./Middlewares/Third_Party/FreeRTOS/Source/portable/GCC/ARM_CM4F/port.o
                0x08011bd4                pxPortInitialiseStack
 .text.prvTaskExitError
                0x08011c3c       0x5c ./Middlewares/Third_Party/FreeRTOS/Source/portable/GCC/ARM_CM4F/port.o
 *fill*         0x08011c98        0x8 
 .text.SVC_Handler
                0x08011ca0       0x28 ./Middlewares/Third_Party/FreeRTOS/Source/portable/GCC/ARM_CM4F/port.o
                0x08011ca0                SVC_Handler
 .text.prvPortStartFirstTask
                0x08011cc8       0x28 ./Middlewares/Third_Party/FreeRTOS/Source/portable/GCC/ARM_CM4F/port.o
 .text.xPortStartScheduler
                0x08011cf0      0x148 ./Middlewares/Third_Party/FreeRTOS/Source/portable/GCC/ARM_CM4F/port.o
                0x08011cf0                xPortStartScheduler
 .text.vPortEnterCritical
                0x08011e38       0x64 ./Middlewares/Third_Party/FreeRTOS/Source/portable/GCC/ARM_CM4F/port.o
                0x08011e38                vPortEnterCritical
 .text.vPortExitCritical
                0x08011e9c       0x54 ./Middlewares/Third_Party/FreeRTOS/Source/portable/GCC/ARM_CM4F/port.o
                0x08011e9c                vPortExitCritical
 .text.PendSV_Handler
                0x08011ef0       0x68 ./Middlewares/Third_Party/FreeRTOS/Source/portable/GCC/ARM_CM4F/port.o
                0x08011ef0                PendSV_Handler
 .text.xPortSysTickHandler
                0x08011f58       0x44 ./Middlewares/Third_Party/FreeRTOS/Source/portable/GCC/ARM_CM4F/port.o
                0x08011f58                xPortSysTickHandler
 .text.vPortSetupTimerInterrupt
                0x08011f9c       0x48 ./Middlewares/Third_Party/FreeRTOS/Source/portable/GCC/ARM_CM4F/port.o
                0x08011f9c                vPortSetupTimerInterrupt
 .text.vPortEnableVFP
                0x08011fe4       0x14 ./Middlewares/Third_Party/FreeRTOS/Source/portable/GCC/ARM_CM4F/port.o
 .text.vPortValidateInterruptPriority
                0x08011ff8       0x84 ./Middlewares/Third_Party/FreeRTOS/Source/portable/GCC/ARM_CM4F/port.o
                0x08011ff8                vPortValidateInterruptPriority
 .text.pvPortMalloc
                0x0801207c      0x19c ./Middlewares/Third_Party/FreeRTOS/Source/portable/MemMang/heap_4.o
                0x0801207c                pvPortMalloc
 .text.vPortFree
                0x08012218       0xc8 ./Middlewares/Third_Party/FreeRTOS/Source/portable/MemMang/heap_4.o
                0x08012218                vPortFree
 .text.prvHeapInit
                0x080122e0       0xc4 ./Middlewares/Third_Party/FreeRTOS/Source/portable/MemMang/heap_4.o
 .text.prvInsertBlockIntoFreeList
                0x080123a4       0xb4 ./Middlewares/Third_Party/FreeRTOS/Source/portable/MemMang/heap_4.o
 .text.memset   0x08012458       0x10 C:/ST/STM32CubeIDE_1.16.1/STM32CubeIDE/plugins/com.st.stm32cube.ide.mcu.externaltools.gnu-tools-for-stm32.12.3.rel1.win32_1.0.200.202406191623/tools/bin/../lib/gcc/arm-none-eabi/12.3.1/../../../../arm-none-eabi/lib/thumb/v7e-m+dp/hard\libc_nano.a(libc_a-memset.o)
                0x08012458                memset
 .text._reclaim_reent
                0x08012468       0xac C:/ST/STM32CubeIDE_1.16.1/STM32CubeIDE/plugins/com.st.stm32cube.ide.mcu.externaltools.gnu-tools-for-stm32.12.3.rel1.win32_1.0.200.202406191623/tools/bin/../lib/gcc/arm-none-eabi/12.3.1/../../../../arm-none-eabi/lib/thumb/v7e-m+dp/hard\libc_nano.a(libc_a-reent.o)
                0x08012468                _reclaim_reent
 .text.__libc_init_array
                0x08012514       0x48 C:/ST/STM32CubeIDE_1.16.1/STM32CubeIDE/plugins/com.st.stm32cube.ide.mcu.externaltools.gnu-tools-for-stm32.12.3.rel1.win32_1.0.200.202406191623/tools/bin/../lib/gcc/arm-none-eabi/12.3.1/../../../../arm-none-eabi/lib/thumb/v7e-m+dp/hard\libc_nano.a(libc_a-init.o)
                0x08012514                __libc_init_array
 .text.__retarget_lock_acquire_recursive
                0x0801255c        0x2 C:/ST/STM32CubeIDE_1.16.1/STM32CubeIDE/plugins/com.st.stm32cube.ide.mcu.externaltools.gnu-tools-for-stm32.12.3.rel1.win32_1.0.200.202406191623/tools/bin/../lib/gcc/arm-none-eabi/12.3.1/../../../../arm-none-eabi/lib/thumb/v7e-m+dp/hard\libc_nano.a(libc_a-lock.o)
                0x0801255c                __retarget_lock_acquire_recursive
 .text.__retarget_lock_release_recursive
                0x0801255e        0x2 C:/ST/STM32CubeIDE_1.16.1/STM32CubeIDE/plugins/com.st.stm32cube.ide.mcu.externaltools.gnu-tools-for-stm32.12.3.rel1.win32_1.0.200.202406191623/tools/bin/../lib/gcc/arm-none-eabi/12.3.1/../../../../arm-none-eabi/lib/thumb/v7e-m+dp/hard\libc_nano.a(libc_a-lock.o)
                0x0801255e                __retarget_lock_release_recursive
 .text.memcpy   0x08012560       0x1c C:/ST/STM32CubeIDE_1.16.1/STM32CubeIDE/plugins/com.st.stm32cube.ide.mcu.externaltools.gnu-tools-for-stm32.12.3.rel1.win32_1.0.200.202406191623/tools/bin/../lib/gcc/arm-none-eabi/12.3.1/../../../../arm-none-eabi/lib/thumb/v7e-m+dp/hard\libc_nano.a(libc_a-memcpy-stub.o)
                0x08012560                memcpy
 .text._free_r  0x0801257c       0x94 C:/ST/STM32CubeIDE_1.16.1/STM32CubeIDE/plugins/com.st.stm32cube.ide.mcu.externaltools.gnu-tools-for-stm32.12.3.rel1.win32_1.0.200.202406191623/tools/bin/../lib/gcc/arm-none-eabi/12.3.1/../../../../arm-none-eabi/lib/thumb/v7e-m+dp/hard\libc_nano.a(libc_a-freer.o)
                0x0801257c                _free_r
 .text.__malloc_lock
                0x08012610        0xc C:/ST/STM32CubeIDE_1.16.1/STM32CubeIDE/plugins/com.st.stm32cube.ide.mcu.externaltools.gnu-tools-for-stm32.12.3.rel1.win32_1.0.200.202406191623/tools/bin/../lib/gcc/arm-none-eabi/12.3.1/../../../../arm-none-eabi/lib/thumb/v7e-m+dp/hard\libc_nano.a(libc_a-mlock.o)
                0x08012610                __malloc_lock
 .text.__malloc_unlock
                0x0801261c        0xc C:/ST/STM32CubeIDE_1.16.1/STM32CubeIDE/plugins/com.st.stm32cube.ide.mcu.externaltools.gnu-tools-for-stm32.12.3.rel1.win32_1.0.200.202406191623/tools/bin/../lib/gcc/arm-none-eabi/12.3.1/../../../../arm-none-eabi/lib/thumb/v7e-m+dp/hard\libc_nano.a(libc_a-mlock.o)
                0x0801261c                __malloc_unlock
 *(.glue_7)
 .glue_7        0x08012628        0x0 linker stubs
 *(.glue_7t)
 .glue_7t       0x08012628        0x0 linker stubs
 *(.eh_frame)
 .eh_frame      0x08012628        0x0 C:/ST/STM32CubeIDE_1.16.1/STM32CubeIDE/plugins/com.st.stm32cube.ide.mcu.externaltools.gnu-tools-for-stm32.12.3.rel1.win32_1.0.200.202406191623/tools/bin/../lib/gcc/arm-none-eabi/12.3.1/thumb/v7e-m+dp/hard/crtbegin.o
 *(.init)
 .init          0x08012628        0x4 C:/ST/STM32CubeIDE_1.16.1/STM32CubeIDE/plugins/com.st.stm32cube.ide.mcu.externaltools.gnu-tools-for-stm32.12.3.rel1.win32_1.0.200.202406191623/tools/bin/../lib/gcc/arm-none-eabi/12.3.1/thumb/v7e-m+dp/hard/crti.o
                0x08012628                _init
 .init          0x0801262c        0x8 C:/ST/STM32CubeIDE_1.16.1/STM32CubeIDE/plugins/com.st.stm32cube.ide.mcu.externaltools.gnu-tools-for-stm32.12.3.rel1.win32_1.0.200.202406191623/tools/bin/../lib/gcc/arm-none-eabi/12.3.1/thumb/v7e-m+dp/hard/crtn.o
 *(.fini)
 .fini          0x08012634        0x4 C:/ST/STM32CubeIDE_1.16.1/STM32CubeIDE/plugins/com.st.stm32cube.ide.mcu.externaltools.gnu-tools-for-stm32.12.3.rel1.win32_1.0.200.202406191623/tools/bin/../lib/gcc/arm-none-eabi/12.3.1/thumb/v7e-m+dp/hard/crti.o
                0x08012634                _fini
 .fini          0x08012638        0x8 C:/ST/STM32CubeIDE_1.16.1/STM32CubeIDE/plugins/com.st.stm32cube.ide.mcu.externaltools.gnu-tools-for-stm32.12.3.rel1.win32_1.0.200.202406191623/tools/bin/../lib/gcc/arm-none-eabi/12.3.1/thumb/v7e-m+dp/hard/crtn.o
                0x08012640                        . = ALIGN (0x4)
                0x08012640                        _etext = .

.vfp11_veneer   0x08012640        0x0
 .vfp11_veneer  0x08012640        0x0 linker stubs

.v4_bx          0x08012640        0x0
 .v4_bx         0x08012640        0x0 linker stubs

.iplt           0x08012640        0x0
 .iplt          0x08012640        0x0 C:/ST/STM32CubeIDE_1.16.1/STM32CubeIDE/plugins/com.st.stm32cube.ide.mcu.externaltools.gnu-tools-for-stm32.12.3.rel1.win32_1.0.200.202406191623/tools/bin/../lib/gcc/arm-none-eabi/12.3.1/thumb/v7e-m+dp/hard/crtbegin.o

.rodata         0x08012640      0x5c8
                0x08012640                        . = ALIGN (0x4)
 *(.rodata)
 .rodata        0x08012640        0x9 ./Core/Src/SEGGER_RTT.o
 *fill*         0x08012649        0x3 
 .rodata        0x0801264c        0x7 ./Core/Src/SEGGER_RTT_printf.o
 *fill*         0x08012653        0x1 
 .rodata        0x08012654       0x63 ./Core/Src/bq79600.o
 *fill*         0x080126b7        0x1 
 .rodata        0x080126b8      0x1ae ./Core/Src/main.o
 *fill*         0x08012866        0x2 
 .rodata        0x08012868       0x4c ./Drivers/STM32H7xx_HAL_Driver/Src/stm32h7xx_hal_fdcan.o
 .rodata        0x080128b4        0x5 ./Middlewares/Third_Party/FreeRTOS/Source/tasks.o
 *fill*         0x080128b9        0x3 
 .rodata        0x080128bc        0xd ./Middlewares/Third_Party/FreeRTOS/Source/timers.o
 *(.rodata*)
 *fill*         0x080128c9        0x3 
 .rodata._aInitStr.0
                0x080128cc       0x11 ./Core/Src/SEGGER_RTT.o
 *fill*         0x080128dd        0x3 
 .rodata._aV2C.0
                0x080128e0       0x10 ./Core/Src/SEGGER_RTT_printf.o
 .rodata.crc16_table
                0x080128f0      0x200 ./Core/Src/bq79600_bsp.o
 .rodata.Default_task_attributes
                0x08012af0       0x24 ./Core/Src/main.o
                0x08012af0                Default_task_attributes
 .rodata.BQ_comm_task_attributes
                0x08012b14       0x24 ./Core/Src/main.o
                0x08012b14                BQ_comm_task_attributes
 .rodata.Safety_task_attributes
                0x08012b38       0x24 ./Core/Src/main.o
                0x08012b38                Safety_task_attributes
 .rodata.Led_task_attributes
                0x08012b5c       0x24 ./Core/Src/main.o
                0x08012b5c                Led_task_attributes
 .rodata.Can_task_attributes
                0x08012b80       0x24 ./Core/Src/main.o
                0x08012b80                Can_task_attributes
 .rodata.Usb_task_attributes
                0x08012ba4       0x24 ./Core/Src/main.o
                0x08012ba4                Usb_task_attributes
 .rodata.D1CorePrescTable
                0x08012bc8       0x10 ./Core/Src/system_stm32h7xx.o
                0x08012bc8                D1CorePrescTable
 .rodata.flagBitshiftOffset.0
                0x08012bd8        0x8 ./Drivers/STM32H7xx_HAL_Driver/Src/stm32h7xx_hal_dma.o
 .rodata.UARTPrescTable
                0x08012be0       0x18 ./Drivers/STM32H7xx_HAL_Driver/Src/stm32h7xx_hal_uart.o
                0x08012be0                UARTPrescTable
 .rodata.numerator.1
                0x08012bf8        0x8 ./Drivers/STM32H7xx_HAL_Driver/Src/stm32h7xx_hal_uart_ex.o
 .rodata.denominator.0
                0x08012c00        0x8 ./Drivers/STM32H7xx_HAL_Driver/Src/stm32h7xx_hal_uart_ex.o
                0x08012c08                        . = ALIGN (0x4)

.ARM.extab
 *(.ARM.extab* .gnu.linkonce.armextab.*)

.ARM            0x08012c08        0x8
                0x08012c08                        __exidx_start = .
 *(.ARM.exidx*)
 .ARM.exidx     0x08012c08        0x8 C:/ST/STM32CubeIDE_1.16.1/STM32CubeIDE/plugins/com.st.stm32cube.ide.mcu.externaltools.gnu-tools-for-stm32.12.3.rel1.win32_1.0.200.202406191623/tools/bin/../lib/gcc/arm-none-eabi/12.3.1/thumb/v7e-m+dp/hard\libgcc.a(_udivmoddi4.o)
                0x08012c10                        __exidx_end = .

.preinit_array  0x08012c10        0x0
                0x08012c10                        PROVIDE (__preinit_array_start = .)
 *(.preinit_array*)
                0x08012c10                        PROVIDE (__preinit_array_end = .)

.init_array     0x08012c10        0x4
                0x08012c10                        PROVIDE (__init_array_start = .)
 *(SORT_BY_NAME(.init_array.*))
 *(.init_array*)
 .init_array    0x08012c10        0x4 C:/ST/STM32CubeIDE_1.16.1/STM32CubeIDE/plugins/com.st.stm32cube.ide.mcu.externaltools.gnu-tools-for-stm32.12.3.rel1.win32_1.0.200.202406191623/tools/bin/../lib/gcc/arm-none-eabi/12.3.1/thumb/v7e-m+dp/hard/crtbegin.o
                0x08012c14                        PROVIDE (__init_array_end = .)

.fini_array     0x08012c14        0x4
                [!provide]                        PROVIDE (__fini_array_start = .)
 *(SORT_BY_NAME(.fini_array.*))
 *(.fini_array*)
 .fini_array    0x08012c14        0x4 C:/ST/STM32CubeIDE_1.16.1/STM32CubeIDE/plugins/com.st.stm32cube.ide.mcu.externaltools.gnu-tools-for-stm32.12.3.rel1.win32_1.0.200.202406191623/tools/bin/../lib/gcc/arm-none-eabi/12.3.1/thumb/v7e-m+dp/hard/crtbegin.o
                [!provide]                        PROVIDE (__fini_array_end = .)
                0x08012c18                        _sidata = LOADADDR (.data)

.rel.dyn        0x08012c18        0x0
 .rel.iplt      0x08012c18        0x0 C:/ST/STM32CubeIDE_1.16.1/STM32CubeIDE/plugins/com.st.stm32cube.ide.mcu.externaltools.gnu-tools-for-stm32.12.3.rel1.win32_1.0.200.202406191623/tools/bin/../lib/gcc/arm-none-eabi/12.3.1/thumb/v7e-m+dp/hard/crtbegin.o

.data           0x24000000      0x10c load address 0x08012c18
                0x24000000                        . = ALIGN (0x4)
                0x24000000                        _sdata = .
 *(.data)
 .data          0x24000000       0xa8 ./Core/Src/SEGGER_RTT.o
                0x24000000                _SEGGER_RTT
 *(.data*)
 .data.SystemCoreClock
                0x240000a8        0x4 ./Core/Src/system_stm32h7xx.o
                0x240000a8                SystemCoreClock
 .data.SystemD2Clock
                0x240000ac        0x4 ./Core/Src/system_stm32h7xx.o
                0x240000ac                SystemD2Clock
 .data.uwTickPrio
                0x240000b0        0x4 ./Drivers/STM32H7xx_HAL_Driver/Src/stm32h7xx_hal.o
                0x240000b0                uwTickPrio
 .data.uwTickFreq
                0x240000b4        0x1 ./Drivers/STM32H7xx_HAL_Driver/Src/stm32h7xx_hal.o
                0x240000b4                uwTickFreq
 *fill*         0x240000b5        0x3 
 .data.uxCriticalNesting
                0x240000b8        0x4 ./Middlewares/Third_Party/FreeRTOS/Source/portable/GCC/ARM_CM4F/port.o
 .data._impure_ptr
                0x240000bc        0x4 C:/ST/STM32CubeIDE_1.16.1/STM32CubeIDE/plugins/com.st.stm32cube.ide.mcu.externaltools.gnu-tools-for-stm32.12.3.rel1.win32_1.0.200.202406191623/tools/bin/../lib/gcc/arm-none-eabi/12.3.1/../../../../arm-none-eabi/lib/thumb/v7e-m+dp/hard\libc_nano.a(libc_a-impure.o)
                0x240000bc                _impure_ptr
 .data._impure_data
                0x240000c0       0x4c C:/ST/STM32CubeIDE_1.16.1/STM32CubeIDE/plugins/com.st.stm32cube.ide.mcu.externaltools.gnu-tools-for-stm32.12.3.rel1.win32_1.0.200.202406191623/tools/bin/../lib/gcc/arm-none-eabi/12.3.1/../../../../arm-none-eabi/lib/thumb/v7e-m+dp/hard\libc_nano.a(libc_a-impure.o)
                0x240000c0                _impure_data
 *(.RamFunc)
 *(.RamFunc*)
                0x2400010c                        . = ALIGN (0x4)
                0x2400010c                        _edata = .

.igot.plt       0x2400010c        0x0 load address 0x08012d24
 .igot.plt      0x2400010c        0x0 C:/ST/STM32CubeIDE_1.16.1/STM32CubeIDE/plugins/com.st.stm32cube.ide.mcu.externaltools.gnu-tools-for-stm32.12.3.rel1.win32_1.0.200.202406191623/tools/bin/../lib/gcc/arm-none-eabi/12.3.1/thumb/v7e-m+dp/hard/crtbegin.o
                0x2400010c                        . = ALIGN (0x4)

.bss            0x2400010c     0x64d8 load address 0x08012d24
                0x2400010c                        _sbss = .
                0x2400010c                        __bss_start__ = _sbss
 *(.bss)
 .bss           0x2400010c       0x1c C:/ST/STM32CubeIDE_1.16.1/STM32CubeIDE/plugins/com.st.stm32cube.ide.mcu.externaltools.gnu-tools-for-stm32.12.3.rel1.win32_1.0.200.202406191623/tools/bin/../lib/gcc/arm-none-eabi/12.3.1/thumb/v7e-m+dp/hard/crtbegin.o
 *(.bss*)
 .bss._acUpBuffer
                0x24000128      0x400 ./Core/Src/SEGGER_RTT.o
 .bss._acDownBuffer
                0x24000528       0x10 ./Core/Src/SEGGER_RTT.o
 .bss.instance_list
                0x24000538      0x820 ./Core/Src/bq79600.o
 .bss.hadc1     0x24000d58       0x64 ./Core/Src/main.o
                0x24000d58                hadc1
 .bss.hfdcan1   0x24000dbc       0xa0 ./Core/Src/main.o
                0x24000dbc                hfdcan1
 .bss.htim1     0x24000e5c       0x4c ./Core/Src/main.o
                0x24000e5c                htim1
 .bss.htim2     0x24000ea8       0x4c ./Core/Src/main.o
                0x24000ea8                htim2
 .bss.huart4    0x24000ef4       0x94 ./Core/Src/main.o
                0x24000ef4                huart4
 .bss.hdma_uart4_tx
                0x24000f88       0x78 ./Core/Src/main.o
                0x24000f88                hdma_uart4_tx
 .bss.hdma_uart4_rx
                0x24001000       0x78 ./Core/Src/main.o
                0x24001000                hdma_uart4_rx
 .bss.hpcd_USB_OTG_FS
                0x24001078      0x4e4 ./Core/Src/main.o
                0x24001078                hpcd_USB_OTG_FS
 .bss.hhcd_USB_OTG_HS
                0x2400155c      0x3e0 ./Core/Src/main.o
                0x2400155c                hhcd_USB_OTG_HS
 .bss.Default_taskHandle
                0x2400193c        0x4 ./Core/Src/main.o
                0x2400193c                Default_taskHandle
 .bss.BQ_comm_taskHandle
                0x24001940        0x4 ./Core/Src/main.o
                0x24001940                BQ_comm_taskHandle
 .bss.Safety_taskHandle
                0x24001944        0x4 ./Core/Src/main.o
                0x24001944                Safety_taskHandle
 .bss.Led_taskHandle
                0x24001948        0x4 ./Core/Src/main.o
                0x24001948                Led_taskHandle
 .bss.Can_taskHandle
                0x2400194c        0x4 ./Core/Src/main.o
                0x2400194c                Can_taskHandle
 .bss.Usb_taskHandle
                0x24001950        0x4 ./Core/Src/main.o
                0x24001950                Usb_taskHandle
 .bss.modules   0x24001954       0x5c ./Core/Src/main.o
                0x24001954                modules
 .bss.Data_Receaved
                0x240019b0       0xb8 ./Core/Src/main.o
                0x240019b0                Data_Receaved
 .bss.instance.0
                0x24001a68        0x4 ./Core/Src/main.o
 .bss.htim5     0x24001a6c       0x4c ./Core/Src/stm32h7xx_hal_timebase_tim.o
                0x24001a6c                htim5
 .bss.uwTick    0x24001ab8        0x4 ./Drivers/STM32H7xx_HAL_Driver/Src/stm32h7xx_hal.o
                0x24001ab8                uwTick
 .bss.KernelState
                0x24001abc        0x4 ./Middlewares/Third_Party/FreeRTOS/Source/CMSIS_RTOS_V2/cmsis_os2.o
 .bss.Idle_TCB.3
                0x24001ac0       0xa8 ./Middlewares/Third_Party/FreeRTOS/Source/CMSIS_RTOS_V2/cmsis_os2.o
 .bss.Idle_Stack.2
                0x24001b68      0x200 ./Middlewares/Third_Party/FreeRTOS/Source/CMSIS_RTOS_V2/cmsis_os2.o
 .bss.Timer_TCB.1
                0x24001d68       0xa8 ./Middlewares/Third_Party/FreeRTOS/Source/CMSIS_RTOS_V2/cmsis_os2.o
 .bss.Timer_Stack.0
                0x24001e10      0x400 ./Middlewares/Third_Party/FreeRTOS/Source/CMSIS_RTOS_V2/cmsis_os2.o
 .bss.xQueueRegistry
                0x24002210       0x40 ./Middlewares/Third_Party/FreeRTOS/Source/queue.o
                0x24002210                xQueueRegistry
 .bss.pxCurrentTCB
                0x24002250        0x4 ./Middlewares/Third_Party/FreeRTOS/Source/tasks.o
                0x24002250                pxCurrentTCB
 .bss.pxReadyTasksLists
                0x24002254      0x460 ./Middlewares/Third_Party/FreeRTOS/Source/tasks.o
 .bss.xDelayedTaskList1
                0x240026b4       0x14 ./Middlewares/Third_Party/FreeRTOS/Source/tasks.o
 .bss.xDelayedTaskList2
                0x240026c8       0x14 ./Middlewares/Third_Party/FreeRTOS/Source/tasks.o
 .bss.pxDelayedTaskList
                0x240026dc        0x4 ./Middlewares/Third_Party/FreeRTOS/Source/tasks.o
 .bss.pxOverflowDelayedTaskList
                0x240026e0        0x4 ./Middlewares/Third_Party/FreeRTOS/Source/tasks.o
 .bss.xPendingReadyList
                0x240026e4       0x14 ./Middlewares/Third_Party/FreeRTOS/Source/tasks.o
 .bss.xTasksWaitingTermination
                0x240026f8       0x14 ./Middlewares/Third_Party/FreeRTOS/Source/tasks.o
 .bss.uxDeletedTasksWaitingCleanUp
                0x2400270c        0x4 ./Middlewares/Third_Party/FreeRTOS/Source/tasks.o
 .bss.xSuspendedTaskList
                0x24002710       0x14 ./Middlewares/Third_Party/FreeRTOS/Source/tasks.o
 .bss.uxCurrentNumberOfTasks
                0x24002724        0x4 ./Middlewares/Third_Party/FreeRTOS/Source/tasks.o
 .bss.xTickCount
                0x24002728        0x4 ./Middlewares/Third_Party/FreeRTOS/Source/tasks.o
 .bss.uxTopReadyPriority
                0x2400272c        0x4 ./Middlewares/Third_Party/FreeRTOS/Source/tasks.o
 .bss.xSchedulerRunning
                0x24002730        0x4 ./Middlewares/Third_Party/FreeRTOS/Source/tasks.o
 .bss.xPendedTicks
                0x24002734        0x4 ./Middlewares/Third_Party/FreeRTOS/Source/tasks.o
 .bss.xYieldPending
                0x24002738        0x4 ./Middlewares/Third_Party/FreeRTOS/Source/tasks.o
 .bss.xNumOfOverflows
                0x2400273c        0x4 ./Middlewares/Third_Party/FreeRTOS/Source/tasks.o
 .bss.uxTaskNumber
                0x24002740        0x4 ./Middlewares/Third_Party/FreeRTOS/Source/tasks.o
 .bss.xNextTaskUnblockTime
                0x24002744        0x4 ./Middlewares/Third_Party/FreeRTOS/Source/tasks.o
 .bss.xIdleTaskHandle
                0x24002748        0x4 ./Middlewares/Third_Party/FreeRTOS/Source/tasks.o
 .bss.uxSchedulerSuspended
                0x2400274c        0x4 ./Middlewares/Third_Party/FreeRTOS/Source/tasks.o
 .bss.xActiveTimerList1
                0x24002750       0x14 ./Middlewares/Third_Party/FreeRTOS/Source/timers.o
 .bss.xActiveTimerList2
                0x24002764       0x14 ./Middlewares/Third_Party/FreeRTOS/Source/timers.o
 .bss.pxCurrentTimerList
                0x24002778        0x4 ./Middlewares/Third_Party/FreeRTOS/Source/timers.o
 .bss.pxOverflowTimerList
                0x2400277c        0x4 ./Middlewares/Third_Party/FreeRTOS/Source/timers.o
 .bss.xTimerQueue
                0x24002780        0x4 ./Middlewares/Third_Party/FreeRTOS/Source/timers.o
 .bss.xTimerTaskHandle
                0x24002784        0x4 ./Middlewares/Third_Party/FreeRTOS/Source/timers.o
 .bss.xLastTime.2
                0x24002788        0x4 ./Middlewares/Third_Party/FreeRTOS/Source/timers.o
 .bss.ucStaticTimerQueueStorage.1
                0x2400278c       0xa0 ./Middlewares/Third_Party/FreeRTOS/Source/timers.o
 .bss.xStaticTimerQueue.0
                0x2400282c       0x50 ./Middlewares/Third_Party/FreeRTOS/Source/timers.o
 .bss.ucMaxSysCallPriority
                0x2400287c        0x1 ./Middlewares/Third_Party/FreeRTOS/Source/portable/GCC/ARM_CM4F/port.o
 *fill*         0x2400287d        0x3 
 .bss.ulMaxPRIGROUPValue
                0x24002880        0x4 ./Middlewares/Third_Party/FreeRTOS/Source/portable/GCC/ARM_CM4F/port.o
 .bss.ucHeap    0x24002884     0x3c00 ./Middlewares/Third_Party/FreeRTOS/Source/portable/MemMang/heap_4.o
 .bss.xStart    0x24006484        0x8 ./Middlewares/Third_Party/FreeRTOS/Source/portable/MemMang/heap_4.o
 .bss.pxEnd     0x2400648c        0x4 ./Middlewares/Third_Party/FreeRTOS/Source/portable/MemMang/heap_4.o
 .bss.xFreeBytesRemaining
                0x24006490        0x4 ./Middlewares/Third_Party/FreeRTOS/Source/portable/MemMang/heap_4.o
 .bss.xMinimumEverFreeBytesRemaining
                0x24006494        0x4 ./Middlewares/Third_Party/FreeRTOS/Source/portable/MemMang/heap_4.o
 .bss.xNumberOfSuccessfulAllocations
                0x24006498        0x4 ./Middlewares/Third_Party/FreeRTOS/Source/portable/MemMang/heap_4.o
 .bss.xNumberOfSuccessfulFrees
                0x2400649c        0x4 ./Middlewares/Third_Party/FreeRTOS/Source/portable/MemMang/heap_4.o
 .bss.xBlockAllocatedBit
                0x240064a0        0x4 ./Middlewares/Third_Party/FreeRTOS/Source/portable/MemMang/heap_4.o
 .bss.__sf      0x240064a4      0x138 C:/ST/STM32CubeIDE_1.16.1/STM32CubeIDE/plugins/com.st.stm32cube.ide.mcu.externaltools.gnu-tools-for-stm32.12.3.rel1.win32_1.0.200.202406191623/tools/bin/../lib/gcc/arm-none-eabi/12.3.1/../../../../arm-none-eabi/lib/thumb/v7e-m+dp/hard\libc_nano.a(libc_a-findfp.o)
                0x240064a4                __sf
 .bss.__lock___malloc_recursive_mutex
                0x240065dc        0x1 C:/ST/STM32CubeIDE_1.16.1/STM32CubeIDE/plugins/com.st.stm32cube.ide.mcu.externaltools.gnu-tools-for-stm32.12.3.rel1.win32_1.0.200.202406191623/tools/bin/../lib/gcc/arm-none-eabi/12.3.1/../../../../arm-none-eabi/lib/thumb/v7e-m+dp/hard\libc_nano.a(libc_a-lock.o)
                0x240065dc                __lock___malloc_recursive_mutex
 *fill*         0x240065dd        0x3 
 .bss.__malloc_free_list
                0x240065e0        0x4 C:/ST/STM32CubeIDE_1.16.1/STM32CubeIDE/plugins/com.st.stm32cube.ide.mcu.externaltools.gnu-tools-for-stm32.12.3.rel1.win32_1.0.200.202406191623/tools/bin/../lib/gcc/arm-none-eabi/12.3.1/../../../../arm-none-eabi/lib/thumb/v7e-m+dp/hard\libc_nano.a(libc_a-mallocr.o)
                0x240065e0                __malloc_free_list
 *(COMMON)
                0x240065e4                        . = ALIGN (0x4)
                0x240065e4                        _ebss = .
                0x240065e4                        __bss_end__ = _ebss

._user_heap_stack
                0x240065e4      0x604 load address 0x08012d24
                0x240065e8                        . = ALIGN (0x8)
 *fill*         0x240065e4        0x4 
                [!provide]                        PROVIDE (end = .)
                0x240065e8                        PROVIDE (_end = .)
                0x240067e8                        . = (. + _Min_Heap_Size)
 *fill*         0x240065e8      0x200 
                0x24006be8                        . = (. + _Min_Stack_Size)
 *fill*         0x240067e8      0x400 
                0x24006be8                        . = ALIGN (0x8)

/DISCARD/
 libc.a(*)
 libm.a(*)
 libgcc.a(*)

.ARM.attributes
                0x00000000       0x2e
 *(.ARM.attributes)
 .ARM.attributes
                0x00000000       0x20 C:/ST/STM32CubeIDE_1.16.1/STM32CubeIDE/plugins/com.st.stm32cube.ide.mcu.externaltools.gnu-tools-for-stm32.12.3.rel1.win32_1.0.200.202406191623/tools/bin/../lib/gcc/arm-none-eabi/12.3.1/thumb/v7e-m+dp/hard/crti.o
 .ARM.attributes
                0x00000020       0x32 C:/ST/STM32CubeIDE_1.16.1/STM32CubeIDE/plugins/com.st.stm32cube.ide.mcu.externaltools.gnu-tools-for-stm32.12.3.rel1.win32_1.0.200.202406191623/tools/bin/../lib/gcc/arm-none-eabi/12.3.1/thumb/v7e-m+dp/hard/crtbegin.o
 .ARM.attributes
                0x00000052       0x32 ./Core/Src/SEGGER_RTT.o
 .ARM.attributes
                0x00000084       0x32 ./Core/Src/SEGGER_RTT_printf.o
 .ARM.attributes
                0x000000b6       0x32 ./Core/Src/bq79600.o
 .ARM.attributes
                0x000000e8       0x32 ./Core/Src/bq79600_bsp.o
 .ARM.attributes
                0x0000011a       0x32 ./Core/Src/main.o
 .ARM.attributes
                0x0000014c       0x32 ./Core/Src/stm32h7xx_hal_msp.o
 .ARM.attributes
                0x0000017e       0x32 ./Core/Src/stm32h7xx_hal_timebase_tim.o
 .ARM.attributes
                0x000001b0       0x32 ./Core/Src/stm32h7xx_it.o
 .ARM.attributes
                0x000001e2       0x32 ./Core/Src/system_stm32h7xx.o
 .ARM.attributes
                0x00000214       0x21 ./Core/Startup/startup_stm32h742vitx.o
 .ARM.attributes
                0x00000235       0x32 ./Drivers/STM32H7xx_HAL_Driver/Src/stm32h7xx_hal.o
 .ARM.attributes
                0x00000267       0x32 ./Drivers/STM32H7xx_HAL_Driver/Src/stm32h7xx_hal_adc.o
 .ARM.attributes
                0x00000299       0x32 ./Drivers/STM32H7xx_HAL_Driver/Src/stm32h7xx_hal_adc_ex.o
 .ARM.attributes
                0x000002cb       0x32 ./Drivers/STM32H7xx_HAL_Driver/Src/stm32h7xx_hal_cortex.o
 .ARM.attributes
                0x000002fd       0x32 ./Drivers/STM32H7xx_HAL_Driver/Src/stm32h7xx_hal_dma.o
 .ARM.attributes
                0x0000032f       0x32 ./Drivers/STM32H7xx_HAL_Driver/Src/stm32h7xx_hal_fdcan.o
 .ARM.attributes
                0x00000361       0x32 ./Drivers/STM32H7xx_HAL_Driver/Src/stm32h7xx_hal_gpio.o
 .ARM.attributes
                0x00000393       0x32 ./Drivers/STM32H7xx_HAL_Driver/Src/stm32h7xx_hal_hcd.o
 .ARM.attributes
                0x000003c5       0x32 ./Drivers/STM32H7xx_HAL_Driver/Src/stm32h7xx_hal_pcd.o
 .ARM.attributes
                0x000003f7       0x32 ./Drivers/STM32H7xx_HAL_Driver/Src/stm32h7xx_hal_pcd_ex.o
 .ARM.attributes
                0x00000429       0x32 ./Drivers/STM32H7xx_HAL_Driver/Src/stm32h7xx_hal_pwr_ex.o
 .ARM.attributes
                0x0000045b       0x32 ./Drivers/STM32H7xx_HAL_Driver/Src/stm32h7xx_hal_rcc.o
 .ARM.attributes
                0x0000048d       0x32 ./Drivers/STM32H7xx_HAL_Driver/Src/stm32h7xx_hal_rcc_ex.o
 .ARM.attributes
                0x000004bf       0x32 ./Drivers/STM32H7xx_HAL_Driver/Src/stm32h7xx_hal_tim.o
 .ARM.attributes
                0x000004f1       0x32 ./Drivers/STM32H7xx_HAL_Driver/Src/stm32h7xx_hal_tim_ex.o
 .ARM.attributes
                0x00000523       0x32 ./Drivers/STM32H7xx_HAL_Driver/Src/stm32h7xx_hal_uart.o
 .ARM.attributes
                0x00000555       0x32 ./Drivers/STM32H7xx_HAL_Driver/Src/stm32h7xx_hal_uart_ex.o
 .ARM.attributes
                0x00000587       0x32 ./Drivers/STM32H7xx_HAL_Driver/Src/stm32h7xx_ll_usb.o
 .ARM.attributes
                0x000005b9       0x32 ./Middlewares/Third_Party/FreeRTOS/Source/CMSIS_RTOS_V2/cmsis_os2.o
 .ARM.attributes
                0x000005eb       0x32 ./Middlewares/Third_Party/FreeRTOS/Source/list.o
 .ARM.attributes
                0x0000061d       0x32 ./Middlewares/Third_Party/FreeRTOS/Source/queue.o
 .ARM.attributes
                0x0000064f       0x32 ./Middlewares/Third_Party/FreeRTOS/Source/tasks.o
 .ARM.attributes
                0x00000681       0x32 ./Middlewares/Third_Party/FreeRTOS/Source/timers.o
 .ARM.attributes
                0x000006b3       0x32 ./Middlewares/Third_Party/FreeRTOS/Source/portable/GCC/ARM_CM4F/port.o
 .ARM.attributes
                0x000006e5       0x32 ./Middlewares/Third_Party/FreeRTOS/Source/portable/MemMang/heap_4.o
 .ARM.attributes
                0x00000717       0x32 C:/ST/STM32CubeIDE_1.16.1/STM32CubeIDE/plugins/com.st.stm32cube.ide.mcu.externaltools.gnu-tools-for-stm32.12.3.rel1.win32_1.0.200.202406191623/tools/bin/../lib/gcc/arm-none-eabi/12.3.1/../../../../arm-none-eabi/lib/thumb/v7e-m+dp/hard\libc_nano.a(libc_a-findfp.o)
 .ARM.attributes
                0x00000749       0x32 C:/ST/STM32CubeIDE_1.16.1/STM32CubeIDE/plugins/com.st.stm32cube.ide.mcu.externaltools.gnu-tools-for-stm32.12.3.rel1.win32_1.0.200.202406191623/tools/bin/../lib/gcc/arm-none-eabi/12.3.1/../../../../arm-none-eabi/lib/thumb/v7e-m+dp/hard\libc_nano.a(libc_a-memset.o)
 .ARM.attributes
                0x0000077b       0x32 C:/ST/STM32CubeIDE_1.16.1/STM32CubeIDE/plugins/com.st.stm32cube.ide.mcu.externaltools.gnu-tools-for-stm32.12.3.rel1.win32_1.0.200.202406191623/tools/bin/../lib/gcc/arm-none-eabi/12.3.1/../../../../arm-none-eabi/lib/thumb/v7e-m+dp/hard\libc_nano.a(libc_a-reent.o)
 .ARM.attributes
                0x000007ad       0x32 C:/ST/STM32CubeIDE_1.16.1/STM32CubeIDE/plugins/com.st.stm32cube.ide.mcu.externaltools.gnu-tools-for-stm32.12.3.rel1.win32_1.0.200.202406191623/tools/bin/../lib/gcc/arm-none-eabi/12.3.1/../../../../arm-none-eabi/lib/thumb/v7e-m+dp/hard\libc_nano.a(libc_a-impure.o)
 .ARM.attributes
                0x000007df       0x32 C:/ST/STM32CubeIDE_1.16.1/STM32CubeIDE/plugins/com.st.stm32cube.ide.mcu.externaltools.gnu-tools-for-stm32.12.3.rel1.win32_1.0.200.202406191623/tools/bin/../lib/gcc/arm-none-eabi/12.3.1/../../../../arm-none-eabi/lib/thumb/v7e-m+dp/hard\libc_nano.a(libc_a-init.o)
 .ARM.attributes
                0x00000811       0x32 C:/ST/STM32CubeIDE_1.16.1/STM32CubeIDE/plugins/com.st.stm32cube.ide.mcu.externaltools.gnu-tools-for-stm32.12.3.rel1.win32_1.0.200.202406191623/tools/bin/../lib/gcc/arm-none-eabi/12.3.1/../../../../arm-none-eabi/lib/thumb/v7e-m+dp/hard\libc_nano.a(libc_a-lock.o)
 .ARM.attributes
                0x00000843       0x32 C:/ST/STM32CubeIDE_1.16.1/STM32CubeIDE/plugins/com.st.stm32cube.ide.mcu.externaltools.gnu-tools-for-stm32.12.3.rel1.win32_1.0.200.202406191623/tools/bin/../lib/gcc/arm-none-eabi/12.3.1/../../../../arm-none-eabi/lib/thumb/v7e-m+dp/hard\libc_nano.a(libc_a-memcpy-stub.o)
 .ARM.attributes
                0x00000875       0x32 C:/ST/STM32CubeIDE_1.16.1/STM32CubeIDE/plugins/com.st.stm32cube.ide.mcu.externaltools.gnu-tools-for-stm32.12.3.rel1.win32_1.0.200.202406191623/tools/bin/../lib/gcc/arm-none-eabi/12.3.1/../../../../arm-none-eabi/lib/thumb/v7e-m+dp/hard\libc_nano.a(libc_a-freer.o)
 .ARM.attributes
                0x000008a7       0x32 C:/ST/STM32CubeIDE_1.16.1/STM32CubeIDE/plugins/com.st.stm32cube.ide.mcu.externaltools.gnu-tools-for-stm32.12.3.rel1.win32_1.0.200.202406191623/tools/bin/../lib/gcc/arm-none-eabi/12.3.1/../../../../arm-none-eabi/lib/thumb/v7e-m+dp/hard\libc_nano.a(libc_a-mallocr.o)
 .ARM.attributes
                0x000008d9       0x32 C:/ST/STM32CubeIDE_1.16.1/STM32CubeIDE/plugins/com.st.stm32cube.ide.mcu.externaltools.gnu-tools-for-stm32.12.3.rel1.win32_1.0.200.202406191623/tools/bin/../lib/gcc/arm-none-eabi/12.3.1/../../../../arm-none-eabi/lib/thumb/v7e-m+dp/hard\libc_nano.a(libc_a-mlock.o)
 .ARM.attributes
                0x0000090b       0x20 C:/ST/STM32CubeIDE_1.16.1/STM32CubeIDE/plugins/com.st.stm32cube.ide.mcu.externaltools.gnu-tools-for-stm32.12.3.rel1.win32_1.0.200.202406191623/tools/bin/../lib/gcc/arm-none-eabi/12.3.1/thumb/v7e-m+dp/hard\libgcc.a(_aeabi_uldivmod.o)
 .ARM.attributes
                0x0000092b       0x32 C:/ST/STM32CubeIDE_1.16.1/STM32CubeIDE/plugins/com.st.stm32cube.ide.mcu.externaltools.gnu-tools-for-stm32.12.3.rel1.win32_1.0.200.202406191623/tools/bin/../lib/gcc/arm-none-eabi/12.3.1/thumb/v7e-m+dp/hard\libgcc.a(_udivmoddi4.o)
 .ARM.attributes
                0x0000095d       0x20 C:/ST/STM32CubeIDE_1.16.1/STM32CubeIDE/plugins/com.st.stm32cube.ide.mcu.externaltools.gnu-tools-for-stm32.12.3.rel1.win32_1.0.200.202406191623/tools/bin/../lib/gcc/arm-none-eabi/12.3.1/thumb/v7e-m+dp/hard\libgcc.a(_dvmd_tls.o)
 .ARM.attributes
                0x0000097d       0x20 C:/ST/STM32CubeIDE_1.16.1/STM32CubeIDE/plugins/com.st.stm32cube.ide.mcu.externaltools.gnu-tools-for-stm32.12.3.rel1.win32_1.0.200.202406191623/tools/bin/../lib/gcc/arm-none-eabi/12.3.1/thumb/v7e-m+dp/hard/crtn.o
OUTPUT(PODEJSCIE3.elf elf32-littlearm)
LOAD linker stubs
LOAD C:/ST/STM32CubeIDE_1.16.1/STM32CubeIDE/plugins/com.st.stm32cube.ide.mcu.externaltools.gnu-tools-for-stm32.12.3.rel1.win32_1.0.200.202406191623/tools/bin/../lib/gcc/arm-none-eabi/12.3.1/../../../../arm-none-eabi/lib/thumb/v7e-m+dp/hard\libc.a
LOAD C:/ST/STM32CubeIDE_1.16.1/STM32CubeIDE/plugins/com.st.stm32cube.ide.mcu.externaltools.gnu-tools-for-stm32.12.3.rel1.win32_1.0.200.202406191623/tools/bin/../lib/gcc/arm-none-eabi/12.3.1/../../../../arm-none-eabi/lib/thumb/v7e-m+dp/hard\libm.a
LOAD C:/ST/STM32CubeIDE_1.16.1/STM32CubeIDE/plugins/com.st.stm32cube.ide.mcu.externaltools.gnu-tools-for-stm32.12.3.rel1.win32_1.0.200.202406191623/tools/bin/../lib/gcc/arm-none-eabi/12.3.1/thumb/v7e-m+dp/hard\libgcc.a

.debug_info     0x00000000    0x35121
 .debug_info    0x00000000     0x14d5 ./Core/Src/SEGGER_RTT.o
 .debug_info    0x000014d5      0x414 ./Core/Src/SEGGER_RTT_printf.o
 .debug_info    0x000018e9     0x1696 ./Core/Src/bq79600.o
 .debug_info    0x00002f7f      0xfc8 ./Core/Src/bq79600_bsp.o
 .debug_info    0x00003f47     0x47bb ./Core/Src/main.o
 .debug_info    0x00008702     0x2f05 ./Core/Src/stm32h7xx_hal_msp.o
 .debug_info    0x0000b607     0x1097 ./Core/Src/stm32h7xx_hal_timebase_tim.o
 .debug_info    0x0000c69e      0xc12 ./Core/Src/stm32h7xx_it.o