Archive member included to satisfy reference by file (symbol)

C:/ST/STM32CubeIDE_1.16.1/STM32CubeIDE/plugins/com.st.stm32cube.ide.mcu.externaltools.gnu-tools-for-stm32.13.3.rel1.win32_1.0.0.202411081344/tools/bin/../lib/gcc/arm-none-eabi/13.3.1/../../../../arm-none-eabi/lib/thumb/v7e-m+dp/hard\libc_nano.a(libc_a-exit.o)
                              C:/ST/STM32CubeIDE_1.16.1/STM32CubeIDE/plugins/com.st.stm32cube.ide.mcu.externaltools.gnu-tools-for-stm32.13.3.rel1.win32_1.0.0.202411081344/tools/bin/../lib/gcc/arm-none-eabi/13.3.1/../../../../arm-none-eabi/lib/thumb/v7e-m+dp/hard/crt0.o (exit)
C:/ST/STM32CubeIDE_1.16.1/STM32CubeIDE/plugins/com.st.stm32cube.ide.mcu.externaltools.gnu-tools-for-stm32.13.3.rel1.win32_1.0.0.202411081344/tools/bin/../lib/gcc/arm-none-eabi/13.3.1/../../../../arm-none-eabi/lib/thumb/v7e-m+dp/hard\libc_nano.a(libc_a-findfp.o)
                              C:/ST/STM32CubeIDE_1.16.1/STM32CubeIDE/plugins/com.st.stm32cube.ide.mcu.externaltools.gnu-tools-for-stm32.13.3.rel1.win32_1.0.0.202411081344/tools/bin/../lib/gcc/arm-none-eabi/13.3.1/../../../../arm-none-eabi/lib/thumb/v7e-m+dp/hard\libc_nano.a(libc_a-exit.o) (__stdio_exit_handler)
C:/ST/STM32CubeIDE_1.16.1/STM32CubeIDE/plugins/com.st.stm32cube.ide.mcu.externaltools.gnu-tools-for-stm32.13.3.rel1.win32_1.0.0.202411081344/tools/bin/../lib/gcc/arm-none-eabi/13.3.1/../../../../arm-none-eabi/lib/thumb/v7e-m+dp/hard\libc_nano.a(libc_a-fwalk.o)
                              C:/ST/STM32CubeIDE_1.16.1/STM32CubeIDE/plugins/com.st.stm32cube.ide.mcu.externaltools.gnu-tools-for-stm32.13.3.rel1.win32_1.0.0.202411081344/tools/bin/../lib/gcc/arm-none-eabi/13.3.1/../../../../arm-none-eabi/lib/thumb/v7e-m+dp/hard\libc_nano.a(libc_a-findfp.o) (_fwalk_sglue)
C:/ST/STM32CubeIDE_1.16.1/STM32CubeIDE/plugins/com.st.stm32cube.ide.mcu.externaltools.gnu-tools-for-stm32.13.3.rel1.win32_1.0.0.202411081344/tools/bin/../lib/gcc/arm-none-eabi/13.3.1/../../../../arm-none-eabi/lib/thumb/v7e-m+dp/hard\libc_nano.a(libc_a-printf.o)
                              ./Middlewares/ST/STM32_USB_Device_Library/Core/Src/usbd_core.o (printf)
C:/ST/STM32CubeIDE_1.16.1/STM32CubeIDE/plugins/com.st.stm32cube.ide.mcu.externaltools.gnu-tools-for-stm32.13.3.rel1.win32_1.0.0.202411081344/tools/bin/../lib/gcc/arm-none-eabi/13.3.1/../../../../arm-none-eabi/lib/thumb/v7e-m+dp/hard\libc_nano.a(libc_a-putchar.o)
                              ./Middlewares/ST/STM32_USB_Device_Library/Core/Src/usbd_core.o (putchar)
C:/ST/STM32CubeIDE_1.16.1/STM32CubeIDE/plugins/com.st.stm32cube.ide.mcu.externaltools.gnu-tools-for-stm32.13.3.rel1.win32_1.0.0.202411081344/tools/bin/../lib/gcc/arm-none-eabi/13.3.1/../../../../arm-none-eabi/lib/thumb/v7e-m+dp/hard\libc_nano.a(libc_a-sprintf.o)
                              ./Core/Src/main.o (sprintf)
C:/ST/STM32CubeIDE_1.16.1/STM32CubeIDE/plugins/com.st.stm32cube.ide.mcu.externaltools.gnu-tools-for-stm32.13.3.rel1.win32_1.0.0.202411081344/tools/bin/../lib/gcc/arm-none-eabi/13.3.1/../../../../arm-none-eabi/lib/thumb/v7e-m+dp/hard\libc_nano.a(libc_a-stdio.o)
                              C:/ST/STM32CubeIDE_1.16.1/STM32CubeIDE/plugins/com.st.stm32cube.ide.mcu.externaltools.gnu-tools-for-stm32.13.3.rel1.win32_1.0.0.202411081344/tools/bin/../lib/gcc/arm-none-eabi/13.3.1/../../../../arm-none-eabi/lib/thumb/v7e-m+dp/hard\libc_nano.a(libc_a-findfp.o) (__sread)
C:/ST/STM32CubeIDE_1.16.1/STM32CubeIDE/plugins/com.st.stm32cube.ide.mcu.externaltools.gnu-tools-for-stm32.13.3.rel1.win32_1.0.0.202411081344/tools/bin/../lib/gcc/arm-none-eabi/13.3.1/../../../../arm-none-eabi/lib/thumb/v7e-m+dp/hard\libc_nano.a(libc_a-memset.o)
                              C:/ST/STM32CubeIDE_1.16.1/STM32CubeIDE/plugins/com.st.stm32cube.ide.mcu.externaltools.gnu-tools-for-stm32.13.3.rel1.win32_1.0.0.202411081344/tools/bin/../lib/gcc/arm-none-eabi/13.3.1/../../../../arm-none-eabi/lib/thumb/v7e-m+dp/hard/crt0.o (memset)
C:/ST/STM32CubeIDE_1.16.1/STM32CubeIDE/plugins/com.st.stm32cube.ide.mcu.externaltools.gnu-tools-for-stm32.13.3.rel1.win32_1.0.0.202411081344/tools/bin/../lib/gcc/arm-none-eabi/13.3.1/../../../../arm-none-eabi/lib/thumb/v7e-m+dp/hard\libc_nano.a(libc_a-closer.o)
                              C:/ST/STM32CubeIDE_1.16.1/STM32CubeIDE/plugins/com.st.stm32cube.ide.mcu.externaltools.gnu-tools-for-stm32.13.3.rel1.win32_1.0.0.202411081344/tools/bin/../lib/gcc/arm-none-eabi/13.3.1/../../../../arm-none-eabi/lib/thumb/v7e-m+dp/hard\libc_nano.a(libc_a-stdio.o) (_close_r)
C:/ST/STM32CubeIDE_1.16.1/STM32CubeIDE/plugins/com.st.stm32cube.ide.mcu.externaltools.gnu-tools-for-stm32.13.3.rel1.win32_1.0.0.202411081344/tools/bin/../lib/gcc/arm-none-eabi/13.3.1/../../../../arm-none-eabi/lib/thumb/v7e-m+dp/hard\libc_nano.a(libc_a-reent.o)
[...]
Memory Configuration

Name             Origin             Length             Attributes
FLASH            0x08000000         0x00200000         xr
DTCMRAM          0x20000000         0x00020000         xrw
RAM_D1           0x24000000         0x00060000         xrw
RAM_D2           0x30000000         0x00008000         xrw
RAM2_D2          0x30020000         0x00004000         xrw
RAM_D3           0x38000000         0x00010000         xrw
ITCMRAM          0x00000000         0x00010000         xrw
*default*        0x00000000         0xffffffff

Linker script and memory map

LOAD C:/ST/STM32CubeIDE_1.16.1/STM32CubeIDE/plugins/com.st.stm32cube.ide.mcu.externaltools.gnu-tools-for-stm32.13.3.rel1.win32_1.0.0.202411081344/tools/bin/../lib/gcc/arm-none-eabi/13.3.1/thumb/v7e-m+dp/hard/crti.o
LOAD C:/ST/STM32CubeIDE_1.16.1/STM32CubeIDE/plugins/com.st.stm32cube.ide.mcu.externaltools.gnu-tools-for-stm32.13.3.rel1.win32_1.0.0.202411081344/tools/bin/../lib/gcc/arm-none-eabi/13.3.1/thumb/v7e-m+dp/hard/crtbegin.o
LOAD C:/ST/STM32CubeIDE_1.16.1/STM32CubeIDE/plugins/com.st.stm32cube.ide.mcu.externaltools.gnu-tools-for-stm32.13.3.rel1.win32_1.0.0.202411081344/tools/bin/../lib/gcc/arm-none-eabi/13.3.1/../../../../arm-none-eabi/lib/thumb/v7e-m+dp/hard/crt0.o
LOAD ./Core/Src/SEGGER_RTT.o
LOAD ./Core/Src/SEGGER_RTT_printf.o
LOAD ./Core/Src/Structs.o
LOAD ./Core/Src/bq79600.o
LOAD ./Core/Src/bq79600_bsp.o
LOAD ./Core/Src/main.o
LOAD ./Core/Src/stm32h7xx_hal_msp.o
LOAD ./Core/Src/stm32h7xx_hal_timebase_tim.o
LOAD ./Core/Src/stm32h7xx_it.o
LOAD ./Core/Src/syscalls.o
LOAD ./Core/Src/sysmem.o
LOAD ./Core/Src/system_stm32h7xx.o
LOAD ./Core/Startup/startup_stm32h742vitx.o
LOAD ./Drivers/STM32H7xx_HAL_Driver/Src/stm32h7xx_hal.o
LOAD ./Drivers/STM32H7xx_HAL_Driver/Src/stm32h7xx_hal_adc.o
LOAD ./Drivers/STM32H7xx_HAL_Driver/Src/stm32h7xx_hal_adc_ex.o
LOAD ./Drivers/STM32H7xx_HAL_Driver/Src/stm32h7xx_hal_cortex.o
LOAD ./Drivers/STM32H7xx_HAL_Driver/Src/stm32h7xx_hal_dma.o
LOAD ./Drivers/STM32H7xx_HAL_Driver/Src/stm32h7xx_hal_dma_ex.o
LOAD ./Drivers/STM32H7xx_HAL_Driver/Src/stm32h7xx_hal_exti.o
LOAD ./Drivers/STM32H7xx_HAL_Driver/Src/stm32h7xx_hal_fdcan.o
LOAD ./Drivers/STM32H7xx_HAL_Driver/Src/stm32h7xx_hal_flash.o
LOAD ./Drivers/STM32H7xx_HAL_Driver/Src/stm32h7xx_hal_flash_ex.o
LOAD ./Drivers/STM32H7xx_HAL_Driver/Src/stm32h7xx_hal_gpio.o
LOAD ./Drivers/STM32H7xx_HAL_Driver/Src/stm32h7xx_hal_hsem.o
LOAD ./Drivers/STM32H7xx_HAL_Driver/Src/stm32h7xx_hal_i2c.o
LOAD ./Drivers/STM32H7xx_HAL_Driver/Src/stm32h7xx_hal_i2c_ex.o
LOAD ./Drivers/STM32H7xx_HAL_Driver/Src/stm32h7xx_hal_mdma.o
LOAD ./Drivers/STM32H7xx_HAL_Driver/Src/stm32h7xx_hal_pcd.o
LOAD ./Drivers/STM32H7xx_HAL_Driver/Src/stm32h7xx_hal_pcd_ex.o
LOAD ./Drivers/STM32H7xx_HAL_Driver/Src/stm32h7xx_hal_pwr.o
LOAD ./Drivers/STM32H7xx_HAL_Driver/Src/stm32h7xx_hal_pwr_ex.o
LOAD ./Drivers/STM32H7xx_HAL_Driver/Src/stm32h7xx_hal_rcc.o
LOAD ./Drivers/STM32H7xx_HAL_Driver/Src/stm32h7xx_hal_rcc_ex.o
LOAD ./Drivers/STM32H7xx_HAL_Driver/Src/stm32h7xx_hal_tim.o
LOAD ./Drivers/STM32H7xx_HAL_Driver/Src/stm32h7xx_hal_tim_ex.o
LOAD ./Drivers/STM32H7xx_HAL_Driver/Src/stm32h7xx_hal_uart.o
LOAD ./Drivers/STM32H7xx_HAL_Driver/Src/stm32h7xx_hal_uart_ex.o
LOAD ./Drivers/STM32H7xx_HAL_Driver/Src/stm32h7xx_ll_usb.o
LOAD ./Middlewares/ST/STM32_USB_Device_Library/Class/CDC/Src/usbd_cdc.o
LOAD ./Middlewares/ST/STM32_USB_Device_Library/Core/Src/usbd_core.o
LOAD ./Middlewares/ST/STM32_USB_Device_Library/Core/Src/usbd_ctlreq.o
LOAD ./Middlewares/ST/STM32_USB_Device_Library/Core/Src/usbd_ioreq.o
LOAD ./USB_DEVICE/App/usb_device.o
LOAD ./USB_DEVICE/App/usbd_cdc_if.o
LOAD ./USB_DEVICE/App/usbd_desc.o
LOAD ./USB_DEVICE/Target/usbd_conf.o
START GROUP
LOAD C:/ST/STM32CubeIDE_1.16.1/STM32CubeIDE/plugins/com.st.stm32cube.ide.mcu.externaltools.gnu-tools-for-stm32.13.3.rel1.win32_1.0.0.202411081344/tools/bin/../lib/gcc/arm-none-eabi/13.3.1/../../../../arm-none-eabi/lib/thumb/v7e-m+dp/hard\libc_nano.a
LOAD C:/ST/STM32CubeIDE_1.16.1/STM32CubeIDE/plugins/com.st.stm32cube.ide.mcu.externaltools.gnu-tools-for-stm32.13.3.rel1.win32_1.0.0.202411081344/tools/bin/../lib/gcc/arm-none-eabi/13.3.1/../../../../arm-none-eabi/lib/thumb/v7e-m+dp/hard\libm.a
END GROUP
START GROUP
LOAD C:/ST/STM32CubeIDE_1.16.1/STM32CubeIDE/plugins/com.st.stm32cube.ide.mcu.externaltools.gnu-tools-for-stm32.13.3.rel1.win32_1.0.0.202411081344/tools/bin/../lib/gcc/arm-none-eabi/13.3.1/thumb/v7e-m+dp/hard\libgcc.a
LOAD C:/ST/STM32CubeIDE_1.16.1/STM32CubeIDE/plugins/com.st.stm32cube.ide.mcu.externaltools.gnu-tools-for-stm32.13.3.rel1.win32_1.0.0.202411081344/tools/bin/../lib/gcc/arm-none-eabi/13.3.1/../../../../arm-none-eabi/lib/thumb/v7e-m+dp/hard\libc_nano.a
END GROUP
START GROUP
LOAD C:/ST/STM32CubeIDE_1.16.1/STM32CubeIDE/plugins/com.st.stm32cube.ide.mcu.externaltools.gnu-tools-for-stm32.13.3.rel1.win32_1.0.0.202411081344/tools/bin/../lib/gcc/arm-none-eabi/13.3.1/thumb/v7e-m+dp/hard\libgcc.a
LOAD C:/ST/STM32CubeIDE_1.16.1/STM32CubeIDE/plugins/com.st.stm32cube.ide.mcu.externaltools.gnu-tools-for-stm32.13.3.rel1.win32_1.0.0.202411081344/tools/bin/../lib/gcc/arm-none-eabi/13.3.1/../../../../arm-none-eabi/lib/thumb/v7e-m+dp/hard\libc_nano.a
LOAD C:/ST/STM32CubeIDE_1.16.1/STM32CubeIDE/plugins/com.st.stm32cube.ide.mcu.externaltools.gnu-tools-for-stm32.13.3.rel1.win32_1.0.0.202411081344/tools/bin/../lib/gcc/arm-none-eabi/13.3.1/../../../../arm-none-eabi/lib/thumb/v7e-m+dp/hard\libnosys.a
END GROUP
START GROUP
LOAD C:/ST/STM32CubeIDE_1.16.1/STM32CubeIDE/plugins/com.st.stm32cube.ide.mcu.externaltools.gnu-tools-for-stm32.13.3.rel1.win32_1.0.0.202411081344/tools/bin/../lib/gcc/arm-none-eabi/13.3.1/thumb/v7e-m+dp/hard\libgcc.a
LOAD C:/ST/STM32CubeIDE_1.16.1/STM32CubeIDE/plugins/com.st.stm32cube.ide.mcu.externaltools.gnu-tools-for-stm32.13.3.rel1.win32_1.0.0.202411081344/tools/bin/../lib/gcc/arm-none-eabi/13.3.1/../../../../arm-none-eabi/lib/thumb/v7e-m+dp/hard\libc_nano.a
LOAD C:/ST/STM32CubeIDE_1.16.1/STM32CubeIDE/plugins/com.st.stm32cube.ide.mcu.externaltools.gnu-tools-for-stm32.13.3.rel1.win32_1.0.0.202411081344/tools/bin/../lib/gcc/arm-none-eabi/13.3.1/../../../../arm-none-eabi/lib/thumb/v7e-m+dp/hard\libnosys.a
END GROUP
LOAD C:/ST/STM32CubeIDE_1.16.1/STM32CubeIDE/plugins/com.st.stm32cube.ide.mcu.externaltools.gnu-tools-for-stm32.13.3.rel1.win32_1.0.0.202411081344/tools/bin/../lib/gcc/arm-none-eabi/13.3.1/thumb/v7e-m+dp/hard/crtend.o
LOAD C:/ST/STM32CubeIDE_1.16.1/STM32CubeIDE/plugins/com.st.stm32cube.ide.mcu.externaltools.gnu-tools-for-stm32.13.3.rel1.win32_1.0.0.202411081344/tools/bin/../lib/gcc/arm-none-eabi/13.3.1/thumb/v7e-m+dp/hard/crtn.o
                0x24060000                        _estack = (ORIGIN (RAM_D1) + LENGTH (RAM_D1))
                0x00000200                        _Min_Heap_Size = 0x200
                0x00000400                        _Min_Stack_Size = 0x400

.isr_vector     0x08000000      0x298
                0x08000000                        . = ALIGN (0x4)
 *(.isr_vector)
 .isr_vector    0x08000000      0x298 ./Core/Startup/startup_stm32h742vitx.o
                0x08000000                g_pfnVectors
                0x08000298                        . = ALIGN (0x4)

.text           0x080002a0    0x16f70
                0x080002a0                        . = ALIGN (0x4)
 *(.text)
 .text          0x080002a0       0x40 C:/ST/STM32CubeIDE_1.16.1/STM32CubeIDE/plugins/com.st.stm32cube.ide.mcu.externaltools.gnu-tools-for-stm32.13.3.rel1.win32_1.0.0.202411081344/tools/bin/../lib/gcc/arm-none-eabi/13.3.1/thumb/v7e-m+dp/hard/crtbegin.o
 .text          0x080002e0       0x14 C:/ST/STM32CubeIDE_1.16.1/STM32CubeIDE/plugins/com.st.stm32cube.ide.mcu.externaltools.gnu-tools-for-stm32.13.3.rel1.win32_1.0.0.202411081344/tools/bin/../lib/gcc/arm-none-eabi/13.3.1/../../../../arm-none-eabi/lib/thumb/v7e-m+dp/hard\libc_nano.a(libc_a-strcmp.o)
                0x080002e0                strcmp
 .text          0x080002f4       0x10 C:/ST/STM32CubeIDE_1.16.1/STM32CubeIDE/plugins/com.st.stm32cube.ide.mcu.externaltools.gnu-tools-for-stm32.13.3.rel1.win32_1.0.0.202411081344/tools/bin/../lib/gcc/arm-none-eabi/13.3.1/../../../../arm-none-eabi/lib/thumb/v7e-m+dp/hard\libc_nano.a(libc_a-strlen.o)
                0x080002f4                strlen
 *fill*         0x08000304        0xc 
 .text          0x08000310       0xa0 C:/ST/STM32CubeIDE_1.16.1/STM32CubeIDE/plugins/com.st.stm32cube.ide.mcu.externaltools.gnu-tools-for-stm32.13.3.rel1.win32_1.0.0.202411081344/tools/bin/../lib/gcc/arm-none-eabi/13.3.1/../../../../arm-none-eabi/lib/thumb/v7e-m+dp/hard\libc_nano.a(libc_a-memchr.o)
                0x08000310                memchr
 .text          0x080003b0       0x30 C:/ST/STM32CubeIDE_1.16.1/STM32CubeIDE/plugins/com.st.stm32cube.ide.mcu.externaltools.gnu-tools-for-stm32.13.3.rel1.win32_1.0.0.202411081344/tools/bin/../lib/gcc/arm-none-eabi/13.3.1/thumb/v7e-m+dp/hard\libgcc.a(_aeabi_uldivmod.o)
                0x080003b0                __aeabi_uldivmod
 .text          0x080003e0      0x2f8 C:/ST/STM32CubeIDE_1.16.1/STM32CubeIDE/plugins/com.st.stm32cube.ide.mcu.externaltools.gnu-tools-for-stm32.13.3.rel1.win32_1.0.0.202411081344/tools/bin/../lib/gcc/arm-none-eabi/13.3.1/thumb/v7e-m+dp/hard\libgcc.a(_udivmoddi4.o)
                0x080003e0                __udivmoddi4
 .text          0x080006d8        0x4 C:/ST/STM32CubeIDE_1.16.1/STM32CubeIDE/plugins/com.st.stm32cube.ide.mcu.externaltools.gnu-tools-for-stm32.13.3.rel1.win32_1.0.0.202411081344/tools/bin/../lib/gcc/arm-none-eabi/13.3.1/thumb/v7e-m+dp/hard\libgcc.a(_dvmd_tls.o)
                0x080006d8                __aeabi_idiv0
                0x080006d8                __aeabi_ldiv0
 *(.text*)
 .text._DoInit  0x080006dc       0xb4 ./Core/Src/SEGGER_RTT.o
 .text._WriteBlocking
                0x08000790       0xba ./Core/Src/SEGGER_RTT.o
 .text._WriteNoCheck
                0x0800084a       0x90 ./Core/Src/SEGGER_RTT.o
 .text._GetAvailWriteSpace
                0x080008da       0x46 ./Core/Src/SEGGER_RTT.o
 .text.SEGGER_RTT_WriteNoLock
                0x08000920       0xa0 ./Core/Src/SEGGER_RTT.o
                0x08000920                SEGGER_RTT_WriteNoLock
 .text.SEGGER_RTT_Write
                0x080009c0       0x4c ./Core/Src/SEGGER_RTT.o
                0x080009c0                SEGGER_RTT_Write
 .text._StoreChar
                0x08000a0c       0x7c ./Core/Src/SEGGER_RTT_printf.o
 .text._PrintUnsigned
                0x08000a88      0x158 ./Core/Src/SEGGER_RTT_printf.o
 .text._PrintInt
                0x08000be0      0x14e ./Core/Src/SEGGER_RTT_printf.o
 *fill*         0x08000d2e        0x2 
 .text.SEGGER_RTT_vprintf
                0x08000d30      0x3b4 ./Core/Src/SEGGER_RTT_printf.o
                0x08000d30                SEGGER_RTT_vprintf
 .text.SEGGER_RTT_printf
                0x080010e4       0x30 ./Core/Src/SEGGER_RTT_printf.o
                0x080010e4                SEGGER_RTT_printf
 .text.raw_to_float
                0x08001114       0x36 ./Core/Src/Structs.o
                0x08001114                raw_to_float
 .text.bq79600_construct_command
                0x0800114a      0x122 ./Core/Src/bq79600.o
                0x0800114a                bq79600_construct_command
 .text.bq79600_tx
                0x0800126c       0x74 ./Core/Src/bq79600.o
                0x0800126c                bq79600_tx
 .text.bq79600_rx_callback
                0x080012e0      0x1e0 ./Core/Src/bq79600.o
                0x080012e0                bq79600_rx_callback
 .text.bq79600_write_reg
                0x080014c0       0x4c ./Core/Src/bq79600.o
                0x080014c0                bq79600_write_reg
 .text.open_bq79600_instance
                0x0800150c       0x30 ./Core/Src/bq79600.o
                0x0800150c                open_bq79600_instance
 .text.bq79600_auto_addressing
                0x0800153c      0x18a ./Core/Src/bq79600.o
                0x0800153c                bq79600_auto_addressing
 .text.initalize_communication
                0x080016c6      0x424 ./Core/Src/bq79600.o
                0x080016c6                initalize_communication
 *fill*         0x08001aea        0x2 
 .text.HAL_UARTEx_RxEventCallback
                0x08001aec       0x6c ./Core/Src/bq79600.o
                0x08001aec                HAL_UARTEx_RxEventCallback
 .text.voltage_to_temperature
                0x08001b58       0x58 ./Core/Src/bq79600.o
                0x08001b58                voltage_to_temperature
 .text.voltage_to_temperature2
                0x08001bb0       0x70 ./Core/Src/bq79600.o
                0x08001bb0                voltage_to_temperature2
 .text.bq79600_bsp_ready
                0x08001c20       0x40 ./Core/Src/bq79600_bsp.o
                0x08001c20                bq79600_bsp_ready
 .text.bq79600_bsp_uart_tx
                0x08001c60       0x30 ./Core/Src/bq79600_bsp.o
                0x08001c60                bq79600_bsp_uart_tx
 .text.bq79600_bsp_crc
                0x08001c90       0x5c ./Core/Src/bq79600_bsp.o
                0x08001c90                bq79600_bsp_crc
 .text.USB_RXCallback
                0x08001cec       0x3c ./Core/Src/main.o
                0x08001cec                USB_RXCallback
 .text.main     0x08001d28       0x74 ./Core/Src/main.o
                0x08001d28                main
 .text.SystemClock_Config
                0x08001d9c       0xfc ./Core/Src/main.o
                0x08001d9c                SystemClock_Config
 .text.MX_ADC1_Init
                0x08001e98       0xf8 ./Core/Src/main.o
 .text.MX_FDCAN1_Init
                0x08001f90       0xc8 ./Core/Src/main.o
 .text.MX_TIM1_Init
                0x08002058       0xa8 ./Core/Src/main.o
 .text.MX_TIM2_Init
                0x08002100       0xa0 ./Core/Src/main.o
 .text.MX_UART4_Init
                0x080021a0       0xa8 ./Core/Src/main.o
                0x080021a0                MX_UART4_Init
 .text.MX_USB_OTG_HS_PCD_Init
                0x08002248       0x64 ./Core/Src/main.o
 .text.MX_DMA_Init
                0x080022ac       0x50 ./Core/Src/main.o
 .text.MX_GPIO_Init
                0x080022fc      0x174 ./Core/Src/main.o
 .text.BQ_INNIT
                0x08002470       0xdc ./Core/Src/main.o
                0x08002470                BQ_INNIT
 *fill*         0x0800254c        0x4 
 .text.BQ_COMM  0x08002550      0xc18 ./Core/Src/main.o
                0x08002550                BQ_COMM
 .text.Usb_COMM
                0x08003168      0xbb8 ./Core/Src/main.o
                0x08003168                Usb_COMM
 .text.MPU_Config
                0x08003d20       0x58 ./Core/Src/main.o
 .text.HAL_TIM_PeriodElapsedCallback
                0x08003d78       0x24 ./Core/Src/main.o
                0x08003d78                HAL_TIM_PeriodElapsedCallback
 .text.Error_Handler
                0x08003d9c        0xc ./Core/Src/main.o
                0x08003d9c                Error_Handler
 .text.HAL_MspInit
                0x08003da8       0x34 ./Core/Src/stm32h7xx_hal_msp.o
                0x08003da8                HAL_MspInit
 .text.HAL_ADC_MspInit
                0x08003ddc       0xe4 ./Core/Src/stm32h7xx_hal_msp.o
                0x08003ddc                HAL_ADC_MspInit
 .text.HAL_FDCAN_MspInit
                0x08003ec0       0xd4 ./Core/Src/stm32h7xx_hal_msp.o
                0x08003ec0                HAL_FDCAN_MspInit
 .text.HAL_TIM_Base_MspInit
                0x08003f94       0x70 ./Core/Src/stm32h7xx_hal_msp.o
                0x08003f94                HAL_TIM_Base_MspInit
 .text.HAL_UART_MspInit
                0x08004004      0x1cc ./Core/Src/stm32h7xx_hal_msp.o
                0x08004004                HAL_UART_MspInit
 .text.HAL_UART_MspDeInit
                0x080041d0       0x5c ./Core/Src/stm32h7xx_hal_msp.o
                0x080041d0                HAL_UART_MspDeInit
 .text.HAL_InitTick
                0x0800422c       0xd8 ./Core/Src/stm32h7xx_hal_timebase_tim.o
                0x0800422c                HAL_InitTick
 .text.NMI_Handler
                0x08004304        0x8 ./Core/Src/stm32h7xx_it.o
                0x08004304                NMI_Handler
 .text.HardFault_Handler
                0x0800430c        0x8 ./Core/Src/stm32h7xx_it.o
                0x0800430c                HardFault_Handler
 .text.MemManage_Handler
                0x08004314        0x8 ./Core/Src/stm32h7xx_it.o
                0x08004314                MemManage_Handler
 .text.BusFault_Handler
                0x0800431c        0x8 ./Core/Src/stm32h7xx_it.o
                0x0800431c                BusFault_Handler
 .text.UsageFault_Handler
                0x08004324        0x8 ./Core/Src/stm32h7xx_it.o
                0x08004324                UsageFault_Handler
 .text.SVC_Handler
                0x0800432c        0xe ./Core/Src/stm32h7xx_it.o
                0x0800432c                SVC_Handler
 .text.DebugMon_Handler
                0x0800433a        0xe ./Core/Src/stm32h7xx_it.o
                0x0800433a                DebugMon_Handler
 .text.PendSV_Handler
                0x08004348        0xe ./Core/Src/stm32h7xx_it.o
                0x08004348                PendSV_Handler
 .text.SysTick_Handler
                0x08004356        0xe ./Core/Src/stm32h7xx_it.o
                0x08004356                SysTick_Handler
 .text.DMA1_Stream4_IRQHandler
                0x08004364       0x14 ./Core/Src/stm32h7xx_it.o
                0x08004364                DMA1_Stream4_IRQHandler
 .text.DMA1_Stream5_IRQHandler
                0x08004378       0x14 ./Core/Src/stm32h7xx_it.o
                0x08004378                DMA1_Stream5_IRQHandler
 .text.TIM5_IRQHandler
                0x0800438c       0x14 ./Core/Src/stm32h7xx_it.o
                0x0800438c                TIM5_IRQHandler
 .text.UART4_IRQHandler
                0x080043a0       0x14 ./Core/Src/stm32h7xx_it.o
                0x080043a0                UART4_IRQHandler
 .text.OTG_HS_EP1_OUT_IRQHandler
                0x080043b4       0x14 ./Core/Src/stm32h7xx_it.o
                0x080043b4                OTG_HS_EP1_OUT_IRQHandler
 .text.OTG_HS_EP1_IN_IRQHandler
                0x080043c8       0x14 ./Core/Src/stm32h7xx_it.o
                0x080043c8                OTG_HS_EP1_IN_IRQHandler
 .text.OTG_FS_IRQHandler
                0x080043dc       0x14 ./Core/Src/stm32h7xx_it.o
                0x080043dc                OTG_FS_IRQHandler
 .text._read    0x080043f0       0x3a ./Core/Src/syscalls.o
                0x080043f0                _read
 .text._write   0x0800442a       0x38 ./Core/Src/syscalls.o
                0x0800442a                _write
 .text._close   0x08004462       0x18 ./Core/Src/syscalls.o
                0x08004462                _close
 .text._fstat   0x0800447a       0x20 ./Core/Src/syscalls.o
                0x0800447a                _fstat
 .text._isatty  0x0800449a       0x16 ./Core/Src/syscalls.o
                0x0800449a                _isatty
 .text._lseek   0x080044b0       0x1a ./Core/Src/syscalls.o
                0x080044b0                _lseek
 *fill*         0x080044ca        0x2 
 .text._sbrk    0x080044cc       0x6c ./Core/Src/sysmem.o
                0x080044cc                _sbrk
 .text.SystemInit
                0x08004538      0x110 ./Core/Src/system_stm32h7xx.o
                0x08004538                SystemInit
 .text.Reset_Handler
                0x08004648       0x50 ./Core/Startup/startup_stm32h742vitx.o
                0x08004648                Reset_Handler
 .text.Default_Handler
                0x08004698        0x2 ./Core/Startup/startup_stm32h742vitx.o
                0x08004698                RTC_Alarm_IRQHandler
                0x08004698                EXTI2_IRQHandler
                0x08004698                TIM8_CC_IRQHandler
                0x08004698                HRTIM1_Master_IRQHandler
                0x08004698                UART8_IRQHandler
                0x08004698                SPI4_IRQHandler
                0x08004698                TIM1_CC_IRQHandler
                0x08004698                BDMA_Channel6_IRQHandler
                0x08004698                DMA2_Stream5_IRQHandler
                0x08004698                HRTIM1_FLT_IRQHandler
                0x08004698                BDMA_Channel1_IRQHandler
                0x08004698                HRTIM1_TIMD_IRQHandler
                0x08004698                TAMP_STAMP_IRQHandler
                0x08004698                EXTI3_IRQHandler
                0x08004698                LPTIM4_IRQHandler
                0x08004698                TIM8_TRG_COM_TIM14_IRQHandler
                0x08004698                LPTIM2_IRQHandler
                0x08004698                DFSDM1_FLT1_IRQHandler
                0x08004698                DMAMUX2_OVR_IRQHandler
                0x08004698                TIM8_UP_TIM13_IRQHandler
                0x08004698                I2C3_ER_IRQHandler
                0x08004698                DFSDM1_FLT2_IRQHandler
                0x08004698                MDMA_IRQHandler
                0x08004698                LPTIM3_IRQHandler
                0x08004698                HSEM1_IRQHandler
                0x08004698                EXTI0_IRQHandler
                0x08004698                I2C2_EV_IRQHandler
                0x08004698                DMA1_Stream2_IRQHandler
                0x08004698                FPU_IRQHandler
                0x08004698                OTG_HS_WKUP_IRQHandler
                0x08004698                FDCAN1_IT1_IRQHandler
                0x08004698                DMA2_Stream2_IRQHandler
                0x08004698                HRTIM1_TIME_IRQHandler
                0x08004698                SPI1_IRQHandler
                0x08004698                TIM6_DAC_IRQHandler
                0x08004698                DCMI_IRQHandler
                0x08004698                HRTIM1_TIMC_IRQHandler
                0x08004698                DMA2_Stream3_IRQHandler
                0x08004698                SAI2_IRQHandler
                0x08004698                DFSDM1_FLT3_IRQHandler
                0x08004698                USART6_IRQHandler
                0x08004698                TIM17_IRQHandler
                0x08004698                USART3_IRQHandler
                0x08004698                BDMA_Channel7_IRQHandler
                0x08004698                LPTIM5_IRQHandler
                0x08004698                UART5_IRQHandler
                0x08004698                ADC3_IRQHandler
                0x08004698                DMA2_Stream0_IRQHandler
                0x08004698                TIM4_IRQHandler
                0x08004698                BDMA_Channel2_IRQHandler
                0x08004698                QUADSPI_IRQHandler
                0x08004698                I2C1_EV_IRQHandler
                0x08004698                DMA1_Stream6_IRQHandler
                0x08004698                DMAMUX1_OVR_IRQHandler
                0x08004698                DMA1_Stream1_IRQHandler
                0x08004698                TIM16_IRQHandler
                0x08004698                BDMA_Channel5_IRQHandler
                0x08004698                TIM3_IRQHandler
                0x08004698                RCC_IRQHandler
                0x08004698                TIM8_BRK_TIM12_IRQHandler
                0x08004698                TIM1_TRG_COM_IRQHandler
                0x08004698                Default_Handler
                0x08004698                ECC_IRQHandler
                0x08004698                CEC_IRQHandler
                0x08004698                EXTI15_10_IRQHandler
                0x08004698                BDMA_Channel0_IRQHandler
                0x08004698                ADC_IRQHandler
                0x08004698                DMA1_Stream7_IRQHandler
                0x08004698                HRTIM1_TIMA_IRQHandler
                0x08004698                SPI5_IRQHandler
                0x08004698                TIM7_IRQHandler
                0x08004698                SDMMC1_IRQHandler
                0x08004698                DMA2_Stream7_IRQHandler
                0x08004698                TIM15_IRQHandler
                0x08004698                PVD_AVD_IRQHandler
                0x08004698                I2C3_EV_IRQHandler
                0x08004698                EXTI9_5_IRQHandler
                0x08004698                RTC_WKUP_IRQHandler
                0x08004698                SAI3_IRQHandler
                0x08004698                ETH_WKUP_IRQHandler
                0x08004698                SPDIF_RX_IRQHandler
                0x08004698                SPI2_IRQHandler
                0x08004698                DMA1_Stream0_IRQHandler
                0x08004698                CRS_IRQHandler
                0x08004698                EXTI4_IRQHandler
                0x08004698                RNG_IRQHandler
                0x08004698                HRTIM1_TIMB_IRQHandler
                0x08004698                FDCAN2_IT1_IRQHandler
                0x08004698                ETH_IRQHandler
                0x08004698                TIM1_UP_IRQHandler
                0x08004698                BDMA_Channel4_IRQHandler
                0x08004698                WWDG_IRQHandler
                0x08004698                SPI6_IRQHandler
                0x08004698                MDIOS_IRQHandler
                0x08004698                I2C4_EV_IRQHandler
                0x08004698                FDCAN2_IT0_IRQHandler
                0x08004698                LPUART1_IRQHandler
                0x08004698                FDCAN1_IT0_IRQHandler
                0x08004698                TIM2_IRQHandler
                0x08004698                OTG_FS_WKUP_IRQHandler
                0x08004698                OTG_HS_IRQHandler
                0x08004698                DMA2D_IRQHandler
                0x08004698                TIM1_BRK_IRQHandler
                0x08004698                EXTI1_IRQHandler
                0x08004698                SDMMC2_IRQHandler
                0x08004698                OTG_FS_EP1_OUT_IRQHandler
                0x08004698                BDMA_Channel3_IRQHandler
                0x08004698                UART7_IRQHandler
                0x08004698                MDIOS_WKUP_IRQHandler
                0x08004698                USART2_IRQHandler
                0x08004698                DFSDM1_FLT0_IRQHandler
                0x08004698                SAI4_IRQHandler
                0x08004698                I2C2_ER_IRQHandler
                0x08004698                DMA2_Stream1_IRQHandler
                0x08004698                FLASH_IRQHandler
                0x08004698                DMA2_Stream4_IRQHandler
                0x08004698                USART1_IRQHandler
                0x08004698                SPI3_IRQHandler
                0x08004698                WAKEUP_PIN_IRQHandler
                0x08004698                OTG_FS_EP1_IN_IRQHandler
                0x08004698                I2C1_ER_IRQHandler
                0x08004698                FMC_IRQHandler
                0x08004698                FDCAN_CAL_IRQHandler
                0x08004698                SWPMI1_IRQHandler
                0x08004698                COMP1_IRQHandler
                0x08004698                LPTIM1_IRQHandler
                0x08004698                I2C4_ER_IRQHandler
                0x08004698                DMA2_Stream6_IRQHandler
                0x08004698                SAI1_IRQHandler
                0x08004698                DMA1_Stream3_IRQHandler
 *fill*         0x0800469a        0x2 
 .text.HAL_Init
                0x0800469c       0x78 ./Drivers/STM32H7xx_HAL_Driver/Src/stm32h7xx_hal.o
                0x0800469c                HAL_Init
 .text.HAL_IncTick
                0x08004714       0x28 ./Drivers/STM32H7xx_HAL_Driver/Src/stm32h7xx_hal.o
                0x08004714                HAL_IncTick
 .text.HAL_GetTick
                0x0800473c       0x18 ./Drivers/STM32H7xx_HAL_Driver/Src/stm32h7xx_hal.o
                0x0800473c                HAL_GetTick
 .text.HAL_Delay
                0x08004754       0x48 ./Drivers/STM32H7xx_HAL_Driver/Src/stm32h7xx_hal.o
                0x08004754                HAL_Delay
 .text.HAL_GetREVID
                0x0800479c       0x18 ./Drivers/STM32H7xx_HAL_Driver/Src/stm32h7xx_hal.o
                0x0800479c                HAL_GetREVID
 .text.LL_ADC_SetCommonClock
                0x080047b4       0x26 ./Drivers/STM32H7xx_HAL_Driver/Src/stm32h7xx_hal_adc.o
 .text.LL_ADC_SetCommonPathInternalCh
                0x080047da       0x26 ./Drivers/STM32H7xx_HAL_Driver/Src/stm32h7xx_hal_adc.o
 .text.LL_ADC_GetCommonPathInternalCh
                0x08004800       0x1c ./Drivers/STM32H7xx_HAL_Driver/Src/stm32h7xx_hal_adc.o
 .text.LL_ADC_SetChannelPreselection
                0x0800481c       0x66 ./Drivers/STM32H7xx_HAL_Driver/Src/stm32h7xx_hal_adc.o
 .text.LL_ADC_SetOffset
                0x08004882       0x40 ./Drivers/STM32H7xx_HAL_Driver/Src/stm32h7xx_hal_adc.o
 .text.LL_ADC_SetDataRightShift
                0x080048c2       0x32 ./Drivers/STM32H7xx_HAL_Driver/Src/stm32h7xx_hal_adc.o
 .text.LL_ADC_SetOffsetSignedSaturation
                0x080048f4       0x36 ./Drivers/STM32H7xx_HAL_Driver/Src/stm32h7xx_hal_adc.o
 .text.LL_ADC_REG_SetSequencerRanks
                0x0800492a       0x58 ./Drivers/STM32H7xx_HAL_Driver/Src/stm32h7xx_hal_adc.o
 .text.LL_ADC_SetChannelSamplingTime
                0x08004982       0x56 ./Drivers/STM32H7xx_HAL_Driver/Src/stm32h7xx_hal_adc.o
 .text.LL_ADC_SetChannelSingleDiff
                0x080049d8       0x48 ./Drivers/STM32H7xx_HAL_Driver/Src/stm32h7xx_hal_adc.o
 .text.LL_ADC_DisableDeepPowerDown
                0x08004a20       0x24 ./Drivers/STM32H7xx_HAL_Driver/Src/stm32h7xx_hal_adc.o
 .text.LL_ADC_IsDeepPowerDownEnabled
                0x08004a44       0x28 ./Drivers/STM32H7xx_HAL_Driver/Src/stm32h7xx_hal_adc.o
 .text.LL_ADC_EnableInternalRegulator
                0x08004a6c       0x28 ./Drivers/STM32H7xx_HAL_Driver/Src/stm32h7xx_hal_adc.o
 .text.LL_ADC_IsInternalRegulatorEnabled
                0x08004a94       0x28 ./Drivers/STM32H7xx_HAL_Driver/Src/stm32h7xx_hal_adc.o
 .text.LL_ADC_IsEnabled
                0x08004abc       0x26 ./Drivers/STM32H7xx_HAL_Driver/Src/stm32h7xx_hal_adc.o
 .text.LL_ADC_REG_IsConversionOngoing
                0x08004ae2       0x26 ./Drivers/STM32H7xx_HAL_Driver/Src/stm32h7xx_hal_adc.o
 .text.LL_ADC_INJ_IsConversionOngoing
                0x08004b08       0x26 ./Drivers/STM32H7xx_HAL_Driver/Src/stm32h7xx_hal_adc.o
 *fill*         0x08004b2e        0x2 
 .text.HAL_ADC_Init
                0x08004b30      0x344 ./Drivers/STM32H7xx_HAL_Driver/Src/stm32h7xx_hal_adc.o
                0x08004b30                HAL_ADC_Init
 .text.HAL_ADC_ConfigChannel
                0x08004e74      0x5e0 ./Drivers/STM32H7xx_HAL_Driver/Src/stm32h7xx_hal_adc.o
                0x08004e74                HAL_ADC_ConfigChannel
 .text.ADC_ConfigureBoostMode
                0x08005454      0x218 ./Drivers/STM32H7xx_HAL_Driver/Src/stm32h7xx_hal_adc.o
                0x08005454                ADC_ConfigureBoostMode
 .text.LL_ADC_IsEnabled
                0x0800566c       0x26 ./Drivers/STM32H7xx_HAL_Driver/Src/stm32h7xx_hal_adc_ex.o
 .text.LL_ADC_REG_IsConversionOngoing
                0x08005692       0x26 ./Drivers/STM32H7xx_HAL_Driver/Src/stm32h7xx_hal_adc_ex.o
 .text.HAL_ADCEx_MultiModeConfigChannel
                0x080056b8      0x1bc ./Drivers/STM32H7xx_HAL_Driver/Src/stm32h7xx_hal_adc_ex.o
                0x080056b8                HAL_ADCEx_MultiModeConfigChannel
 .text.__NVIC_SetPriorityGrouping
                0x08005874       0x48 ./Drivers/STM32H7xx_HAL_Driver/Src/stm32h7xx_hal_cortex.o
 .text.__NVIC_GetPriorityGrouping
                0x080058bc       0x1c ./Drivers/STM32H7xx_HAL_Driver/Src/stm32h7xx_hal_cortex.o
 .text.__NVIC_EnableIRQ
                0x080058d8       0x3c ./Drivers/STM32H7xx_HAL_Driver/Src/stm32h7xx_hal_cortex.o
 .text.__NVIC_DisableIRQ
                0x08005914       0x48 ./Drivers/STM32H7xx_HAL_Driver/Src/stm32h7xx_hal_cortex.o
 .text.__NVIC_SetPriority
                0x0800595c       0x54 ./Drivers/STM32H7xx_HAL_Driver/Src/stm32h7xx_hal_cortex.o
 .text.NVIC_EncodePriority
                0x080059b0       0x66 ./Drivers/STM32H7xx_HAL_Driver/Src/stm32h7xx_hal_cortex.o
 .text.HAL_NVIC_SetPriorityGrouping
                0x08005a16       0x16 ./Drivers/STM32H7xx_HAL_Driver/Src/stm32h7xx_hal_cortex.o
                0x08005a16                HAL_NVIC_SetPriorityGrouping
 .text.HAL_NVIC_SetPriority
                0x08005a2c       0x34 ./Drivers/STM32H7xx_HAL_Driver/Src/stm32h7xx_hal_cortex.o
                0x08005a2c                HAL_NVIC_SetPriority
 .text.HAL_NVIC_EnableIRQ
                0x08005a60       0x1c ./Drivers/STM32H7xx_HAL_Driver/Src/stm32h7xx_hal_cortex.o
                0x08005a60                HAL_NVIC_EnableIRQ
 .text.HAL_NVIC_DisableIRQ
                0x08005a7c       0x1c ./Drivers/STM32H7xx_HAL_Driver/Src/stm32h7xx_hal_cortex.o
                0x08005a7c                HAL_NVIC_DisableIRQ
 .text.HAL_MPU_Disable
                0x08005a98       0x30 ./Drivers/STM32H7xx_HAL_Driver/Src/stm32h7xx_hal_cortex.o
                0x08005a98                HAL_MPU_Disable
 .text.HAL_MPU_Enable
                0x08005ac8       0x40 ./Drivers/STM32H7xx_HAL_Driver/Src/stm32h7xx_hal_cortex.o
                0x08005ac8                HAL_MPU_Enable
 .text.HAL_MPU_ConfigRegion
                0x08005b08       0x80 ./Drivers/STM32H7xx_HAL_Driver/Src/stm32h7xx_hal_cortex.o
                0x08005b08                HAL_MPU_ConfigRegion
 .text.HAL_DMA_Init
                0x08005b88      0x6b8 ./Drivers/STM32H7xx_HAL_Driver/Src/stm32h7xx_hal_dma.o
                0x08005b88                HAL_DMA_Init
 .text.HAL_DMA_DeInit
                0x08006240      0x36c ./Drivers/STM32H7xx_HAL_Driver/Src/stm32h7xx_hal_dma.o
                0x08006240                HAL_DMA_DeInit
 .text.HAL_DMA_Abort
                0x080065ac      0x63c ./Drivers/STM32H7xx_HAL_Driver/Src/stm32h7xx_hal_dma.o
                0x080065ac                HAL_DMA_Abort
 .text.HAL_DMA_Abort_IT
                0x08006be8      0x48c ./Drivers/STM32H7xx_HAL_Driver/Src/stm32h7xx_hal_dma.o
                0x08006be8                HAL_DMA_Abort_IT
 .text.HAL_DMA_IRQHandler
                0x08007074      0xe54 ./Drivers/STM32H7xx_HAL_Driver/Src/stm32h7xx_hal_dma.o
                0x08007074                HAL_DMA_IRQHandler
 .text.DMA_CalcBaseAndBitshift
                0x08007ec8      0x164 ./Drivers/STM32H7xx_HAL_Driver/Src/stm32h7xx_hal_dma.o
 .text.DMA_CheckFifoParam
                0x0800802c       0xf8 ./Drivers/STM32H7xx_HAL_Driver/Src/stm32h7xx_hal_dma.o
 .text.DMA_CalcDMAMUXChannelBaseAndMask
                0x08008124      0x134 ./Drivers/STM32H7xx_HAL_Driver/Src/stm32h7xx_hal_dma.o
 .text.DMA_CalcDMAMUXRequestGenBaseAndMask
                0x08008258       0xe8 ./Drivers/STM32H7xx_HAL_Driver/Src/stm32h7xx_hal_dma.o
 .text.HAL_FDCAN_Init
                0x08008340      0x3bc ./Drivers/STM32H7xx_HAL_Driver/Src/stm32h7xx_hal_fdcan.o
                0x08008340                HAL_FDCAN_Init
 .text.FDCAN_CalcultateRamBlockAddresses
                0x080086fc      0x30c ./Drivers/STM32H7xx_HAL_Driver/Src/stm32h7xx_hal_fdcan.o
 .text.HAL_GPIO_Init
                0x08008a08      0x360 ./Drivers/STM32H7xx_HAL_Driver/Src/stm32h7xx_hal_gpio.o
                0x08008a08                HAL_GPIO_Init
 .text.HAL_GPIO_DeInit
                0x08008d68      0x214 ./Drivers/STM32H7xx_HAL_Driver/Src/stm32h7xx_hal_gpio.o
                0x08008d68                HAL_GPIO_DeInit
 .text.HAL_GPIO_WritePin
                0x08008f7c       0x32 ./Drivers/STM32H7xx_HAL_Driver/Src/stm32h7xx_hal_gpio.o
                0x08008f7c                HAL_GPIO_WritePin
 .text.HAL_GPIO_TogglePin
                0x08008fae       0x34 ./Drivers/STM32H7xx_HAL_Driver/Src/stm32h7xx_hal_gpio.o
                0x08008fae                HAL_GPIO_TogglePin
 .text.HAL_PCD_Init
                0x08008fe2      0x218 ./Drivers/STM32H7xx_HAL_Driver/Src/stm32h7xx_hal_pcd.o
                0x08008fe2                HAL_PCD_Init
 .text.HAL_PCD_Start
                0x080091fa       0x6a ./Drivers/STM32H7xx_HAL_Driver/Src/stm32h7xx_hal_pcd.o
                0x080091fa                HAL_PCD_Start
 .text.HAL_PCD_IRQHandler
                0x08009264      0x99c ./Drivers/STM32H7xx_HAL_Driver/Src/stm32h7xx_hal_pcd.o
                0x08009264                HAL_PCD_IRQHandler
 .text.HAL_PCD_SetAddress
                0x08009c00       0x48 ./Drivers/STM32H7xx_HAL_Driver/Src/stm32h7xx_hal_pcd.o
                0x08009c00                HAL_PCD_SetAddress
 .text.HAL_PCD_EP_Open
                0x08009c48       0xd4 ./Drivers/STM32H7xx_HAL_Driver/Src/stm32h7xx_hal_pcd.o
                0x08009c48                HAL_PCD_EP_Open
 .text.HAL_PCD_EP_Close
                0x08009d1c       0x94 ./Drivers/STM32H7xx_HAL_Driver/Src/stm32h7xx_hal_pcd.o
                0x08009d1c                HAL_PCD_EP_Close
 .text.HAL_PCD_EP_Receive
                0x08009db0       0x76 ./Drivers/STM32H7xx_HAL_Driver/Src/stm32h7xx_hal_pcd.o
                0x08009db0                HAL_PCD_EP_Receive
 .text.HAL_PCD_EP_GetRxCount
                0x08009e26       0x30 ./Drivers/STM32H7xx_HAL_Driver/Src/stm32h7xx_hal_pcd.o
                0x08009e26                HAL_PCD_EP_GetRxCount
 .text.HAL_PCD_EP_Transmit
                0x08009e56       0x74 ./Drivers/STM32H7xx_HAL_Driver/Src/stm32h7xx_hal_pcd.o
                0x08009e56                HAL_PCD_EP_Transmit
 .text.HAL_PCD_EP_SetStall
                0x08009eca       0xc6 ./Drivers/STM32H7xx_HAL_Driver/Src/stm32h7xx_hal_pcd.o
                0x08009eca                HAL_PCD_EP_SetStall
 .text.HAL_PCD_EP_ClrStall
                0x08009f90       0xac ./Drivers/STM32H7xx_HAL_Driver/Src/stm32h7xx_hal_pcd.o
                0x08009f90                HAL_PCD_EP_ClrStall
 .text.HAL_PCD_EP_Abort
                0x0800a03c       0x62 ./Drivers/STM32H7xx_HAL_Driver/Src/stm32h7xx_hal_pcd.o
                0x0800a03c                HAL_PCD_EP_Abort
 .text.PCD_WriteEmptyTxFifo
                0x0800a09e      0x118 ./Drivers/STM32H7xx_HAL_Driver/Src/stm32h7xx_hal_pcd.o
 *fill*         0x0800a1b6        0x2 
 .text.PCD_EP_OutXfrComplete_int
                0x0800a1b8      0x1d0 ./Drivers/STM32H7xx_HAL_Driver/Src/stm32h7xx_hal_pcd.o
 .text.PCD_EP_OutSetupPacket_int
                0x0800a388       0x8c ./Drivers/STM32H7xx_HAL_Driver/Src/stm32h7xx_hal_pcd.o
 .text.HAL_PCDEx_SetTxFiFo
                0x0800a414       0x8e ./Drivers/STM32H7xx_HAL_Driver/Src/stm32h7xx_hal_pcd_ex.o
                0x0800a414                HAL_PCDEx_SetTxFiFo
 .text.HAL_PCDEx_SetRxFiFo
                0x0800a4a2       0x22 ./Drivers/STM32H7xx_HAL_Driver/Src/stm32h7xx_hal_pcd_ex.o
                0x0800a4a2                HAL_PCDEx_SetRxFiFo
 .text.HAL_PCDEx_ActivateLPM
                0x0800a4c4       0x48 ./Drivers/STM32H7xx_HAL_Driver/Src/stm32h7xx_hal_pcd_ex.o
                0x0800a4c4                HAL_PCDEx_ActivateLPM
 .text.HAL_PCDEx_LPM_Callback
                0x0800a50c       0x18 ./Drivers/STM32H7xx_HAL_Driver/Src/stm32h7xx_hal_pcd_ex.o
                0x0800a50c                HAL_PCDEx_LPM_Callback
 .text.HAL_PWREx_ConfigSupply
                0x0800a524       0x74 ./Drivers/STM32H7xx_HAL_Driver/Src/stm32h7xx_hal_pwr_ex.o
                0x0800a524                HAL_PWREx_ConfigSupply
 .text.HAL_PWREx_EnableUSBVoltageDetector
                0x0800a598       0x20 ./Drivers/STM32H7xx_HAL_Driver/Src/stm32h7xx_hal_pwr_ex.o
                0x0800a598                HAL_PWREx_EnableUSBVoltageDetector
 .text.HAL_RCC_OscConfig
                0x0800a5b8      0x8b4 ./Drivers/STM32H7xx_HAL_Driver/Src/stm32h7xx_hal_rcc.o
                0x0800a5b8                HAL_RCC_OscConfig
 .text.HAL_RCC_ClockConfig
                0x0800ae6c      0x36c ./Drivers/STM32H7xx_HAL_Driver/Src/stm32h7xx_hal_rcc.o
                0x0800ae6c                HAL_RCC_ClockConfig
 .text.HAL_RCC_GetSysClockFreq
                0x0800b1d8      0x2f4 ./Drivers/STM32H7xx_HAL_Driver/Src/stm32h7xx_hal_rcc.o
                0x0800b1d8                HAL_RCC_GetSysClockFreq
 .text.HAL_RCC_GetHCLKFreq
                0x0800b4cc       0x60 ./Drivers/STM32H7xx_HAL_Driver/Src/stm32h7xx_hal_rcc.o
                0x0800b4cc                HAL_RCC_GetHCLKFreq
 .text.HAL_RCC_GetPCLK1Freq
                0x0800b52c       0x2c ./Drivers/STM32H7xx_HAL_Driver/Src/stm32h7xx_hal_rcc.o
                0x0800b52c                HAL_RCC_GetPCLK1Freq
 .text.HAL_RCC_GetPCLK2Freq
                0x0800b558       0x2c ./Drivers/STM32H7xx_HAL_Driver/Src/stm32h7xx_hal_rcc.o
                0x0800b558                HAL_RCC_GetPCLK2Freq
 .text.HAL_RCC_GetClockConfig
                0x0800b584       0x84 ./Drivers/STM32H7xx_HAL_Driver/Src/stm32h7xx_hal_rcc.o
                0x0800b584                HAL_RCC_GetClockConfig
 .text.HAL_RCCEx_PeriphCLKConfig
                0x0800b608     0x13dc ./Drivers/STM32H7xx_HAL_Driver/Src/stm32h7xx_hal_rcc_ex.o
                0x0800b608                HAL_RCCEx_PeriphCLKConfig
 .text.HAL_RCCEx_GetPeriphCLKFreq
                0x0800c9e4      0xb00 ./Drivers/STM32H7xx_HAL_Driver/Src/stm32h7xx_hal_rcc_ex.o
                0x0800c9e4                HAL_RCCEx_GetPeriphCLKFreq
 .text.HAL_RCCEx_GetD3PCLK1Freq
                0x0800d4e4       0x2c ./Drivers/STM32H7xx_HAL_Driver/Src/stm32h7xx_hal_rcc_ex.o
                0x0800d4e4                HAL_RCCEx_GetD3PCLK1Freq
 .text.HAL_RCCEx_GetPLL2ClockFreq
                0x0800d510      0x2a8 ./Drivers/STM32H7xx_HAL_Driver/Src/stm32h7xx_hal_rcc_ex.o
                0x0800d510                HAL_RCCEx_GetPLL2ClockFreq
 .text.HAL_RCCEx_GetPLL3ClockFreq
                0x0800d7b8      0x2a8 ./Drivers/STM32H7xx_HAL_Driver/Src/stm32h7xx_hal_rcc_ex.o
                0x0800d7b8                HAL_RCCEx_GetPLL3ClockFreq
 .text.HAL_RCCEx_GetPLL1ClockFreq
                0x0800da60      0x2a4 ./Drivers/STM32H7xx_HAL_Driver/Src/stm32h7xx_hal_rcc_ex.o
                0x0800da60                HAL_RCCEx_GetPLL1ClockFreq
 .text.RCCEx_PLL2_Config
                0x0800dd04      0x164 ./Drivers/STM32H7xx_HAL_Driver/Src/stm32h7xx_hal_rcc_ex.o
 .text.RCCEx_PLL3_Config
                0x0800de68      0x164 ./Drivers/STM32H7xx_HAL_Driver/Src/stm32h7xx_hal_rcc_ex.o
 .text.HAL_TIM_Base_Init
                0x0800dfcc       0xae ./Drivers/STM32H7xx_HAL_Driver/Src/stm32h7xx_hal_tim.o
                0x0800dfcc                HAL_TIM_Base_Init
 *fill*         0x0800e07a        0x2 
 .text.HAL_TIM_Base_Start
                0x0800e07c       0xe0 ./Drivers/STM32H7xx_HAL_Driver/Src/stm32h7xx_hal_tim.o
                0x0800e07c                HAL_TIM_Base_Start
 .text.HAL_TIM_Base_Start_IT
                0x0800e15c       0xf0 ./Drivers/STM32H7xx_HAL_Driver/Src/stm32h7xx_hal_tim.o
                0x0800e15c                HAL_TIM_Base_Start_IT
 .text.HAL_TIM_IRQHandler
                0x0800e24c      0x20e ./Drivers/STM32H7xx_HAL_Driver/Src/stm32h7xx_hal_tim.o
                0x0800e24c                HAL_TIM_IRQHandler
 *fill*         0x0800e45a        0x2 
 .text.HAL_TIM_ConfigClockSource
                0x0800e45c      0x1f0 ./Drivers/STM32H7xx_HAL_Driver/Src/stm32h7xx_hal_tim.o
                0x0800e45c                HAL_TIM_ConfigClockSource
 .text.HAL_TIM_SlaveConfigSynchro
                0x0800e64c       0x84 ./Drivers/STM32H7xx_HAL_Driver/Src/stm32h7xx_hal_tim.o
                0x0800e64c                HAL_TIM_SlaveConfigSynchro
 .text.HAL_TIM_OC_DelayElapsedCallback
                0x0800e6d0       0x14 ./Drivers/STM32H7xx_HAL_Driver/Src/stm32h7xx_hal_tim.o
                0x0800e6d0                HAL_TIM_OC_DelayElapsedCallback
 .text.HAL_TIM_IC_CaptureCallback
                0x0800e6e4       0x14 ./Drivers/STM32H7xx_HAL_Driver/Src/stm32h7xx_hal_tim.o
                0x0800e6e4                HAL_TIM_IC_CaptureCallback
 .text.HAL_TIM_PWM_PulseFinishedCallback
                0x0800e6f8       0x14 ./Drivers/STM32H7xx_HAL_Driver/Src/stm32h7xx_hal_tim.o
                0x0800e6f8                HAL_TIM_PWM_PulseFinishedCallback
 .text.HAL_TIM_TriggerCallback
                0x0800e70c       0x14 ./Drivers/STM32H7xx_HAL_Driver/Src/stm32h7xx_hal_tim.o
                0x0800e70c                HAL_TIM_TriggerCallback
 .text.TIM_Base_SetConfig
                0x0800e720      0x140 ./Drivers/STM32H7xx_HAL_Driver/Src/stm32h7xx_hal_tim.o
                0x0800e720                TIM_Base_SetConfig
 .text.TIM_SlaveTimer_SetConfig
                0x0800e860      0x1d4 ./Drivers/STM32H7xx_HAL_Driver/Src/stm32h7xx_hal_tim.o
 .text.TIM_TI1_ConfigInputStage
                0x0800ea34       0x5e ./Drivers/STM32H7xx_HAL_Driver/Src/stm32h7xx_hal_tim.o
 .text.TIM_TI2_ConfigInputStage
                0x0800ea92       0x60 ./Drivers/STM32H7xx_HAL_Driver/Src/stm32h7xx_hal_tim.o
 *fill*         0x0800eaf2        0x2 
 .text.TIM_ITRx_SetConfig
                0x0800eaf4       0x3c ./Drivers/STM32H7xx_HAL_Driver/Src/stm32h7xx_hal_tim.o
 .text.TIM_ETR_SetConfig
                0x0800eb30       0x40 ./Drivers/STM32H7xx_HAL_Driver/Src/stm32h7xx_hal_tim.o
                0x0800eb30                TIM_ETR_SetConfig
 .text.HAL_TIMEx_MasterConfigSynchronization
                0x0800eb70      0x11c ./Drivers/STM32H7xx_HAL_Driver/Src/stm32h7xx_hal_tim_ex.o
                0x0800eb70                HAL_TIMEx_MasterConfigSynchronization
 .text.HAL_TIMEx_CommutCallback
                0x0800ec8c       0x14 ./Drivers/STM32H7xx_HAL_Driver/Src/stm32h7xx_hal_tim_ex.o
                0x0800ec8c                HAL_TIMEx_CommutCallback
 .text.HAL_TIMEx_BreakCallback
                0x0800eca0       0x14 ./Drivers/STM32H7xx_HAL_Driver/Src/stm32h7xx_hal_tim_ex.o
                0x0800eca0                HAL_TIMEx_BreakCallback
 .text.HAL_TIMEx_Break2Callback
                0x0800ecb4       0x14 ./Drivers/STM32H7xx_HAL_Driver/Src/stm32h7xx_hal_tim_ex.o
                0x0800ecb4                HAL_TIMEx_Break2Callback
 .text.HAL_UART_Init
                0x0800ecc8       0xa0 ./Drivers/STM32H7xx_HAL_Driver/Src/stm32h7xx_hal_uart.o
                0x0800ecc8                HAL_UART_Init
 .text.HAL_UART_DeInit
                0x0800ed68       0x7e ./Drivers/STM32H7xx_HAL_Driver/Src/stm32h7xx_hal_uart.o
                0x0800ed68                HAL_UART_DeInit
 .text.HAL_UART_Transmit
                0x0800ede6      0x11c ./Drivers/STM32H7xx_HAL_Driver/Src/stm32h7xx_hal_uart.o
                0x0800ede6                HAL_UART_Transmit
 *fill*         0x0800ef02        0x2 
 .text.HAL_UART_Transmit_IT
                0x0800ef04      0x128 ./Drivers/STM32H7xx_HAL_Driver/Src/stm32h7xx_hal_uart.o
                0x0800ef04                HAL_UART_Transmit_IT
 .text.HAL_UART_IRQHandler
                0x0800f02c      0x7ac ./Drivers/STM32H7xx_HAL_Driver/Src/stm32h7xx_hal_uart.o
                0x0800f02c                HAL_UART_IRQHandler
 .text.HAL_UART_TxCpltCallback
                0x0800f7d8       0x14 ./Drivers/STM32H7xx_HAL_Driver/Src/stm32h7xx_hal_uart.o
                0x0800f7d8                HAL_UART_TxCpltCallback
 .text.HAL_UART_RxCpltCallback
                0x0800f7ec       0x14 ./Drivers/STM32H7xx_HAL_Driver/Src/stm32h7xx_hal_uart.o
                0x0800f7ec                HAL_UART_RxCpltCallback
 .text.HAL_UART_ErrorCallback
                0x0800f800       0x14 ./Drivers/STM32H7xx_HAL_Driver/Src/stm32h7xx_hal_uart.o
                0x0800f800                HAL_UART_ErrorCallback
 .text.UART_SetConfig
                0x0800f814      0xad0 ./Drivers/STM32H7xx_HAL_Driver/Src/stm32h7xx_hal_uart.o
                0x0800f814                UART_SetConfig
 .text.UART_AdvFeatureConfig
                0x080102e4      0x144 ./Drivers/STM32H7xx_HAL_Driver/Src/stm32h7xx_hal_uart.o
                0x080102e4                UART_AdvFeatureConfig
 .text.UART_CheckIdleState
                0x08010428      0x154 ./Drivers/STM32H7xx_HAL_Driver/Src/stm32h7xx_hal_uart.o
                0x08010428                UART_CheckIdleState
 .text.UART_WaitOnFlagUntilTimeout
                0x0801057c       0xda ./Drivers/STM32H7xx_HAL_Driver/Src/stm32h7xx_hal_uart.o
                0x0801057c                UART_WaitOnFlagUntilTimeout
 *fill*         0x08010656        0x2 
 .text.UART_Start_Receive_IT
                0x08010658      0x244 ./Drivers/STM32H7xx_HAL_Driver/Src/stm32h7xx_hal_uart.o
                0x08010658                UART_Start_Receive_IT
 .text.UART_EndRxTransfer
                0x0801089c       0xcc ./Drivers/STM32H7xx_HAL_Driver/Src/stm32h7xx_hal_uart.o
 .text.UART_DMAAbortOnError
                0x08010968       0x24 ./Drivers/STM32H7xx_HAL_Driver/Src/stm32h7xx_hal_uart.o
 .text.UART_TxISR_8BIT
                0x0801098c       0xb8 ./Drivers/STM32H7xx_HAL_Driver/Src/stm32h7xx_hal_uart.o
 .text.UART_TxISR_16BIT
                0x08010a44       0xc2 ./Drivers/STM32H7xx_HAL_Driver/Src/stm32h7xx_hal_uart.o
 .text.UART_TxISR_8BIT_FIFOEN
                0x08010b06       0xe0 ./Drivers/STM32H7xx_HAL_Driver/Src/stm32h7xx_hal_uart.o
 .text.UART_TxISR_16BIT_FIFOEN
                0x08010be6       0xea ./Drivers/STM32H7xx_HAL_Driver/Src/stm32h7xx_hal_uart.o
 .text.UART_EndTransmit_IT
                0x08010cd0       0x56 ./Drivers/STM32H7xx_HAL_Driver/Src/stm32h7xx_hal_uart.o
 *fill*         0x08010d26        0x2 
 .text.UART_RxISR_8BIT
                0x08010d28      0x1b8 ./Drivers/STM32H7xx_HAL_Driver/Src/stm32h7xx_hal_uart.o
 .text.UART_RxISR_16BIT
                0x08010ee0      0x1b8 ./Drivers/STM32H7xx_HAL_Driver/Src/stm32h7xx_hal_uart.o
 .text.UART_RxISR_8BIT_FIFOEN
                0x08011098      0x364 ./Drivers/STM32H7xx_HAL_Driver/Src/stm32h7xx_hal_uart.o
 .text.UART_RxISR_16BIT_FIFOEN
                0x080113fc      0x36c ./Drivers/STM32H7xx_HAL_Driver/Src/stm32h7xx_hal_uart.o
 .text.HAL_UARTEx_WakeupCallback
                0x08011768       0x14 ./Drivers/STM32H7xx_HAL_Driver/Src/stm32h7xx_hal_uart_ex.o
                0x08011768                HAL_UARTEx_WakeupCallback
 .text.HAL_UARTEx_RxFifoFullCallback
                0x0801177c       0x14 ./Drivers/STM32H7xx_HAL_Driver/Src/stm32h7xx_hal_uart_ex.o
                0x0801177c                HAL_UARTEx_RxFifoFullCallback
 .text.HAL_UARTEx_TxFifoEmptyCallback
                0x08011790       0x14 ./Drivers/STM32H7xx_HAL_Driver/Src/stm32h7xx_hal_uart_ex.o
                0x08011790                HAL_UARTEx_TxFifoEmptyCallback
 .text.HAL_UARTEx_DisableFifoMode
                0x080117a4       0x72 ./Drivers/STM32H7xx_HAL_Driver/Src/stm32h7xx_hal_uart_ex.o
                0x080117a4                HAL_UARTEx_DisableFifoMode
 .text.HAL_UARTEx_SetTxFifoThreshold
                0x08011816       0x7c ./Drivers/STM32H7xx_HAL_Driver/Src/stm32h7xx_hal_uart_ex.o
                0x08011816                HAL_UARTEx_SetTxFifoThreshold
 .text.HAL_UARTEx_SetRxFifoThreshold
                0x08011892       0x7c ./Drivers/STM32H7xx_HAL_Driver/Src/stm32h7xx_hal_uart_ex.o
                0x08011892                HAL_UARTEx_SetRxFifoThreshold
 .text.HAL_UARTEx_ReceiveToIdle_IT
                0x0801190e       0xa0 ./Drivers/STM32H7xx_HAL_Driver/Src/stm32h7xx_hal_uart_ex.o
                0x0801190e                HAL_UARTEx_ReceiveToIdle_IT
 *fill*         0x080119ae        0x2 
 .text.UARTEx_SetNbDataToProcess
                0x080119b0       0x9c ./Drivers/STM32H7xx_HAL_Driver/Src/stm32h7xx_hal_uart_ex.o
 .text.USB_CoreInit
                0x08011a4c       0xe4 ./Drivers/STM32H7xx_HAL_Driver/Src/stm32h7xx_ll_usb.o
                0x08011a4c                USB_CoreInit
 .text.USB_SetTurnaroundTime
                0x08011b30      0x144 ./Drivers/STM32H7xx_HAL_Driver/Src/stm32h7xx_ll_usb.o
                0x08011b30                USB_SetTurnaroundTime
 .text.USB_EnableGlobalInt
                0x08011c74       0x22 ./Drivers/STM32H7xx_HAL_Driver/Src/stm32h7xx_ll_usb.o
                0x08011c74                USB_EnableGlobalInt
 .text.USB_DisableGlobalInt
                0x08011c96       0x22 ./Drivers/STM32H7xx_HAL_Driver/Src/stm32h7xx_ll_usb.o
                0x08011c96                USB_DisableGlobalInt
 .text.USB_SetCurrentMode
                0x08011cb8       0x98 ./Drivers/STM32H7xx_HAL_Driver/Src/stm32h7xx_ll_usb.o
                0x08011cb8                USB_SetCurrentMode
 .text.USB_DevInit
                0x08011d50      0x2bc ./Drivers/STM32H7xx_HAL_Driver/Src/stm32h7xx_ll_usb.o
                0x08011d50                USB_DevInit
 .text.USB_FlushTxFifo
                0x0801200c       0x64 ./Drivers/STM32H7xx_HAL_Driver/Src/stm32h7xx_ll_usb.o
                0x0801200c                USB_FlushTxFifo
 .text.USB_FlushRxFifo
                0x08012070       0x5c ./Drivers/STM32H7xx_HAL_Driver/Src/stm32h7xx_ll_usb.o
                0x08012070                USB_FlushRxFifo
 .text.USB_SetDevSpeed
                0x080120cc       0x32 ./Drivers/STM32H7xx_HAL_Driver/Src/stm32h7xx_ll_usb.o
                0x080120cc                USB_SetDevSpeed
 .text.USB_GetDevSpeed
                0x080120fe       0x4a ./Drivers/STM32H7xx_HAL_Driver/Src/stm32h7xx_ll_usb.o
                0x080120fe                USB_GetDevSpeed
 .text.USB_ActivateEndpoint
                0x08012148      0x110 ./Drivers/STM32H7xx_HAL_Driver/Src/stm32h7xx_ll_usb.o
                0x08012148                USB_ActivateEndpoint
 .text.USB_DeactivateEndpoint
                0x08012258      0x1b8 ./Drivers/STM32H7xx_HAL_Driver/Src/stm32h7xx_ll_usb.o
                0x08012258                USB_DeactivateEndpoint
 .text.USB_EPStartXfer
                0x08012410      0x548 ./Drivers/STM32H7xx_HAL_Driver/Src/stm32h7xx_ll_usb.o
                0x08012410                USB_EPStartXfer
 .text.USB_EPStopXfer
                0x08012958      0x154 ./Drivers/STM32H7xx_HAL_Driver/Src/stm32h7xx_ll_usb.o
                0x08012958                USB_EPStopXfer
 .text.USB_WritePacket
                0x08012aac       0x7c ./Drivers/STM32H7xx_HAL_Driver/Src/stm32h7xx_ll_usb.o
                0x08012aac                USB_WritePacket
 .text.USB_ReadPacket
                0x08012b28       0xb0 ./Drivers/STM32H7xx_HAL_Driver/Src/stm32h7xx_ll_usb.o
                0x08012b28                USB_ReadPacket
 .text.USB_EPSetStall
                0x08012bd8       0xdc ./Drivers/STM32H7xx_HAL_Driver/Src/stm32h7xx_ll_usb.o
                0x08012bd8                USB_EPSetStall
 .text.USB_EPClearStall
                0x08012cb4       0xcc ./Drivers/STM32H7xx_HAL_Driver/Src/stm32h7xx_ll_usb.o
                0x08012cb4                USB_EPClearStall
 .text.USB_SetDevAddress
                0x08012d80       0x4c ./Drivers/STM32H7xx_HAL_Driver/Src/stm32h7xx_ll_usb.o
                0x08012d80                USB_SetDevAddress
 .text.USB_DevConnect
                0x08012dcc       0x42 ./Drivers/STM32H7xx_HAL_Driver/Src/stm32h7xx_ll_usb.o
                0x08012dcc                USB_DevConnect
 .text.USB_DevDisconnect
                0x08012e0e       0x42 ./Drivers/STM32H7xx_HAL_Driver/Src/stm32h7xx_ll_usb.o
                0x08012e0e                USB_DevDisconnect
 .text.USB_ReadInterrupts
                0x08012e50       0x26 ./Drivers/STM32H7xx_HAL_Driver/Src/stm32h7xx_ll_usb.o
                0x08012e50                USB_ReadInterrupts
 .text.USB_ReadDevAllOutEpInterrupt
                0x08012e76       0x34 ./Drivers/STM32H7xx_HAL_Driver/Src/stm32h7xx_ll_usb.o
                0x08012e76                USB_ReadDevAllOutEpInterrupt
 .text.USB_ReadDevAllInEpInterrupt
                0x08012eaa       0x34 ./Drivers/STM32H7xx_HAL_Driver/Src/stm32h7xx_ll_usb.o
                0x08012eaa                USB_ReadDevAllInEpInterrupt
 .text.USB_ReadDevOutEPInterrupt
                0x08012ede       0x3c ./Drivers/STM32H7xx_HAL_Driver/Src/stm32h7xx_ll_usb.o
                0x08012ede                USB_ReadDevOutEPInterrupt
 .text.USB_ReadDevInEPInterrupt
                0x08012f1a       0x5c ./Drivers/STM32H7xx_HAL_Driver/Src/stm32h7xx_ll_usb.o
                0x08012f1a                USB_ReadDevInEPInterrupt
 .text.USB_GetMode
                0x08012f76       0x1c ./Drivers/STM32H7xx_HAL_Driver/Src/stm32h7xx_ll_usb.o
                0x08012f76                USB_GetMode
 *fill*         0x08012f92        0x2 
 .text.USB_ActivateSetup
                0x08012f94       0x48 ./Drivers/STM32H7xx_HAL_Driver/Src/stm32h7xx_ll_usb.o
                0x08012f94                USB_ActivateSetup
 .text.USB_EP0_OutStart
                0x08012fdc       0xbc ./Drivers/STM32H7xx_HAL_Driver/Src/stm32h7xx_ll_usb.o
                0x08012fdc                USB_EP0_OutStart
 .text.USB_CoreReset
                0x08013098       0x62 ./Drivers/STM32H7xx_HAL_Driver/Src/stm32h7xx_ll_usb.o
 *fill*         0x080130fa        0x2 
 .text.USBD_CDC_Init
                0x080130fc      0x1f0 ./Middlewares/ST/STM32_USB_Device_Library/Class/CDC/Src/usbd_cdc.o
 .text.USBD_CDC_DeInit
                0x080132ec      0x104 ./Middlewares/ST/STM32_USB_Device_Library/Class/CDC/Src/usbd_cdc.o
 .text.USBD_CDC_Setup
                0x080133f0      0x1b8 ./Middlewares/ST/STM32_USB_Device_Library/Class/CDC/Src/usbd_cdc.o
 .text.USBD_CDC_DataIn
                0x080135a8       0xfe ./Middlewares/ST/STM32_USB_Device_Library/Class/CDC/Src/usbd_cdc.o
 .text.USBD_CDC_DataOut
                0x080136a6       0x70 ./Middlewares/ST/STM32_USB_Device_Library/Class/CDC/Src/usbd_cdc.o
 .text.USBD_CDC_EP0_RxReady
                0x08013716       0x74 ./Middlewares/ST/STM32_USB_Device_Library/Class/CDC/Src/usbd_cdc.o
 *fill*         0x0801378a        0x2 
 .text.USBD_CDC_GetFSCfgDesc
                0x0801378c       0x70 ./Middlewares/ST/STM32_USB_Device_Library/Class/CDC/Src/usbd_cdc.o
 .text.USBD_CDC_GetHSCfgDesc
                0x080137fc       0x70 ./Middlewares/ST/STM32_USB_Device_Library/Class/CDC/Src/usbd_cdc.o
 .text.USBD_CDC_GetOtherSpeedCfgDesc
                0x0801386c       0x70 ./Middlewares/ST/STM32_USB_Device_Library/Class/CDC/Src/usbd_cdc.o
 .text.USBD_CDC_GetDeviceQualifierDescriptor
                0x080138dc       0x20 ./Middlewares/ST/STM32_USB_Device_Library/Class/CDC/Src/usbd_cdc.o
                0x080138dc                USBD_CDC_GetDeviceQualifierDescriptor
 .text.USBD_CDC_RegisterInterface
                0x080138fc       0x34 ./Middlewares/ST/STM32_USB_Device_Library/Class/CDC/Src/usbd_cdc.o
                0x080138fc                USBD_CDC_RegisterInterface
 .text.USBD_CDC_SetTxBuffer
                0x08013930       0x44 ./Middlewares/ST/STM32_USB_Device_Library/Class/CDC/Src/usbd_cdc.o
                0x08013930                USBD_CDC_SetTxBuffer
 .text.USBD_CDC_SetRxBuffer
                0x08013974       0x3a ./Middlewares/ST/STM32_USB_Device_Library/Class/CDC/Src/usbd_cdc.o
                0x08013974                USBD_CDC_SetRxBuffer
 *fill*         0x080139ae        0x2 
 .text.USBD_CDC_TransmitPacket
                0x080139b0       0x80 ./Middlewares/ST/STM32_USB_Device_Library/Class/CDC/Src/usbd_cdc.o
                0x080139b0                USBD_CDC_TransmitPacket
 .text.USBD_CDC_ReceivePacket
                0x08013a30       0x6c ./Middlewares/ST/STM32_USB_Device_Library/Class/CDC/Src/usbd_cdc.o
                0x08013a30                USBD_CDC_ReceivePacket
 .text.USBD_Init
                0x08013a9c       0x7c ./Middlewares/ST/STM32_USB_Device_Library/Core/Src/usbd_core.o
                0x08013a9c                USBD_Init
 .text.USBD_RegisterClass
                0x08013b18       0x88 ./Middlewares/ST/STM32_USB_Device_Library/Core/Src/usbd_core.o
                0x08013b18                USBD_RegisterClass
 .text.USBD_Start
                0x08013ba0       0x18 ./Middlewares/ST/STM32_USB_Device_Library/Core/Src/usbd_core.o
                0x08013ba0                USBD_Start
 .text.USBD_RunTestMode
                0x08013bb8       0x16 ./Middlewares/ST/STM32_USB_Device_Library/Core/Src/usbd_core.o
                0x08013bb8                USBD_RunTestMode
 .text.USBD_SetClassConfig
                0x08013bce       0x38 ./Middlewares/ST/STM32_USB_Device_Library/Core/Src/usbd_core.o
                0x08013bce                USBD_SetClassConfig
 .text.USBD_ClrClassConfig
                0x08013c06       0x34 ./Middlewares/ST/STM32_USB_Device_Library/Core/Src/usbd_core.o
                0x08013c06                USBD_ClrClassConfig
 .text.USBD_LL_SetupStage
                0x08013c3a       0xaa ./Middlewares/ST/STM32_USB_Device_Library/Core/Src/usbd_core.o
                0x08013c3a                USBD_LL_SetupStage
 .text.USBD_LL_DataOutStage
                0x08013ce4      0x166 ./Middlewares/ST/STM32_USB_Device_Library/Core/Src/usbd_core.o
                0x08013ce4                USBD_LL_DataOutStage
 .text.USBD_LL_DataInStage
                0x08013e4a      0x164 ./Middlewares/ST/STM32_USB_Device_Library/Core/Src/usbd_core.o
                0x08013e4a                USBD_LL_DataInStage
 .text.USBD_LL_Reset
                0x08013fae       0xa4 ./Middlewares/ST/STM32_USB_Device_Library/Core/Src/usbd_core.o
                0x08013fae                USBD_LL_Reset
 .text.USBD_LL_SetSpeed
                0x08014052       0x20 ./Middlewares/ST/STM32_USB_Device_Library/Core/Src/usbd_core.o
                0x08014052                USBD_LL_SetSpeed
 .text.USBD_LL_Suspend
                0x08014072       0x38 ./Middlewares/ST/STM32_USB_Device_Library/Core/Src/usbd_core.o
                0x08014072                USBD_LL_Suspend
 .text.USBD_LL_Resume
                0x080140aa       0x30 ./Middlewares/ST/STM32_USB_Device_Library/Core/Src/usbd_core.o
                0x080140aa                USBD_LL_Resume
 .text.USBD_LL_SOF
                0x080140da       0x40 ./Middlewares/ST/STM32_USB_Device_Library/Core/Src/usbd_core.o
                0x080140da                USBD_LL_SOF
 .text.USBD_LL_IsoINIncomplete
                0x0801411a       0x64 ./Middlewares/ST/STM32_USB_Device_Library/Core/Src/usbd_core.o
                0x0801411a                USBD_LL_IsoINIncomplete
 .text.USBD_LL_IsoOUTIncomplete
                0x0801417e       0x64 ./Middlewares/ST/STM32_USB_Device_Library/Core/Src/usbd_core.o
                0x0801417e                USBD_LL_IsoOUTIncomplete
 .text.USBD_LL_DevConnected
                0x080141e2       0x16 ./Middlewares/ST/STM32_USB_Device_Library/Core/Src/usbd_core.o
                0x080141e2                USBD_LL_DevConnected
 .text.USBD_LL_DevDisconnected
                0x080141f8       0x46 ./Middlewares/ST/STM32_USB_Device_Library/Core/Src/usbd_core.o
                0x080141f8                USBD_LL_DevDisconnected
 .text.USBD_CoreFindIF
                0x0801423e       0x1a ./Middlewares/ST/STM32_USB_Device_Library/Core/Src/usbd_core.o
                0x0801423e                USBD_CoreFindIF
 .text.USBD_CoreFindEP
                0x08014258       0x1a ./Middlewares/ST/STM32_USB_Device_Library/Core/Src/usbd_core.o
                0x08014258                USBD_CoreFindEP
 .text.USBD_GetEpDesc
                0x08014272       0x70 ./Middlewares/ST/STM32_USB_Device_Library/Core/Src/usbd_core.o
                0x08014272                USBD_GetEpDesc
 .text.USBD_GetNextDesc
                0x080142e2       0x38 ./Middlewares/ST/STM32_USB_Device_Library/Core/Src/usbd_core.o
                0x080142e2                USBD_GetNextDesc
 .text.SWAPBYTE
                0x0801431a       0x3e ./Middlewares/ST/STM32_USB_Device_Library/Core/Src/usbd_ctlreq.o
 .text.USBD_StdDevReq
                0x08014358       0xe4 ./Middlewares/ST/STM32_USB_Device_Library/Core/Src/usbd_ctlreq.o
                0x08014358                USBD_StdDevReq
 .text.USBD_StdItfReq
                0x0801443c       0xd8 ./Middlewares/ST/STM32_USB_Device_Library/Core/Src/usbd_ctlreq.o
                0x0801443c                USBD_StdItfReq
 .text.USBD_StdEPReq
                0x08014514      0x33a ./Middlewares/ST/STM32_USB_Device_Library/Core/Src/usbd_ctlreq.o
                0x08014514                USBD_StdEPReq
 *fill*         0x0801484e        0x2 
 .text.USBD_GetDescriptor
                0x08014850      0x328 ./Middlewares/ST/STM32_USB_Device_Library/Core/Src/usbd_ctlreq.o
 .text.USBD_SetAddress
                0x08014b78       0x88 ./Middlewares/ST/STM32_USB_Device_Library/Core/Src/usbd_ctlreq.o
 .text.USBD_SetConfig
                0x08014c00      0x154 ./Middlewares/ST/STM32_USB_Device_Library/Core/Src/usbd_ctlreq.o
 .text.USBD_GetConfig
                0x08014d54       0x6c ./Middlewares/ST/STM32_USB_Device_Library/Core/Src/usbd_ctlreq.o
 .text.USBD_GetStatus
                0x08014dc0       0x68 ./Middlewares/ST/STM32_USB_Device_Library/Core/Src/usbd_ctlreq.o
 .text.USBD_SetFeature
                0x08014e28       0x52 ./Middlewares/ST/STM32_USB_Device_Library/Core/Src/usbd_ctlreq.o
 .text.USBD_ClrFeature
                0x08014e7a       0x44 ./Middlewares/ST/STM32_USB_Device_Library/Core/Src/usbd_ctlreq.o
 .text.USBD_ParseSetupRequest
                0x08014ebe       0x74 ./Middlewares/ST/STM32_USB_Device_Library/Core/Src/usbd_ctlreq.o
                0x08014ebe                USBD_ParseSetupRequest
 .text.USBD_CtlError
                0x08014f32       0x22 ./Middlewares/ST/STM32_USB_Device_Library/Core/Src/usbd_ctlreq.o
                0x08014f32                USBD_CtlError
 .text.USBD_GetString
                0x08014f54       0xa4 ./Middlewares/ST/STM32_USB_Device_Library/Core/Src/usbd_ctlreq.o
                0x08014f54                USBD_GetString
 .text.USBD_GetLen
                0x08014ff8       0x34 ./Middlewares/ST/STM32_USB_Device_Library/Core/Src/usbd_ctlreq.o
 .text.USBD_CtlSendData
                0x0801502c       0x36 ./Middlewares/ST/STM32_USB_Device_Library/Core/Src/usbd_ioreq.o
                0x0801502c                USBD_CtlSendData
 .text.USBD_CtlContinueSendData
                0x08015062       0x22 ./Middlewares/ST/STM32_USB_Device_Library/Core/Src/usbd_ioreq.o
                0x08015062                USBD_CtlContinueSendData
 .text.USBD_CtlPrepareRx
                0x08015084       0x3a ./Middlewares/ST/STM32_USB_Device_Library/Core/Src/usbd_ioreq.o
                0x08015084                USBD_CtlPrepareRx
 .text.USBD_CtlContinueRx
                0x080150be       0x22 ./Middlewares/ST/STM32_USB_Device_Library/Core/Src/usbd_ioreq.o
                0x080150be                USBD_CtlContinueRx
 .text.USBD_CtlSendStatus
                0x080150e0       0x26 ./Middlewares/ST/STM32_USB_Device_Library/Core/Src/usbd_ioreq.o
                0x080150e0                USBD_CtlSendStatus
 .text.USBD_CtlReceiveStatus
                0x08015106       0x26 ./Middlewares/ST/STM32_USB_Device_Library/Core/Src/usbd_ioreq.o
                0x08015106                USBD_CtlReceiveStatus
 .text.MX_USB_DEVICE_Init
                0x0801512c       0x64 ./USB_DEVICE/App/usb_device.o
                0x0801512c                MX_USB_DEVICE_Init
 .text.CDC_Init_FS
                0x08015190       0x28 ./USB_DEVICE/App/usbd_cdc_if.o
 .text.CDC_DeInit_FS
                0x080151b8       0x10 ./USB_DEVICE/App/usbd_cdc_if.o
 .text.CDC_Control_FS
                0x080151c8      0x15c ./USB_DEVICE/App/usbd_cdc_if.o
 .text.CDC_Receive_FS
                0x08015324       0x38 ./USB_DEVICE/App/usbd_cdc_if.o
 .text.CDC_Transmit_FS
                0x0801535c       0x4c ./USB_DEVICE/App/usbd_cdc_if.o
                0x0801535c                CDC_Transmit_FS
 .text.CDC_TransmitCplt_FS
                0x080153a8       0x22 ./USB_DEVICE/App/usbd_cdc_if.o
 *fill*         0x080153ca        0x2 
 .text.USBD_FS_DeviceDescriptor
                0x080153cc       0x24 ./USB_DEVICE/App/usbd_desc.o
                0x080153cc                USBD_FS_DeviceDescriptor
 .text.USBD_FS_LangIDStrDescriptor
                0x080153f0       0x24 ./USB_DEVICE/App/usbd_desc.o
                0x080153f0                USBD_FS_LangIDStrDescriptor
 .text.USBD_FS_ProductStrDescriptor
                0x08015414       0x3c ./USB_DEVICE/App/usbd_desc.o
                0x08015414                USBD_FS_ProductStrDescriptor
 .text.USBD_FS_ManufacturerStrDescriptor
                0x08015450       0x28 ./USB_DEVICE/App/usbd_desc.o
                0x08015450                USBD_FS_ManufacturerStrDescriptor
 .text.USBD_FS_SerialStrDescriptor
                0x08015478       0x24 ./USB_DEVICE/App/usbd_desc.o
                0x08015478                USBD_FS_SerialStrDescriptor
 .text.USBD_FS_ConfigStrDescriptor
                0x0801549c       0x3c ./USB_DEVICE/App/usbd_desc.o
                0x0801549c                USBD_FS_ConfigStrDescriptor
 .text.USBD_FS_InterfaceStrDescriptor
                0x080154d8       0x3c ./USB_DEVICE/App/usbd_desc.o
                0x080154d8                USBD_FS_InterfaceStrDescriptor
 .text.Get_SerialNum
                0x08015514       0x58 ./USB_DEVICE/App/usbd_desc.o
 .text.IntToUnicode
                0x0801556c       0x7e ./USB_DEVICE/App/usbd_desc.o
 *fill*         0x080155ea        0x2 
 .text.HAL_PCD_MspInit
                0x080155ec      0x1b0 ./USB_DEVICE/Target/usbd_conf.o
                0x080155ec                HAL_PCD_MspInit
 .text.HAL_PCD_SetupStageCallback
                0x0801579c       0x24 ./USB_DEVICE/Target/usbd_conf.o
                0x0801579c                HAL_PCD_SetupStageCallback
 .text.HAL_PCD_DataOutStageCallback
                0x080157c0       0x36 ./USB_DEVICE/Target/usbd_conf.o
                0x080157c0                HAL_PCD_DataOutStageCallback
 .text.HAL_PCD_DataInStageCallback
                0x080157f6       0x34 ./USB_DEVICE/Target/usbd_conf.o
                0x080157f6                HAL_PCD_DataInStageCallback
 .text.HAL_PCD_SOFCallback
                0x0801582a       0x1c ./USB_DEVICE/Target/usbd_conf.o
                0x0801582a                HAL_PCD_SOFCallback
 .text.HAL_PCD_ResetCallback
                0x08015846       0x50 ./USB_DEVICE/Target/usbd_conf.o
                0x08015846                HAL_PCD_ResetCallback
 *fill*         0x08015896        0x2 
 .text.HAL_PCD_SuspendCallback
                0x08015898       0x4c ./USB_DEVICE/Target/usbd_conf.o
                0x08015898                HAL_PCD_SuspendCallback
 .text.HAL_PCD_ResumeCallback
                0x080158e4       0x1c ./USB_DEVICE/Target/usbd_conf.o
                0x080158e4                HAL_PCD_ResumeCallback
 .text.HAL_PCD_ISOOUTIncompleteCallback
                0x08015900       0x24 ./USB_DEVICE/Target/usbd_conf.o
                0x08015900                HAL_PCD_ISOOUTIncompleteCallback
 .text.HAL_PCD_ISOINIncompleteCallback
                0x08015924       0x24 ./USB_DEVICE/Target/usbd_conf.o
                0x08015924                HAL_PCD_ISOINIncompleteCallback
 .text.HAL_PCD_ConnectCallback
                0x08015948       0x1c ./USB_DEVICE/Target/usbd_conf.o
                0x08015948                HAL_PCD_ConnectCallback
 .text.HAL_PCD_DisconnectCallback
                0x08015964       0x1c ./USB_DEVICE/Target/usbd_conf.o
                0x08015964                HAL_PCD_DisconnectCallback
 .text.USBD_LL_Init
                0x08015980       0xa0 ./USB_DEVICE/Target/usbd_conf.o
                0x08015980                USBD_LL_Init
 .text.USBD_LL_Start
                0x08015a20       0x36 ./USB_DEVICE/Target/usbd_conf.o
                0x08015a20                USBD_LL_Start
 .text.USBD_LL_OpenEP
                0x08015a56       0x4c ./USB_DEVICE/Target/usbd_conf.o
                0x08015a56                USBD_LL_OpenEP
 .text.USBD_LL_CloseEP
                0x08015aa2       0x3e ./USB_DEVICE/Target/usbd_conf.o
                0x08015aa2                USBD_LL_CloseEP
 .text.USBD_LL_StallEP
                0x08015ae0       0x3e ./USB_DEVICE/Target/usbd_conf.o
                0x08015ae0                USBD_LL_StallEP
 .text.USBD_LL_ClearStallEP
                0x08015b1e       0x3e ./USB_DEVICE/Target/usbd_conf.o
                0x08015b1e                USBD_LL_ClearStallEP
 .text.USBD_LL_IsStallEP
                0x08015b5c       0x58 ./USB_DEVICE/Target/usbd_conf.o
                0x08015b5c                USBD_LL_IsStallEP
 .text.USBD_LL_SetUSBAddress
                0x08015bb4       0x3e ./USB_DEVICE/Target/usbd_conf.o
                0x08015bb4                USBD_LL_SetUSBAddress
 .text.USBD_LL_Transmit
                0x08015bf2       0x42 ./USB_DEVICE/Target/usbd_conf.o
                0x08015bf2                USBD_LL_Transmit
 .text.USBD_LL_PrepareReceive
                0x08015c34       0x42 ./USB_DEVICE/Target/usbd_conf.o
                0x08015c34                USBD_LL_PrepareReceive
 .text.USBD_LL_GetRxDataSize
                0x08015c76       0x26 ./USB_DEVICE/Target/usbd_conf.o
                0x08015c76                USBD_LL_GetRxDataSize
 .text.USBD_static_malloc
                0x08015c9c       0x1c ./USB_DEVICE/Target/usbd_conf.o
                0x08015c9c                USBD_static_malloc
 .text.USBD_static_free
                0x08015cb8       0x14 ./USB_DEVICE/Target/usbd_conf.o
                0x08015cb8                USBD_static_free
 .text.USBD_Get_USB_Status
                0x08015ccc       0x58 ./USB_DEVICE/Target/usbd_conf.o
                0x08015ccc                USBD_Get_USB_Status
 .text.std      0x08015d24       0x6c C:/ST/STM32CubeIDE_1.16.1/STM32CubeIDE/plugins/com.st.stm32cube.ide.mcu.externaltools.gnu-tools-for-stm32.13.3.rel1.win32_1.0.0.202411081344/tools/bin/../lib/gcc/arm-none-eabi/13.3.1/../../../../arm-none-eabi/lib/thumb/v7e-m+dp/hard\libc_nano.a(libc_a-findfp.o)
 .text.stdio_exit_handler
                0x08015d90       0x18 C:/ST/STM32CubeIDE_1.16.1/STM32CubeIDE/plugins/com.st.stm32cube.ide.mcu.externaltools.gnu-tools-for-stm32.13.3.rel1.win32_1.0.0.202411081344/tools/bin/../lib/gcc/arm-none-eabi/13.3.1/../../../../arm-none-eabi/lib/thumb/v7e-m+dp/hard\libc_nano.a(libc_a-findfp.o)
 .text.cleanup_stdio
                0x08015da8       0x40 C:/ST/STM32CubeIDE_1.16.1/STM32CubeIDE/plugins/com.st.stm32cube.ide.mcu.externaltools.gnu-tools-for-stm32.13.3.rel1.win32_1.0.0.202411081344/tools/bin/../lib/gcc/arm-none-eabi/13.3.1/../../../../arm-none-eabi/lib/thumb/v7e-m+dp/hard\libc_nano.a(libc_a-findfp.o)
 .text.global_stdio_init.part.0
                0x08015de8       0x3c C:/ST/STM32CubeIDE_1.16.1/STM32CubeIDE/plugins/com.st.stm32cube.ide.mcu.externaltools.gnu-tools-for-stm32.13.3.rel1.win32_1.0.0.202411081344/tools/bin/../lib/gcc/arm-none-eabi/13.3.1/../../../../arm-none-eabi/lib/thumb/v7e-m+dp/hard\libc_nano.a(libc_a-findfp.o)
 .text.__sfp_lock_acquire
                0x08015e24        0xc C:/ST/STM32CubeIDE_1.16.1/STM32CubeIDE/plugins/com.st.stm32cube.ide.mcu.externaltools.gnu-tools-for-stm32.13.3.rel1.win32_1.0.0.202411081344/tools/bin/../lib/gcc/arm-none-eabi/13.3.1/../../../../arm-none-eabi/lib/thumb/v7e-m+dp/hard\libc_nano.a(libc_a-findfp.o)
                0x08015e24                __sfp_lock_acquire
 .text.__sfp_lock_release
                0x08015e30        0xc C:/ST/STM32CubeIDE_1.16.1/STM32CubeIDE/plugins/com.st.stm32cube.ide.mcu.externaltools.gnu-tools-for-stm32.13.3.rel1.win32_1.0.0.202411081344/tools/bin/../lib/gcc/arm-none-eabi/13.3.1/../../../../arm-none-eabi/lib/thumb/v7e-m+dp/hard\libc_nano.a(libc_a-findfp.o)
                0x08015e30                __sfp_lock_release
 .text.__sinit  0x08015e3c       0x30 C:/ST/STM32CubeIDE_1.16.1/STM32CubeIDE/plugins/com.st.stm32cube.ide.mcu.externaltools.gnu-tools-for-stm32.13.3.rel1.win32_1.0.0.202411081344/tools/bin/../lib/gcc/arm-none-eabi/13.3.1/../../../../arm-none-eabi/lib/thumb/v7e-m+dp/hard\libc_nano.a(libc_a-findfp.o)
                0x08015e3c                __sinit
 .text._fwalk_sglue
                0x08015e6c       0x3c C:/ST/STM32CubeIDE_1.16.1/STM32CubeIDE/plugins/com.st.stm32cube.ide.mcu.externaltools.gnu-tools-for-stm32.13.3.rel1.win32_1.0.0.202411081344/tools/bin/../lib/gcc/arm-none-eabi/13.3.1/../../../../arm-none-eabi/lib/thumb/v7e-m+dp/hard\libc_nano.a(libc_a-fwalk.o)
                0x08015e6c                _fwalk_sglue
 .text.printf   0x08015ea8       0x24 C:/ST/STM32CubeIDE_1.16.1/STM32CubeIDE/plugins/com.st.stm32cube.ide.mcu.externaltools.gnu-tools-for-stm32.13.3.rel1.win32_1.0.0.202411081344/tools/bin/../lib/gcc/arm-none-eabi/13.3.1/../../../../arm-none-eabi/lib/thumb/v7e-m+dp/hard\libc_nano.a(libc_a-printf.o)
                0x08015ea8                iprintf
                0x08015ea8                printf
 .text.putchar  0x08015ecc       0x10 C:/ST/STM32CubeIDE_1.16.1/STM32CubeIDE/plugins/com.st.stm32cube.ide.mcu.externaltools.gnu-tools-for-stm32.13.3.rel1.win32_1.0.0.202411081344/tools/bin/../lib/gcc/arm-none-eabi/13.3.1/../../../../arm-none-eabi/lib/thumb/v7e-m+dp/hard\libc_nano.a(libc_a-putchar.o)
                0x08015ecc                putchar
 .text.sprintf  0x08015edc       0x44 C:/ST/STM32CubeIDE_1.16.1/STM32CubeIDE/plugins/com.st.stm32cube.ide.mcu.externaltools.gnu-tools-for-stm32.13.3.rel1.win32_1.0.0.202411081344/tools/bin/../lib/gcc/arm-none-eabi/13.3.1/../../../../arm-none-eabi/lib/thumb/v7e-m+dp/hard\libc_nano.a(libc_a-sprintf.o)
                0x08015edc                siprintf
                0x08015edc                sprintf
 .text.__sread  0x08015f20       0x22 C:/ST/STM32CubeIDE_1.16.1/STM32CubeIDE/plugins/com.st.stm32cube.ide.mcu.externaltools.gnu-tools-for-stm32.13.3.rel1.win32_1.0.0.202411081344/tools/bin/../lib/gcc/arm-none-eabi/13.3.1/../../../../arm-none-eabi/lib/thumb/v7e-m+dp/hard\libc_nano.a(libc_a-stdio.o)
                0x08015f20                __sread
 .text.__swrite
                0x08015f42       0x38 C:/ST/STM32CubeIDE_1.16.1/STM32CubeIDE/plugins/com.st.stm32cube.ide.mcu.externaltools.gnu-tools-for-stm32.13.3.rel1.win32_1.0.0.202411081344/tools/bin/../lib/gcc/arm-none-eabi/13.3.1/../../../../arm-none-eabi/lib/thumb/v7e-m+dp/hard\libc_nano.a(libc_a-stdio.o)
                0x08015f42                __swrite
 .text.__sseek  0x08015f7a       0x24 C:/ST/STM32CubeIDE_1.16.1/STM32CubeIDE/plugins/com.st.stm32cube.ide.mcu.externaltools.gnu-tools-for-stm32.13.3.rel1.win32_1.0.0.202411081344/tools/bin/../lib/gcc/arm-none-eabi/13.3.1/../../../../arm-none-eabi/lib/thumb/v7e-m+dp/hard\libc_nano.a(libc_a-stdio.o)
                0x08015f7a                __sseek
 .text.__sclose
                0x08015f9e        0x8 C:/ST/STM32CubeIDE_1.16.1/STM32CubeIDE/plugins/com.st.stm32cube.ide.mcu.externaltools.gnu-tools-for-stm32.13.3.rel1.win32_1.0.0.202411081344/tools/bin/../lib/gcc/arm-none-eabi/13.3.1/../../../../arm-none-eabi/lib/thumb/v7e-m+dp/hard\libc_nano.a(libc_a-stdio.o)
                0x08015f9e                __sclose
 .text.memset   0x08015fa6       0x10 C:/ST/STM32CubeIDE_1.16.1/STM32CubeIDE/plugins/com.st.stm32cube.ide.mcu.externaltools.gnu-tools-for-stm32.13.3.rel1.win32_1.0.0.202411081344/tools/bin/../lib/gcc/arm-none-eabi/13.3.1/../../../../arm-none-eabi/lib/thumb/v7e-m+dp/hard\libc_nano.a(libc_a-memset.o)
                0x08015fa6                memset
 *fill*         0x08015fb6        0x2 
 .text._close_r
                0x08015fb8       0x20 C:/ST/STM32CubeIDE_1.16.1/STM32CubeIDE/plugins/com.st.stm32cube.ide.mcu.externaltools.gnu-tools-for-stm32.13.3.rel1.win32_1.0.0.202411081344/tools/bin/../lib/gcc/arm-none-eabi/13.3.1/../../../../arm-none-eabi/lib/thumb/v7e-m+dp/hard\libc_nano.a(libc_a-closer.o)
                0x08015fb8                _close_r
 .text._lseek_r
                0x08015fd8       0x24 C:/ST/STM32CubeIDE_1.16.1/STM32CubeIDE/plugins/com.st.stm32cube.ide.mcu.externaltools.gnu-tools-for-stm32.13.3.rel1.win32_1.0.0.202411081344/tools/bin/../lib/gcc/arm-none-eabi/13.3.1/../../../../arm-none-eabi/lib/thumb/v7e-m+dp/hard\libc_nano.a(libc_a-lseekr.o)
                0x08015fd8                _lseek_r
 .text._read_r  0x08015ffc       0x24 C:/ST/STM32CubeIDE_1.16.1/STM32CubeIDE/plugins/com.st.stm32cube.ide.mcu.externaltools.gnu-tools-for-stm32.13.3.rel1.win32_1.0.0.202411081344/tools/bin/../lib/gcc/arm-none-eabi/13.3.1/../../../../arm-none-eabi/lib/thumb/v7e-m+dp/hard\libc_nano.a(libc_a-readr.o)
                0x08015ffc                _read_r
 .text._write_r
                0x08016020       0x24 C:/ST/STM32CubeIDE_1.16.1/STM32CubeIDE/plugins/com.st.stm32cube.ide.mcu.externaltools.gnu-tools-for-stm32.13.3.rel1.win32_1.0.0.202411081344/tools/bin/../lib/gcc/arm-none-eabi/13.3.1/../../../../arm-none-eabi/lib/thumb/v7e-m+dp/hard\libc_nano.a(libc_a-writer.o)
                0x08016020                _write_r
 .text.__errno  0x08016044        0xc C:/ST/STM32CubeIDE_1.16.1/STM32CubeIDE/plugins/com.st.stm32cube.ide.mcu.externaltools.gnu-tools-for-stm32.13.3.rel1.win32_1.0.0.202411081344/tools/bin/../lib/gcc/arm-none-eabi/13.3.1/../../../../arm-none-eabi/lib/thumb/v7e-m+dp/hard\libc_nano.a(libc_a-errno.o)
                0x08016044                __errno
 .text.__libc_init_array
                0x08016050       0x48 C:/ST/STM32CubeIDE_1.16.1/STM32CubeIDE/plugins/com.st.stm32cube.ide.mcu.externaltools.gnu-tools-for-stm32.13.3.rel1.win32_1.0.0.202411081344/tools/bin/../lib/gcc/arm-none-eabi/13.3.1/../../../../arm-none-eabi/lib/thumb/v7e-m+dp/hard\libc_nano.a(libc_a-init.o)
                0x08016050                __libc_init_array
 .text.__retarget_lock_init_recursive
                0x08016098        0x2 C:/ST/STM32CubeIDE_1.16.1/STM32CubeIDE/plugins/com.st.stm32cube.ide.mcu.externaltools.gnu-tools-for-stm32.13.3.rel1.win32_1.0.0.202411081344/tools/bin/../lib/gcc/arm-none-eabi/13.3.1/../../../../arm-none-eabi/lib/thumb/v7e-m+dp/hard\libc_nano.a(libc_a-lock.o)
                0x08016098                __retarget_lock_init_recursive
 .text.__retarget_lock_acquire_recursive
                0x0801609a        0x2 C:/ST/STM32CubeIDE_1.16.1/STM32CubeIDE/plugins/com.st.stm32cube.ide.mcu.externaltools.gnu-tools-for-stm32.13.3.rel1.win32_1.0.0.202411081344/tools/bin/../lib/gcc/arm-none-eabi/13.3.1/../../../../arm-none-eabi/lib/thumb/v7e-m+dp/hard\libc_nano.a(libc_a-lock.o)
                0x0801609a                __retarget_lock_acquire_recursive
 .text.__retarget_lock_release_recursive
                0x0801609c        0x2 C:/ST/STM32CubeIDE_1.16.1/STM32CubeIDE/plugins/com.st.stm32cube.ide.mcu.externaltools.gnu-tools-for-stm32.13.3.rel1.win32_1.0.0.202411081344/tools/bin/../lib/gcc/arm-none-eabi/13.3.1/../../../../arm-none-eabi/lib/thumb/v7e-m+dp/hard\libc_nano.a(libc_a-lock.o)
                0x0801609c                __retarget_lock_release_recursive
 .text.memcpy   0x0801609e       0x1c C:/ST/STM32CubeIDE_1.16.1/STM32CubeIDE/plugins/com.st.stm32cube.ide.mcu.externaltools.gnu-tools-for-stm32.13.3.rel1.win32_1.0.0.202411081344/tools/bin/../lib/gcc/arm-none-eabi/13.3.1/../../../../arm-none-eabi/lib/thumb/v7e-m+dp/hard\libc_nano.a(libc_a-memcpy-stub.o)
                0x0801609e                memcpy
 *fill*         0x080160ba        0x2 
 .text._free_r  0x080160bc       0x94 C:/ST/STM32CubeIDE_1.16.1/STM32CubeIDE/plugins/com.st.stm32cube.ide.mcu.externaltools.gnu-tools-for-stm32.13.3.rel1.win32_1.0.0.202411081344/tools/bin/../lib/gcc/arm-none-eabi/13.3.1/../../../../arm-none-eabi/lib/thumb/v7e-m+dp/hard\libc_nano.a(libc_a-freer.o)
                0x080160bc                _free_r
 .text.sbrk_aligned
                0x08016150       0x44 C:/ST/STM32CubeIDE_1.16.1/STM32CubeIDE/plugins/com.st.stm32cube.ide.mcu.externaltools.gnu-tools-for-stm32.13.3.rel1.win32_1.0.0.202411081344/tools/bin/../lib/gcc/arm-none-eabi/13.3.1/../../../../arm-none-eabi/lib/thumb/v7e-m+dp/hard\libc_nano.a(libc_a-mallocr.o)
 .text._malloc_r
                0x08016194      0x100 C:/ST/STM32CubeIDE_1.16.1/STM32CubeIDE/plugins/com.st.stm32cube.ide.mcu.externaltools.gnu-tools-for-stm32.13.3.rel1.win32_1.0.0.202411081344/tools/bin/../lib/gcc/arm-none-eabi/13.3.1/../../../../arm-none-eabi/lib/thumb/v7e-m+dp/hard\libc_nano.a(libc_a-mallocr.o)
                0x08016194                _malloc_r
 .text.__malloc_lock
                0x08016294        0xc C:/ST/STM32CubeIDE_1.16.1/STM32CubeIDE/plugins/com.st.stm32cube.ide.mcu.externaltools.gnu-tools-for-stm32.13.3.rel1.win32_1.0.0.202411081344/tools/bin/../lib/gcc/arm-none-eabi/13.3.1/../../../../arm-none-eabi/lib/thumb/v7e-m+dp/hard\libc_nano.a(libc_a-mlock.o)
                0x08016294                __malloc_lock
 .text.__malloc_unlock
                0x080162a0        0xc C:/ST/STM32CubeIDE_1.16.1/STM32CubeIDE/plugins/com.st.stm32cube.ide.mcu.externaltools.gnu-tools-for-stm32.13.3.rel1.win32_1.0.0.202411081344/tools/bin/../lib/gcc/arm-none-eabi/13.3.1/../../../../arm-none-eabi/lib/thumb/v7e-m+dp/hard\libc_nano.a(libc_a-mlock.o)
                0x080162a0                __malloc_unlock
 .text.__ssputs_r
                0x080162ac       0xb6 C:/ST/STM32CubeIDE_1.16.1/STM32CubeIDE/plugins/com.st.stm32cube.ide.mcu.externaltools.gnu-tools-for-stm32.13.3.rel1.win32_1.0.0.202411081344/tools/bin/../lib/gcc/arm-none-eabi/13.3.1/../../../../arm-none-eabi/lib/thumb/v7e-m+dp/hard\libc_nano.a(libc_a-nano-svfprintf.o)
                0x080162ac                __ssputs_r
 *fill*         0x08016362        0x2 
 .text._svfprintf_r
                0x08016364      0x1f8 C:/ST/STM32CubeIDE_1.16.1/STM32CubeIDE/plugins/com.st.stm32cube.ide.mcu.externaltools.gnu-tools-for-stm32.13.3.rel1.win32_1.0.0.202411081344/tools/bin/../lib/gcc/arm-none-eabi/13.3.1/../../../../arm-none-eabi/lib/thumb/v7e-m+dp/hard\libc_nano.a(libc_a-nano-svfprintf.o)
                0x08016364                _svfiprintf_r
                0x08016364                _svfprintf_r
 .text.__sfputc_r
                0x0801655c       0x2e C:/ST/STM32CubeIDE_1.16.1/STM32CubeIDE/plugins/com.st.stm32cube.ide.mcu.externaltools.gnu-tools-for-stm32.13.3.rel1.win32_1.0.0.202411081344/tools/bin/../lib/gcc/arm-none-eabi/13.3.1/../../../../arm-none-eabi/lib/thumb/v7e-m+dp/hard\libc_nano.a(libc_a-nano-vfprintf.o)
 .text.__sfputs_r
                0x0801658a       0x24 C:/ST/STM32CubeIDE_1.16.1/STM32CubeIDE/plugins/com.st.stm32cube.ide.mcu.externaltools.gnu-tools-for-stm32.13.3.rel1.win32_1.0.0.202411081344/tools/bin/../lib/gcc/arm-none-eabi/13.3.1/../../../../arm-none-eabi/lib/thumb/v7e-m+dp/hard\libc_nano.a(libc_a-nano-vfprintf.o)
                0x0801658a                __sfputs_r
 *fill*         0x080165ae        0x2 
 .text._vfprintf_r
                0x080165b0      0x230 C:/ST/STM32CubeIDE_1.16.1/STM32CubeIDE/plugins/com.st.stm32cube.ide.mcu.externaltools.gnu-tools-for-stm32.13.3.rel1.win32_1.0.0.202411081344/tools/bin/../lib/gcc/arm-none-eabi/13.3.1/../../../../arm-none-eabi/lib/thumb/v7e-m+dp/hard\libc_nano.a(libc_a-nano-vfprintf.o)
                0x080165b0                _vfprintf_r
                0x080165b0                _vfiprintf_r
 .text._printf_common
                0x080167e0       0xda C:/ST/STM32CubeIDE_1.16.1/STM32CubeIDE/plugins/com.st.stm32cube.ide.mcu.externaltools.gnu-tools-for-stm32.13.3.rel1.win32_1.0.0.202411081344/tools/bin/../lib/gcc/arm-none-eabi/13.3.1/../../../../arm-none-eabi/lib/thumb/v7e-m+dp/hard\libc_nano.a(libc_a-nano-vfprintf_i.o)
                0x080167e0                _printf_common
 *fill*         0x080168ba        0x2 
 .text._printf_i
                0x080168bc      0x23c C:/ST/STM32CubeIDE_1.16.1/STM32CubeIDE/plugins/com.st.stm32cube.ide.mcu.externaltools.gnu-tools-for-stm32.13.3.rel1.win32_1.0.0.202411081344/tools/bin/../lib/gcc/arm-none-eabi/13.3.1/../../../../arm-none-eabi/lib/thumb/v7e-m+dp/hard\libc_nano.a(libc_a-nano-vfprintf_i.o)
                0x080168bc                _printf_i
 .text.__sflush_r
                0x08016af8      0x108 C:/ST/STM32CubeIDE_1.16.1/STM32CubeIDE/plugins/com.st.stm32cube.ide.mcu.externaltools.gnu-tools-for-stm32.13.3.rel1.win32_1.0.0.202411081344/tools/bin/../lib/gcc/arm-none-eabi/13.3.1/../../../../arm-none-eabi/lib/thumb/v7e-m+dp/hard\libc_nano.a(libc_a-fflush.o)
                0x08016af8                __sflush_r
 .text._fflush_r
                0x08016c00       0x50 C:/ST/STM32CubeIDE_1.16.1/STM32CubeIDE/plugins/com.st.stm32cube.ide.mcu.externaltools.gnu-tools-for-stm32.13.3.rel1.win32_1.0.0.202411081344/tools/bin/../lib/gcc/arm-none-eabi/13.3.1/../../../../arm-none-eabi/lib/thumb/v7e-m+dp/hard\libc_nano.a(libc_a-fflush.o)
                0x08016c00                _fflush_r
 .text._putc_r  0x08016c50       0x68 C:/ST/STM32CubeIDE_1.16.1/STM32CubeIDE/plugins/com.st.stm32cube.ide.mcu.externaltools.gnu-tools-for-stm32.13.3.rel1.win32_1.0.0.202411081344/tools/bin/../lib/gcc/arm-none-eabi/13.3.1/../../../../arm-none-eabi/lib/thumb/v7e-m+dp/hard\libc_nano.a(libc_a-putc.o)
                0x08016c50                _putc_r
 .text.__swbuf_r
                0x08016cb8       0x7c C:/ST/STM32CubeIDE_1.16.1/STM32CubeIDE/plugins/com.st.stm32cube.ide.mcu.externaltools.gnu-tools-for-stm32.13.3.rel1.win32_1.0.0.202411081344/tools/bin/../lib/gcc/arm-none-eabi/13.3.1/../../../../arm-none-eabi/lib/thumb/v7e-m+dp/hard\libc_nano.a(libc_a-wbuf.o)
                0x08016cb8                __swbuf_r
 .text.__swsetup_r
                0x08016d34       0xac C:/ST/STM32CubeIDE_1.16.1/STM32CubeIDE/plugins/com.st.stm32cube.ide.mcu.externaltools.gnu-tools-for-stm32.13.3.rel1.win32_1.0.0.202411081344/tools/bin/../lib/gcc/arm-none-eabi/13.3.1/../../../../arm-none-eabi/lib/thumb/v7e-m+dp/hard\libc_nano.a(libc_a-wsetup.o)
                0x08016d34                __swsetup_r
 .text.memmove  0x08016de0       0x34 C:/ST/STM32CubeIDE_1.16.1/STM32CubeIDE/plugins/com.st.stm32cube.ide.mcu.externaltools.gnu-tools-for-stm32.13.3.rel1.win32_1.0.0.202411081344/tools/bin/../lib/gcc/arm-none-eabi/13.3.1/../../../../arm-none-eabi/lib/thumb/v7e-m+dp/hard\libc_nano.a(libc_a-memmove.o)
                0x08016de0                memmove
 .text._sbrk_r  0x08016e14       0x20 C:/ST/STM32CubeIDE_1.16.1/STM32CubeIDE/plugins/com.st.stm32cube.ide.mcu.externaltools.gnu-tools-for-stm32.13.3.rel1.win32_1.0.0.202411081344/tools/bin/../lib/gcc/arm-none-eabi/13.3.1/../../../../arm-none-eabi/lib/thumb/v7e-m+dp/hard\libc_nano.a(libc_a-sbrkr.o)
                0x08016e14                _sbrk_r
 .text._realloc_r
                0x08016e34       0x5c C:/ST/STM32CubeIDE_1.16.1/STM32CubeIDE/plugins/com.st.stm32cube.ide.mcu.externaltools.gnu-tools-for-stm32.13.3.rel1.win32_1.0.0.202411081344/tools/bin/../lib/gcc/arm-none-eabi/13.3.1/../../../../arm-none-eabi/lib/thumb/v7e-m+dp/hard\libc_nano.a(libc_a-reallocr.o)
                0x08016e34                _realloc_r
 .text.__swhatbuf_r
                0x08016e90       0x4c C:/ST/STM32CubeIDE_1.16.1/STM32CubeIDE/plugins/com.st.stm32cube.ide.mcu.externaltools.gnu-tools-for-stm32.13.3.rel1.win32_1.0.0.202411081344/tools/bin/../lib/gcc/arm-none-eabi/13.3.1/../../../../arm-none-eabi/lib/thumb/v7e-m+dp/hard\libc_nano.a(libc_a-makebuf.o)
                0x08016e90                __swhatbuf_r
 .text.__smakebuf_r
                0x08016edc       0x78 C:/ST/STM32CubeIDE_1.16.1/STM32CubeIDE/plugins/com.st.stm32cube.ide.mcu.externaltools.gnu-tools-for-stm32.13.3.rel1.win32_1.0.0.202411081344/tools/bin/../lib/gcc/arm-none-eabi/13.3.1/../../../../arm-none-eabi/lib/thumb/v7e-m+dp/hard\libc_nano.a(libc_a-makebuf.o)
                0x08016edc                __smakebuf_r
 .text._fstat_r
                0x08016f54       0x24 C:/ST/STM32CubeIDE_1.16.1/STM32CubeIDE/plugins/com.st.stm32cube.ide.mcu.externaltools.gnu-tools-for-stm32.13.3.rel1.win32_1.0.0.202411081344/tools/bin/../lib/gcc/arm-none-eabi/13.3.1/../../../../arm-none-eabi/lib/thumb/v7e-m+dp/hard\libc_nano.a(libc_a-fstatr.o)
                0x08016f54                _fstat_r
 .text._isatty_r
                0x08016f78       0x20 C:/ST/STM32CubeIDE_1.16.1/STM32CubeIDE/plugins/com.st.stm32cube.ide.mcu.externaltools.gnu-tools-for-stm32.13.3.rel1.win32_1.0.0.202411081344/tools/bin/../lib/gcc/arm-none-eabi/13.3.1/../../../../arm-none-eabi/lib/thumb/v7e-m+dp/hard\libc_nano.a(libc_a-isattyr.o)
                0x08016f78                _isatty_r
 .text._malloc_usable_size_r
                0x08016f98       0x10 C:/ST/STM32CubeIDE_1.16.1/STM32CubeIDE/plugins/com.st.stm32cube.ide.mcu.externaltools.gnu-tools-for-stm32.13.3.rel1.win32_1.0.0.202411081344/tools/bin/../lib/gcc/arm-none-eabi/13.3.1/../../../../arm-none-eabi/lib/thumb/v7e-m+dp/hard\libc_nano.a(libc_a-msizer.o)
                0x08016f98                _malloc_usable_size_r
 .text.expf     0x08016fa8       0xe8 C:/ST/STM32CubeIDE_1.16.1/STM32CubeIDE/plugins/com.st.stm32cube.ide.mcu.externaltools.gnu-tools-for-stm32.13.3.rel1.win32_1.0.0.202411081344/tools/bin/../lib/gcc/arm-none-eabi/13.3.1/../../../../arm-none-eabi/lib/thumb/v7e-m+dp/hard\libm.a(libm_a-sf_exp.o)
                0x08016fa8                expf
 .text.logf     0x08017090       0xcc C:/ST/STM32CubeIDE_1.16.1/STM32CubeIDE/plugins/com.st.stm32cube.ide.mcu.externaltools.gnu-tools-for-stm32.13.3.rel1.win32_1.0.0.202411081344/tools/bin/../lib/gcc/arm-none-eabi/13.3.1/../../../../arm-none-eabi/lib/thumb/v7e-m+dp/hard\libm.a(libm_a-sf_log.o)
                0x08017090                logf
 .text.with_errnof
                0x0801715c       0x1c C:/ST/STM32CubeIDE_1.16.1/STM32CubeIDE/plugins/com.st.stm32cube.ide.mcu.externaltools.gnu-tools-for-stm32.13.3.rel1.win32_1.0.0.202411081344/tools/bin/../lib/gcc/arm-none-eabi/13.3.1/../../../../arm-none-eabi/lib/thumb/v7e-m+dp/hard\libm.a(libm_a-math_errf.o)
 .text.xflowf   0x08017178       0x16 C:/ST/STM32CubeIDE_1.16.1/STM32CubeIDE/plugins/com.st.stm32cube.ide.mcu.externaltools.gnu-tools-for-stm32.13.3.rel1.win32_1.0.0.202411081344/tools/bin/../lib/gcc/arm-none-eabi/13.3.1/../../../../arm-none-eabi/lib/thumb/v7e-m+dp/hard\libm.a(libm_a-math_errf.o)
 *fill*         0x0801718e        0x2 
 .text.__math_uflowf
                0x08017190        0xc C:/ST/STM32CubeIDE_1.16.1/STM32CubeIDE/plugins/com.st.stm32cube.ide.mcu.externaltools.gnu-tools-for-stm32.13.3.rel1.win32_1.0.0.202411081344/tools/bin/../lib/gcc/arm-none-eabi/13.3.1/../../../../arm-none-eabi/lib/thumb/v7e-m+dp/hard\libm.a(libm_a-math_errf.o)
                0x08017190                __math_uflowf
 .text.__math_may_uflowf
                0x0801719c        0xc C:/ST/STM32CubeIDE_1.16.1/STM32CubeIDE/plugins/com.st.stm32cube.ide.mcu.externaltools.gnu-tools-for-stm32.13.3.rel1.win32_1.0.0.202411081344/tools/bin/../lib/gcc/arm-none-eabi/13.3.1/../../../../arm-none-eabi/lib/thumb/v7e-m+dp/hard\libm.a(libm_a-math_errf.o)
                0x0801719c                __math_may_uflowf
 .text.__math_oflowf
                0x080171a8        0xc C:/ST/STM32CubeIDE_1.16.1/STM32CubeIDE/plugins/com.st.stm32cube.ide.mcu.externaltools.gnu-tools-for-stm32.13.3.rel1.win32_1.0.0.202411081344/tools/bin/../lib/gcc/arm-none-eabi/13.3.1/../../../../arm-none-eabi/lib/thumb/v7e-m+dp/hard\libm.a(libm_a-math_errf.o)
                0x080171a8                __math_oflowf
 .text.__math_divzerof